06-16 03:07:51.097   534   576 W AmazonProtectionLevel: Using stock call, please migrate to new permissions amazon.aosp.permission.INTERACT_ACROSS_USERS_FULL or com.amazon.permission.INTERACT_ACROSS_USERS_FULL for package com.amazon.ale
06-16 03:07:51.100   534   576 W AmazonProtectionLevel: Using stock call, please migrate to new permissions amazon.aosp.permission.INTERACT_ACROSS_USERS_FULL or com.amazon.permission.INTERACT_ACROSS_USERS_FULL for package com.amazon.dcp
06-16 03:07:51.100   534   576 W AmazonProtectionLevel: Using stock call, please migrate to new permissions amazon.aosp.permission.INTERACT_ACROSS_USERS_FULL or com.amazon.permission.INTERACT_ACROSS_USERS_FULL for package com.amazon.imp
06-16 03:07:51.109   534   576 W AmazonProtectionLevel: Using stock call, please migrate to new permissions amazon.aosp.permission.INTERACT_ACROSS_USERS_FULL or com.amazon.permission.INTERACT_ACROSS_USERS_FULL for package com.amazon.tv.settings.v2
06-16 03:07:51.120   534   576 W AmazonProtectionLevel: Using stock call, please migrate to new permissions amazon.aosp.permission.INTERACT_ACROSS_USERS_FULL or com.amazon.permission.INTERACT_ACROSS_USERS_FULL for package com.amazon.tv.csapp
06-16 03:07:51.124   534   576 W AmazonProtectionLevel: Using stock call, please migrate to new permissions amazon.aosp.permission.INTERACT_ACROSS_USERS_FULL or com.amazon.permission.INTERACT_ACROSS_USERS_FULL for package com.amazon.diode
06-16 03:07:51.126   534   576 W AmazonProtectionLevel: Using stock call, please migrate to new permissions amazon.aosp.permission.INTERACT_ACROSS_USERS_FULL or com.amazon.permission.INTERACT_ACROSS_USERS_FULL for package com.amazon.logan
06-16 03:07:51.131   534   576 W AmazonProtectionLevel: Using stock call, please migrate to new permissions amazon.aosp.permission.INTERACT_ACROSS_USERS_FULL or com.amazon.permission.INTERACT_ACROSS_USERS_FULL for package com.amazon.tahoe
06-16 03:07:51.136   534   576 W AmazonProtectionLevel: Using stock call, please migrate to new permissions amazon.aosp.permission.INTERACT_ACROSS_USERS_FULL or com.amazon.permission.INTERACT_ACROSS_USERS_FULL for package com.amazon.tcomm
06-16 03:07:51.152   534   576 W AmazonProtectionLevel: Using stock call, please migrate to new permissions amazon.aosp.permission.INTERACT_ACROSS_USERS_FULL or com.amazon.permission.INTERACT_ACROSS_USERS_FULL for package com.amazon.device.messaging
06-16 03:07:51.157   534   576 W AmazonProtectionLevel: Using stock call, please migrate to new permissions amazon.aosp.permission.INTERACT_ACROSS_USERS_FULL or com.amazon.permission.INTERACT_ACROSS_USERS_FULL for package com.amazon.ftv.profilepicker
06-16 03:07:51.160   534   576 W AmazonProtectionLevel: Using stock call, please migrate to new permissions amazon.aosp.permission.INTERACT_ACROSS_USERS_FULL or com.amazon.permission.INTERACT_ACROSS_USERS_FULL for package com.amazon.tv.devicecontrol
06-16 03:07:51.174   534   576 W AmazonProtectionLevel: Using stock call, please migrate to new permissions amazon.aosp.permission.INTERACT_ACROSS_USERS_FULL or com.amazon.permission.INTERACT_ACROSS_USERS_FULL for package com.amazon.client.metrics
06-16 03:07:51.180   534   576 W AmazonProtectionLevel: Using stock call, please migrate to new permissions amazon.aosp.permission.INTERACT_ACROSS_USERS_FULL or com.amazon.permission.INTERACT_ACROSS_USERS_FULL for package com.amazon.device.software.ota
06-16 03:07:51.186   534   576 W AmazonProtectionLevel: Using stock call, please migrate to new permissions amazon.aosp.permission.INTERACT_ACROSS_USERS_FULL or com.amazon.permission.INTERACT_ACROSS_USERS_FULL for package com.amazon.wifilocker
06-16 03:07:51.190   534   576 W AmazonProtectionLevel: Using stock call, please migrate to new permissions amazon.aosp.permission.INTERACT_ACROSS_USERS_FULL or com.amazon.permission.INTERACT_ACROSS_USERS_FULL for package com.amazon.whisperlink.core.android
06-16 03:07:51.213   534   576 W AmazonProtectionLevel: Using stock call, please migrate to new permissions amazon.aosp.permission.INTERACT_ACROSS_USERS_FULL or com.amazon.permission.INTERACT_ACROSS_USERS_FULL for package com.amazon.firebat
06-16 03:07:51.219   534   576 W AmazonProtectionLevel: Using stock call, please migrate to new permissions amazon.aosp.permission.INTERACT_ACROSS_USERS_FULL or com.amazon.permission.INTERACT_ACROSS_USERS_FULL for package com.amazon.providers.contentsupport
06-16 03:07:51.222   534   576 W AmazonProtectionLevel: Using stock call, please migrate to new permissions amazon.aosp.permission.INTERACT_ACROSS_USERS_FULL or com.amazon.permission.INTERACT_ACROSS_USERS_FULL for package com.amazon.device.crashmanager
06-16 03:07:51.226   534   576 W AmazonProtectionLevel: Using stock call, please migrate to new permissions amazon.aosp.permission.INTERACT_ACROSS_USERS_FULL or com.amazon.permission.INTERACT_ACROSS_USERS_FULL for package com.amazon.whisperplay.service.install
06-16 03:07:51.228   534   576 W AmazonProtectionLevel: Using stock call, please migrate to new permissions amazon.aosp.permission.INTERACT_ACROSS_USERS_FULL or com.amazon.permission.INTERACT_ACROSS_USERS_FULL for package com.amazon.tv.launcher
06-16 03:07:51.239   534   576 W AmazonProtectionLevel: Using stock call, please migrate to new permissions amazon.aosp.permission.INTERACT_ACROSS_USERS_FULL or com.amazon.permission.INTERACT_ACROSS_USERS_FULL for package com.amazon.device.software.ota.override
06-16 03:07:51.247   534   576 W AmazonProtectionLevel: Using stock call, please migrate to new permissions amazon.aosp.permission.INTERACT_ACROSS_USERS_FULL or com.amazon.permission.INTERACT_ACROSS_USERS_FULL for package com.amazon.communication.discovery
06-16 03:07:51.266   534   576 W AmazonProtectionLevel: Using stock call, please migrate to new permissions amazon.aosp.permission.INTERACT_ACROSS_USERS_FULL or com.amazon.permission.INTERACT_ACROSS_USERS_FULL for package com.amazon.device.lowstoragemanager
06-16 03:07:51.274   534   576 W AmazonProtectionLevel: Using stock call, please migrate to new permissions amazon.aosp.permission.INTERACT_ACROSS_USERS_FULL or com.amazon.permission.INTERACT_ACROSS_USERS_FULL for package com.amazon.katoch
06-16 03:07:51.506   534   576 W CleanUpDalvikCache: null object found, returning
06-16 03:07:51.519   534   576 I com.android.server.pm.ExternalInstallPackageManagerCallback: Installation succeeded for app com.fireairplay.receiver on internal storage. Return code:1
06-16 03:07:51.533   534   551 W BroadcastQueue: Background execution not allowed: receiving Intent { act=android.intent.action.PACKAGE_REMOVED (has data) flg=0x4000010 (has extras) } to com.amazon.venezia/com.amazon.juggler.settings.AppEventReceiver
06-16 03:07:51.533   534   551 W BroadcastQueue: Background execution not allowed: receiving Intent { act=android.intent.action.PACKAGE_REMOVED (has data) flg=0x4000010 (has extras) } to com.amazon.adep/.analyzers.PackageEventReceiver
06-16 03:07:51.545   534   551 W BroadcastQueue: Background execution not allowed: receiving Intent { act=android.intent.action.PACKAGE_REMOVED (has data) flg=0x4000010 (has extras) } to com.amazon.alexa.externalmediaplayer.fireos/com.amazon.alexa.externalmediaplayeragent.receivers.AgentServiceProxyingBroadcastReceiver
06-16 03:07:51.578   534   534 I AmazonInputSwitchService: Received package deletion event for com.fireairplay.receiver
06-16 03:07:51.582   534   534 W ContextImpl: Calling a method in the system process without a qualified user: android.app.ContextImpl.sendBroadcast:1064 com.amazon.android.service.pm.AmazonPackageManagerService$PackageInstalledOrRemovedReceiver.onReceive:109 android.app.LoadedApk$ReceiverDispatcher$Args.lambda$getRunnable$0:1422 android.app.-$$Lambda$LoadedApk$ReceiverDispatcher$Args$_BumDX2UKsnxLVrE6UJsJZkotuA.run:2 android.os.Handler.handleCallback:873 
06-16 03:07:51.592   534   545 W BroadcastQueue: Background execution not allowed: receiving Intent { act=android.intent.action.PACKAGE_REMOVED (has data) flg=0x4000010 (has extras) } to com.amazon.identity.auth.device.authorization/.appsync.PackageChangedReceiver
06-16 03:07:51.607   534   553 I ActivityManager: Start proc 22737:com.android.keychain/1000 for service com.android.keychain/.KeyChainService
06-16 03:07:51.635  1081  1081 W ContextImpl: Calling a method in the system process without a qualified user: android.app.ContextImpl.sendBroadcast:1064 android.content.ContextWrapper.sendBroadcast:449 com.amazon.media.recommendations.utils.RecommendationUtils.sendRowUpdateBroadcast:56 com.amazon.media.recommendations.utils.RecommendationUtils.sendRowUpdateBroadcast:39 com.amazon.media.recommendations.RecommendationManagerService.removeAllRecommendationsInternal:148 
06-16 03:07:51.635   534   545 I ActivityManager: Force stopping com.fireairplay.receiver appid=10107 user=0: from pid 22736
06-16 03:07:51.684   534  2068 W BroadcastQueue: Background execution not allowed: receiving Intent { act=android.intent.action.PACKAGE_REMOVED (has data) flg=0x4000010 (has extras) } to com.amazon.vizzini/com.amazon.alexa.androidapplicationagent.receivers.CommonServiceProxyingBroadcastReceiver
06-16 03:07:51.695   534   534 I AmazonInputSwitchService: Received package installation event for com.fireairplay.receiver
06-16 03:07:51.711   534   534 W ContextImpl: Calling a method in the system process without a qualified user: android.app.ContextImpl.sendBroadcast:1064 com.amazon.android.service.pm.AmazonPackageManagerService$PackageInstalledOrRemovedReceiver.onReceive:103 android.app.LoadedApk$ReceiverDispatcher$Args.lambda$getRunnable$0:1422 android.app.-$$Lambda$LoadedApk$ReceiverDispatcher$Args$_BumDX2UKsnxLVrE6UJsJZkotuA.run:2 android.os.Handler.handleCallback:873 
06-16 03:07:51.767   534   534 W Looper  : Slow delivery took 223ms main h=android.app.ActivityThread$H c=android.app.-$$Lambda$LoadedApk$ReceiverDispatcher$Args$_BumDX2UKsnxLVrE6UJsJZkotuA@77ec3cc m=0
06-16 03:07:51.772   534   534 E LoadedApk: Unable to instantiate appComponentFactory
06-16 03:07:51.772   534   534 E LoadedApk: java.lang.ClassNotFoundException: Didn't find class "androidx.core.app.CoreComponentFactory" on path: DexPathList[[],nativeLibraryDirectories=[/data/app/com.amazon.venezia-ZHuqLsvLdN9rdVbfufRVtA==/lib/arm, /data/app/com.amazon.venezia-ZHuqLsvLdN9rdVbfufRVtA==/base.apk!/lib/armeabi-v7a, /system/priv-app/MetricsApi/MetricsApi.apk!/lib/armeabi-v7a, /system/priv-app/MinervaApi/MinervaApi.apk!/lib/armeabi-v7a, /system/priv-app/DeviceMessagingAndroidInternalSDK/DeviceMessagingAndroidInternalSDK.apk!/lib/armeabi-v7a, /system/priv-app/DeviceSoftwareOTAContracts/DeviceSoftwareOTAContracts.apk!/lib/armeabi-v7a, /system/lib]]
06-16 03:07:51.772   534   534 E LoadedApk: 	at dalvik.system.BaseDexClassLoader.findClass(BaseDexClassLoader.java:134)
06-16 03:07:51.772   534   534 E LoadedApk: 	at java.lang.ClassLoader.loadClass(ClassLoader.java:379)
06-16 03:07:51.772   534   534 E LoadedApk: 	at java.lang.ClassLoader.loadClass(ClassLoader.java:312)
06-16 03:07:51.772   534   534 E LoadedApk: 	at android.app.LoadedApk.createAppFactory(LoadedApk.java:244)
06-16 03:07:51.772   534   534 E LoadedApk: 	at android.app.LoadedApk.updateApplicationInfo(LoadedApk.java:356)
06-16 03:07:51.772   534   534 E LoadedApk: 	at android.app.ActivityThread.handleDispatchPackageBroadcast(ActivityThread.java:5471)
06-16 03:07:51.772   534   534 E LoadedApk: 	at android.app.ActivityThread$H.handleMessage(ActivityThread.java:1764)
06-16 03:07:51.772   534   534 E LoadedApk: 	at android.os.Handler.dispatchMessage(Handler.java:106)
06-16 03:07:51.772   534   534 E LoadedApk: 	at android.os.Looper.loop(Looper.java:211)
06-16 03:07:51.772   534   534 E LoadedApk: 	at com.android.server.SystemServer.run(SystemServer.java:471)
06-16 03:07:51.772   534   534 E LoadedApk: 	at com.android.server.SystemServer.main(SystemServer.java:307)
06-16 03:07:51.772   534   534 E LoadedApk: 	at java.lang.reflect.Method.invoke(Native Method)
06-16 03:07:51.772   534   534 E LoadedApk: 	at com.android.internal.os.RuntimeInit$MethodAndArgsCaller.run(RuntimeInit.java:493)
06-16 03:07:51.772   534   534 E LoadedApk: 	at com.android.internal.os.ZygoteInit.main(ZygoteInit.java:838)
06-16 03:07:51.781   534   534 I AmazonInputSwitchService: Received package installation event for com.fireairplay.receiver
06-16 03:07:51.787   534   534 E LoadedApk: Unable to instantiate appComponentFactory
06-16 03:07:51.787   534   534 E LoadedApk: java.lang.ClassNotFoundException: Didn't find class "androidx.core.app.CoreComponentFactory" on path: DexPathList[[],nativeLibraryDirectories=[/data/app/com.amazon.venezia-ZHuqLsvLdN9rdVbfufRVtA==/lib/arm, /data/app/com.amazon.venezia-ZHuqLsvLdN9rdVbfufRVtA==/base.apk!/lib/armeabi-v7a, /system/priv-app/MetricsApi/MetricsApi.apk!/lib/armeabi-v7a, /system/priv-app/MinervaApi/MinervaApi.apk!/lib/armeabi-v7a, /system/priv-app/DeviceMessagingAndroidInternalSDK/DeviceMessagingAndroidInternalSDK.apk!/lib/armeabi-v7a, /system/priv-app/DeviceSoftwareOTAContracts/DeviceSoftwareOTAContracts.apk!/lib/armeabi-v7a, /system/lib]]
06-16 03:07:51.787   534   534 E LoadedApk: 	at dalvik.system.BaseDexClassLoader.findClass(BaseDexClassLoader.java:134)
06-16 03:07:51.787   534   534 E LoadedApk: 	at java.lang.ClassLoader.loadClass(ClassLoader.java:379)
06-16 03:07:51.787   534   534 E LoadedApk: 	at java.lang.ClassLoader.loadClass(ClassLoader.java:312)
06-16 03:07:51.787   534   534 E LoadedApk: 	at android.app.LoadedApk.createAppFactory(LoadedApk.java:244)
06-16 03:07:51.787   534   534 E LoadedApk: 	at android.app.LoadedApk.updateApplicationInfo(LoadedApk.java:356)
06-16 03:07:51.787   534   534 E LoadedApk: 	at android.app.ActivityThread.handleDispatchPackageBroadcast(ActivityThread.java:5471)
06-16 03:07:51.787   534   534 E LoadedApk: 	at android.app.ActivityThread$H.handleMessage(ActivityThread.java:1764)
06-16 03:07:51.787   534   534 E LoadedApk: 	at android.os.Handler.dispatchMessage(Handler.java:106)
06-16 03:07:51.787   534   534 E LoadedApk: 	at android.os.Looper.loop(Looper.java:211)
06-16 03:07:51.787   534   534 E LoadedApk: 	at com.android.server.SystemServer.run(SystemServer.java:471)
06-16 03:07:51.787   534   534 E LoadedApk: 	at com.android.server.SystemServer.main(SystemServer.java:307)
06-16 03:07:51.787   534   534 E LoadedApk: 	at java.lang.reflect.Method.invoke(Native Method)
06-16 03:07:51.787   534   534 E LoadedApk: 	at com.android.internal.os.RuntimeInit$MethodAndArgsCaller.run(RuntimeInit.java:493)
06-16 03:07:51.787   534   534 E LoadedApk: 	at com.android.internal.os.ZygoteInit.main(ZygoteInit.java:838)
06-16 03:07:51.789   534  2504 I ActivityManager: START u0 {act=android.intent.action.MAIN cat=[android.intent.category.LEANBACK_LAUNCHER] flg=0x10000000 cmp=com.fireairplay.receiver/.MainActivity} from uid 2000
06-16 03:07:51.797   534  2504 I AmazonProfileService: shouldAbortActivityStart() Package: xxx activity: xxx
06-16 03:07:51.812   534  2504 I AmazonProfileService: shouldAbortActivityStart() not aborted
06-16 03:07:51.991   534   553 I ActivityManager: Start proc 22765:com.fireairplay.receiver/u0a107 for activity com.fireairplay.receiver/.MainActivity
06-16 03:07:52.030   534   534 W Looper  : Drained
06-16 03:07:52.060   392   463 E storaged: getDiskStats failed with result NOT_SUPPORTED and size 0
06-16 03:07:52.248   534  2484 W AmazonProfileService: Active profile for the package xxx not present for customer Id xxx
06-16 03:07:52.253   534  2484 W AmazonProfileService: Active profile for the package xxx not present for customer Id xxx
06-16 03:07:52.284   534   950 W AmazonProfileService: Active profile for the package xxx not present for customer Id xxx
06-16 03:07:52.321   534   560 I AmazonProfileService: Sending broadcast as the package is a non-enabled app
06-16 03:07:52.458   534  2484 I ActivityManager: Process com.android.providers.downloads (pid 21843) has died: cch+3CEM 
06-16 03:07:52.498   534  2504 I ActivityManager: Process com.amazon.diode (pid 22148) has died: cch+3CEM 
06-16 03:07:52.564   534  2484 I ActivityManager: Process com.amazon.adep (pid 21269) has died: cch+3CEM 
06-16 03:07:52.702   534  2504 I ActivityManager: Process com.android.defcontainer (pid 22686) has died: cch+3CEM 
06-16 03:07:52.744   534  2504 I ActivityManager: Process com.android.keychain (pid 22737) has died: cch+2CEM 
06-16 03:07:52.777   534  2484 W BroadcastQueue: Background execution not allowed: receiving Intent { act=android.intent.action.PACKAGE_ADDED (has data) flg=0x4000010 (has extras) } to com.amazon.sync.service/com.amazon.sync.framework.receivers.ApplicationChangedReceiver
06-16 03:07:52.779   534   551 W BroadcastQueue: Background execution not allowed: receiving Intent { act=android.intent.action.PACKAGE_ADDED (has data) flg=0x4000010 (has extras) } to com.amazon.venezia/com.amazon.juggler.settings.AppEventReceiver
06-16 03:07:52.779   534   551 W BroadcastQueue: Background execution not allowed: receiving Intent { act=android.intent.action.PACKAGE_ADDED (has data) flg=0x4000010 (has extras) } to com.amazon.adep/.nimh.device.management.PackageStatusReceiver
06-16 03:07:52.780   534   551 W BroadcastQueue: Background execution not allowed: receiving Intent { act=android.intent.action.PACKAGE_ADDED (has data) flg=0x4000010 (has extras) } to com.amazon.alexa.externalmediaplayer.fireos/com.amazon.alexa.externalmediaplayeragent.receivers.AgentServiceProxyingBroadcastReceiver
06-16 03:07:52.785   534  2484 W BroadcastQueue: Background execution not allowed: receiving Intent { act=android.intent.action.PACKAGE_ADDED (has data) flg=0x4000010 (has extras) } to com.amazon.identity.auth.device.authorization/.appsync.PackageChangedReceiver
06-16 03:07:52.787   534   551 W BroadcastQueue: Background execution not allowed: receiving Intent { act=android.intent.action.PACKAGE_ADDED (has data) flg=0x4000010 (has extras) } to com.amazon.vizzini/com.amazon.alexa.androidapplicationagent.receivers.CommonServiceProxyingBroadcastReceiver
06-16 03:07:52.787   534   551 W BroadcastQueue: Background execution not allowed: receiving Intent { act=android.intent.action.PACKAGE_ADDED (has data) flg=0x4000010 (has extras) } to com.amazon.vizzini/amazon.speech.simclient.endpointstate.defaultvalue.DefaultStateTrigger
06-16 03:07:52.794   534  2504 W BroadcastQueue: Background execution not allowed: receiving Intent { act=android.intent.action.PACKAGE_ADDED (has data) flg=0x4000010 (has extras) } to com.svox.pico/.VoiceDataInstallerReceiver
06-16 03:07:52.812   534   553 I ActivityManager: Start proc 22797:com.amazon.adep/u0a67 for broadcast com.amazon.adep/.nimh.device.management.PackageStatusReceiver
06-16 03:07:52.834   370   370 I perfmonitord:StatUtil: CPUUtilization crossed 95%. Current - 99%
06-16 03:07:52.933   534  2484 I ActivityManager: Process com.android.proxyhandler (pid 22046) has died: cch+1CEM 
06-16 03:07:53.131   534  1041 E TaskPersister: File error accessing recents directory (directory doesn't exist?).
06-16 03:07:53.728   534  2489 W BroadcastQueue: Background execution not allowed: receiving Intent { act=android.intent.action.PACKAGE_REPLACED (has data) flg=0x4000010 (has extras) } to com.amazon.venezia/com.amazon.mas.client.locker.receiver.LockerSystemEventsBroadcastReceiver
06-16 03:07:53.730   534   551 W BroadcastQueue: Background execution not allowed: receiving Intent { act=android.intent.action.PACKAGE_REPLACED (has data) flg=0x4000010 (has extras) } to com.amazon.sync.service/com.amazon.sync.framework.receivers.ApplicationChangedReceiver
06-16 03:07:53.731   534   551 W BroadcastQueue: Background execution not allowed: receiving Intent { act=android.intent.action.PACKAGE_REPLACED (has data) flg=0x4000010 (has extras) } to com.amazon.identity.auth.device.authorization/.appsync.PackageChangedReceiver
06-16 03:07:53.731   534   551 W BroadcastQueue: Background execution not allowed: receiving Intent { act=android.intent.action.PACKAGE_REPLACED (has data) flg=0x4000010 (has extras) } to com.amazon.platform.fdrw/.PackageWhitelistingHandler
06-16 03:07:53.731   534   551 W BroadcastQueue: Background execution not allowed: receiving Intent { act=android.intent.action.PACKAGE_REPLACED (has data) flg=0x4000010 (has extras) } to com.amazon.tv.settings.v2/com.amazon.systemappuninstalllib.receiver.PackageReplacedReceiver
06-16 03:07:53.731   534   551 W BroadcastQueue: Background execution not allowed: receiving Intent { act=android.intent.action.PACKAGE_REPLACED (has data) flg=0x4000010 (has extras) } to com.amazon.venezia/com.amazon.mas.client.appupdateservice.PackageStateReceiver
06-16 03:07:53.731   534   551 W BroadcastQueue: Background execution not allowed: receiving Intent { act=android.intent.action.PACKAGE_REPLACED (has data) flg=0x4000010 (has extras) } to com.amazon.venezia/com.amazon.mas.client.install.background.AndroidPackageBroadcastReceiver
06-16 03:07:53.731   534   551 W BroadcastQueue: Background execution not allowed: receiving Intent { act=android.intent.action.PACKAGE_REPLACED (has data) flg=0x4000010 (has extras) } to com.amazon.venezia/com.amazon.mas.client.apps.AppManagerBroadcastReceiver
06-16 03:07:53.731   534   551 W BroadcastQueue: Background execution not allowed: receiving Intent { act=android.intent.action.PACKAGE_REPLACED (has data) flg=0x4000010 (has extras) } to com.amazon.vizzini/amazon.speech.simclient.endpointstate.defaultvalue.DefaultStateTrigger
06-16 03:07:53.763   534   553 I ActivityManager: Start proc 22844:com.android.proxyhandler/u0a8 for service com.fireos.arcus.proxy/.ArcusProxy
06-16 03:07:53.836   370   370 I perfmonitord:StatUtil: CPUUtilization now below 95%. Usage - 93%. Total milliseconds above threshold - 1000
06-16 03:07:54.017   534   553 I ActivityManager: Start proc 22880:com.amazon.alexa.externalmediaplayer.fireos/u0a69 for broadcast com.amazon.alexa.externalmediaplayer.fireos/com.amazon.alexa.externalmediaplayeragent.receivers.PackageUpdatedBroadcastReceiver
06-16 03:07:54.090   534  2489 I ActivityManager: Process com.amazon.adep (pid 22797) has died: cch+1CEM 
--------- beginning of main
06-16 03:07:54.492 21455 22757 I AmazonAppstore.AppManagerAndroidPackageDelegate: Received action : com.amazon.tv.action.PACKAGE_ADDED
06-16 03:07:54.492 21455 22757 I AmazonAppstore.AppManagerAndroidPackageDelegate: Inside canOptimisePostInstallFlow
06-16 03:07:54.499 22880 22930 I ...ntity.auth.device.ge: Creating new DataStorageFactoryImpl
06-16 03:07:54.499 22880 22930 I ...ntity.auth.device.dq: Get DataStorage instance for initialization
06-16 03:07:54.500 22880 22930 I ...ntity.auth.device.ge: Initializing new DataStorage
06-16 03:07:54.502 22880 22930 I ...ntity.auth.device.bc: Setting device attribute CentralAPK to true
06-16 03:07:54.502 22880 22930 I ...ntity.auth.device.ge: Creating and using new NonCanonicalDataStorage
06-16 03:07:54.502 22880 22930 I ...ntity.auth.device.gm: Create DE shared preference, OS supports direct boot.
06-16 03:07:54.509 22880 22880 I ...ediaplayer.fireos/mo: Using the FireOSPlatformDCPMetricsCollector
06-16 03:07:54.510 22880 22930 I ...ntity.auth.device.dq: Initialize DataStorage instance
06-16 03:07:54.510 22880 22930 I ...ntity.auth.device.dq: Setup DataStorage instance
06-16 03:07:54.514 22880 22930 I ...ntity.auth.device.gm: Create DE shared preference, OS supports direct boot.
06-16 03:07:54.540 22880 22930 I ...ntity.auth.device.dq: Start update legacy authportal domain in database if needed
06-16 03:07:54.546 22880 22880 I ...ntity.auth.device.gm: Create DE shared preference, OS supports direct boot.
06-16 03:07:54.575 22880 22880 I FLOGGLE_FlagRetrieverCoordinator: getFlagValue(), retrieving com.amazon.alexa.flexiblemetrics.minerva.flagdefinitions.WeblabMinervaMetricFlag from CachingFlagRetriever_WeblabDataSource
06-16 03:07:54.576 22880 22880 I WeblabMinervaMetricFlag: Accessing Minerva Weblab.  Treatment: 1
06-16 03:07:54.585   534  2482 I ActivityManager: Process com.android.proxyhandler (pid 22844) has died: cch+1CEM 
06-16 03:07:54.590   290   290 I Zygote  : Process 22844 exited due to signal 9 (Killed)
06-16 03:07:54.598   534  2489 E WindowManager: App trying to use insecure INPUT_FEATURE_NO_INPUT_CHANNEL flag. Ignoring
06-16 03:07:54.623   534  2489 I AmazonProfileService: Event is not filtered because it is not in filter key list.
06-16 03:07:54.625 22880 22880 I ServiceConnectionManager: Attempting to bind service, setting context => com.amazon.alexa.externalmediaplayeragent.ExternalMediaPlayerAgentService@4a024fb
06-16 03:07:54.634   534   633 I chatty  : uid=1000(system) InputDispatcher expire 1 line
06-16 03:07:54.651 22880 22880 I EMP_1.0.29753.0_ExternalMediaPlayerAgent: Instantiating agent.
06-16 03:07:54.651 22880 22880 I EMP_1.0.29753.0_ExternalMediaPlayerAgent: Initializing agent.
06-16 03:07:54.652 22880 22880 I EMP_1.0.29753.0_ExternalMediaPlayerAgentServiceStartTypeManager: Scheduling switch to non-sticky after a delay of [60000] ms.
06-16 03:07:54.652 22880 22942 I EMP_1.0.29753.0_PlayerStorage: Deserializing package state.
06-16 03:07:54.668   319   319 W IMGMemtrackHAL: hal_get_memory: memtrack cache rebuild was required
06-16 03:07:54.758 22880 22942 I EMP_1.0.29753.0_DeviceContextManager: Add device context for namespace: [Alexa.PlaybackStateReporter], name: [playbackState], payload: [[REDACTED]]
06-16 03:07:54.758 21455 22757 I AmazonAppstore.BasicDeviceInspector: getDeviceType() called, isChildDeviceTypeUsed = false
06-16 03:07:54.760 22880 22942 W EMP_1.0.29753.0_BaseQueueRequest: UpdateDeviceContextQueueRequest: Not connected to CSM service, will retry. Request (0). Retry number (0).
06-16 03:07:54.760 22880 22942 I SPCH-QueueRequest: Retrying request (0) with a delay of (2000) ms
06-16 03:07:54.767 21455 22757 W Settings: Setting android_id has moved from android.provider.Settings.System to android.provider.Settings.Secure, returning read-only value.
06-16 03:07:54.767 21455 22757 I AmazonAppstore.AccountSummaryProviderImpl: isAccountPrepared(null) - using H:a12572192c6a5fba221de1fa031d10d4
06-16 03:07:54.768 21455 22757 I AmazonAppstore.AccountSummaryProviderImpl: isAccountPrepared() - using H:a12572192c6a5fba221de1fa031d10d4, returning true
06-16 03:07:54.769 21455 21800 I com.amazon.venezia/LocalKeyValueStore: Create DE shared preference, OS supports direct boot.
06-16 03:07:54.772 21455 21800 I com.amazon.venezia/AmazonSerialNumber: MAP Client side on FireOS 7+ calls IPC to get the DSN.
06-16 03:07:54.772 21455 21800 I com.amazon.venezia/LocalKeyValueStore: Create DE shared preference, OS supports direct boot.
06-16 03:07:54.788 22880 22942 I EMP_1.0.29753.0_DeviceContextManager: Add device context for namespace: [ExternalMediaPlayer], name: [ExternalMediaPlayerState], payload: [[REDACTED]]
06-16 03:07:54.788 22880 22942 I SPCH-RequestQueue: Request (0) is already running, returning.
06-16 03:07:54.789 22880 22942 I EMP_1.0.29753.0_PlayerStorage: Reconnecting to "Spotify:ESDK".
06-16 03:07:54.789 22880 22942 I EMP_1.0.29753.0_PlayerClient: No existing MediaController to reuse.
06-16 03:07:54.793 22880 22941 I EMP_1.0.29753.0_MediaControllerCreationAttempt: Attempting to connect to MediaBrowserService ComponentInfo{com.amazon.alexamediaplayer.runtime.ftv/com.amazon.spotify.mediabrowserservice.SpotifyMediaBrowserService}.
06-16 03:07:54.803 22880 22942 I EMP_1.0.29753.0_DeviceContextManager: Add device context for namespace: [Alexa.PlaybackStateReporter], name: [playbackState], payload: [[REDACTED]]
06-16 03:07:54.803 22880 22942 I SPCH-RequestQueue: Request (0) is already running, returning.
06-16 03:07:54.805 22880 22942 I EMP_1.0.29753.0_DeviceContextManager: Add device context for namespace: [ExternalMediaPlayer], name: [ExternalMediaPlayerState], payload: [[REDACTED]]
06-16 03:07:54.805 22880 22942 I SPCH-RequestQueue: Request (0) is already running, returning.
06-16 03:07:54.805 22880 22942 I EMP_1.0.29753.0_PlayerStorage: Reconnecting to "AMAZON_MUSIC_FIRE_TV".
06-16 03:07:54.805 22880 22942 I EMP_1.0.29753.0_PlayerClient: No existing MediaController to reuse.
06-16 03:07:54.806 22880 22941 I EMP_1.0.29753.0_MediaControllerCreationAttempt: Attempting to connect to MediaBrowserService ComponentInfo{com.amazon.bueller.music/com.amazon.music.media.playback.MediaBrowserService}.
06-16 03:07:54.811 22880 22942 I EMP_1.0.29753.0_DeviceContextManager: Add device context for namespace: [Alexa.PlaybackStateReporter], name: [playbackState], payload: [[REDACTED]]
06-16 03:07:54.811 22880 22942 I SPCH-RequestQueue: Request (0) is already running, returning.
06-16 03:07:54.812  1195  1725 I com.amazon.imp/TokenJobQueue[0]: Begin executing task GetToken:com.amazon.dcp.sso.token.oauth.amazon.access_token
06-16 03:07:54.812  1195  1725 I com.amazon.imp/TokenJobQueue[0]: Scheduled running concurrent job GetToken:com.amazon.dcp.sso.token.oauth.amazon.access_token.
06-16 03:07:54.812  1195 22666 I com.amazon.imp/TokenJobQueue[0]: Finish executing task GetToken:com.amazon.dcp.sso.token.oauth.amazon.access_token.
06-16 03:07:54.813 22880 22942 I EMP_1.0.29753.0_DeviceContextManager: Add device context for namespace: [ExternalMediaPlayer], name: [ExternalMediaPlayerState], payload: [[REDACTED]]
06-16 03:07:54.813   534   553 I ActivityManager: Start proc 22945:com.amazon.alexamediaplayer.runtime.ftv:smbs/u0a70 for service com.amazon.alexamediaplayer.runtime.ftv/com.amazon.spotify.mediabrowserservice.SpotifyMediaBrowserService
06-16 03:07:54.813 22880 22942 I SPCH-RequestQueue: Request (0) is already running, returning.
06-16 03:07:54.813 22880 22942 I EMP_1.0.29753.0_DeviceContextManager: Removing device context for namespace: [Alexa.PlaybackStateReporter], name: [PlaybackState] 
06-16 03:07:54.814 22880 22942 I SPCH-RequestQueue: Request (0) is already running, returning.
06-16 03:07:54.814 22880 22942 I EMP_1.0.29753.0_PlayerStorage: Finished deserializing package state.
06-16 03:07:54.814 22880 22942 I EMP_1.0.29753.0_DiscoveryAgent: Discovering compatible players on the device.
06-16 03:07:54.823 22880 22880 I EMP_1.0.29753.0_ClusterManager: initialize whas client
06-16 03:07:54.827 22945 22945 I chatty  : uid=10070 com.amazon.alexamediaplayer.runtime.ftv:smbs expire 35 lines
06-16 03:07:54.831 22880 22880 E WholeHomeAudioServiceClient: Failed to bind to WHAS
06-16 03:07:54.832 22880 22880 I EMP_1.0.29753.0_ExternalMediaPlayerAgentService: Initializing EMP notification
06-16 03:07:54.838   370   370 I perfmonitord:StatUtil: CPUUtilization crossed 95%. Current - 98%
06-16 03:07:54.842 22880 22880 I EMP_1.0.29753.0_ExternalMediaPlayerAgentService: Starting EMP Agent as a foreground service.
06-16 03:07:54.845 22880 22880 I EMP_1.0.29753.0_ExternalMediaPlayerAgent: handleIntent: com.amazon.alexa.android.intent.action.PACKAGE_REMOVED
06-16 03:07:54.858   534   553 I ActivityManager: Start proc 22959:com.amazon.bueller.music/u0a75 for service com.amazon.bueller.music/com.amazon.music.media.playback.MediaBrowserService
06-16 03:07:54.885 22959 22959 E n.bueller.musi: Not starting debugger since process cannot load the jdwp agent.
06-16 03:07:54.895 22880 22935 E System  : TRACE Starting certificate trust
06-16 03:07:54.934 22765 22936 I chatty  : uid=10107(com.fireairplay.receiver) RenderThread expire 3 lines
06-16 03:07:54.964 22880 22942 W EMP_1.0.29753.0_PlayerMetadataFactory: Defaults service com.amazon.spotify.mediabrowserservice.SpotifyMediaBrowserService version 2.0 to use PlayerMetadataV1
06-16 03:07:55.045 22765 22974 I chatty  : uid=10107(com.fireairplay.receiver) ConnectivityThr expire 1 line
06-16 03:07:55.068 22945 22945 E LoadedApk: Unable to instantiate appComponentFactory
06-16 03:07:55.068 22945 22945 E LoadedApk: java.lang.ClassNotFoundException: Didn't find class "com.amazon.alexamediaplayer.runtime.ftv.androidx" on path: DexPathList[[zip file "/system/framework/org.apache.http.legacy.boot.jar", zip file "/system/priv-app/MetricsApi/MetricsApi.apk", zip file "/system/priv-app/MinervaApi/MinervaApi.apk", zip file "/system/framework/FireOSPhoenixSDKNeoJavaServiceApi.jar", zip file "/system/framework/com.amazon.identity.auth.device.jar", zip file "/data/app/com.amazon.alexamediaplayer.runtime.ftv-vA6TUIoqRP0abhcKAEJ8ew==/base.apk"],nativeLibraryDirectories=[/data/app/com.amazon.alexamediaplayer.runtime.ftv-vA6TUIoqRP0abhcKAEJ8ew==/lib/arm, /data/app/com.amazon.alexamediaplayer.runtime.ftv-vA6TUIoqRP0abhcKAEJ8ew==/base.apk!/lib/armeabi-v7a, /system/lib]]
06-16 03:07:55.068 22945 22945 E LoadedApk: 	at dalvik.system.BaseDexClassLoader.findClass(BaseDexClassLoader.java:134)
06-16 03:07:55.068 22945 22945 E LoadedApk: 	at java.lang.ClassLoader.loadClass(ClassLoader.java:379)
06-16 03:07:55.068 22945 22945 E LoadedApk: 	at java.lang.ClassLoader.loadClass(ClassLoader.java:312)
06-16 03:07:55.068 22945 22945 E LoadedApk: 	at android.app.LoadedApk.createAppFactory(LoadedApk.java:244)
06-16 03:07:55.068 22945 22945 E LoadedApk: 	at android.app.LoadedApk.createOrUpdateClassLoaderLocked(LoadedApk.java:749)
06-16 03:07:55.068 22945 22945 E LoadedApk: 	at android.app.LoadedApk.getClassLoader(LoadedApk.java:828)
06-16 03:07:55.068 22945 22945 E LoadedApk: 	at android.app.LoadedApk.getResources(LoadedApk.java:1062)
06-16 03:07:55.068 22945 22945 E LoadedApk: 	at android.app.ContextImpl.createAppContext(ContextImpl.java:2397)
06-16 03:07:55.068 22945 22945 E LoadedApk: 	at android.app.ActivityThread.handleBindApplication(ActivityThread.java:5842)
06-16 03:07:55.068 22945 22945 E LoadedApk: 	at android.app.ActivityThread.access$1200(ActivityThread.java:208)
06-16 03:07:55.068 22945 22945 E LoadedApk: 	at android.app.ActivityThread$H.handleMessage(ActivityThread.java:1674)
06-16 03:07:55.068 22945 22945 E LoadedApk: 	at android.os.Handler.dispatchMessage(Handler.java:106)
06-16 03:07:55.068 22945 22945 E LoadedApk: 	at android.os.Looper.loop(Looper.java:211)
06-16 03:07:55.068 22945 22945 E LoadedApk: 	at android.app.ActivityThread.main(ActivityThread.java:6777)
06-16 03:07:55.068 22945 22945 E LoadedApk: 	at java.lang.reflect.Method.invoke(Native Method)
06-16 03:07:55.068 22945 22945 E LoadedApk: 	at com.android.internal.os.RuntimeInit$MethodAndArgsCaller.run(RuntimeInit.java:493)
06-16 03:07:55.068 22945 22945 E LoadedApk: 	at com.android.internal.os.ZygoteInit.main(ZygoteInit.java:858)
06-16 03:07:55.079 22880 22942 I EMP_1.0.29753.0_DiscoveryAgent: Found [2] players.
06-16 03:07:55.081 22880 22942 I EMP_1.0.29753.0_DiscoveryAgent: Package 'com.amazon.alexamediaplayer.runtime.ftv' already authorized.
06-16 03:07:55.081 22880 22942 I EMP_1.0.29753.0_DiscoveryAgent: Package 'com.amazon.bueller.music' already authorized.
06-16 03:07:55.081 22880 22880 I EMP_1.0.29753.0_DiscoveryAgent: Discovering compatible players on the device.
06-16 03:07:55.087 22765 22978 I chatty  : uid=10107(com.fireairplay.receiver) DefaultDispatch expire 2 lines
06-16 03:07:55.087 22880 22880 W EMP_1.0.29753.0_PlayerMetadataFactory: Defaults service com.amazon.spotify.mediabrowserservice.SpotifyMediaBrowserService version 2.0 to use PlayerMetadataV1
06-16 03:07:55.093 22880 22880 I EMP_1.0.29753.0_DiscoveryAgent: Found [2] players.
06-16 03:07:55.094 22765 22765 I chatty  : uid=10107(com.fireairplay.receiver) expire 13 lines
06-16 03:07:55.094 22880 22880 I EMP_1.0.29753.0_DiscoveryAgent: Package 'com.amazon.alexamediaplayer.runtime.ftv' already authorized.
06-16 03:07:55.094 22880 22880 I EMP_1.0.29753.0_DiscoveryAgent: Package 'com.amazon.bueller.music' already authorized.
06-16 03:07:55.106 21455 21465 W .amazon.venezi: Suspending all threads took: 14.872ms
06-16 03:07:55.113 22880 22880 I SPCH-BaseClient: onBind(), serviceClass => IAlexaFocusContract isSuccess => true
06-16 03:07:55.114 22880 22880 I SPCH-BaseClient: onBind(), serviceClass => IDeviceContextContract isSuccess => true
06-16 03:07:55.115 22880 22880 I SPCH-BaseClient: onBind(), serviceClass => ISimClientEventServer isSuccess => true
06-16 03:07:55.122 22880 22880 I SPCH-BaseClient: onBind(), serviceClass => ISimClientDirectiveServer isSuccess => true
06-16 03:07:55.124 22880 22880 I EMP_1.0.29753.0_ClusterManager: onServiceConnected: Getting Cluster Data
06-16 03:07:55.124 22880 22880 I WholeHomeAudioServiceClient: getClusterData requested
06-16 03:07:55.125 22880 22880 I EMP_1.0.29753.0_ExternalMediaPlayerAgentService: Starting EMP Agent as a foreground service.
06-16 03:07:55.126 22880 22952 I WholeHomeAudioServiceClient: handling message: { when=-1ms what=0 obj=com.amazon.whad.api.GetClusterDataCall@6f1855c target=com.amazon.whad.api.WholeHomeAudioServiceClient$WHASAPIHandler isAsync=false }
06-16 03:07:55.127 22880 22880 I EMP_1.0.29753.0_ExternalMediaPlayerAgent: handleIntent: com.amazon.alexa.android.intent.action.PACKAGE_ADDED
06-16 03:07:55.131 22880 22880 I EMP_1.0.29753.0_DiscoveryAgent: Discovering compatible players on the device.
06-16 03:07:55.139 22880 22880 W EMP_1.0.29753.0_PlayerMetadataFactory: Defaults service com.amazon.spotify.mediabrowserservice.SpotifyMediaBrowserService version 2.0 to use PlayerMetadataV1
06-16 03:07:55.140   534   908 I chatty  : uid=1000(system) Binder:534_4 expire 1 line
06-16 03:07:55.147 22880 22952 I EMP_1.0.29753.0_ClusterManager: processClusterDataArray
06-16 03:07:55.147 22880 22952 I EMP_1.0.29753.0_ClusterManager: Processing cluster Everywhere
06-16 03:07:55.147 22880 22952 I EMP_1.0.29753.0_ClusterManager: Processing cluster Dormitorio
06-16 03:07:55.157 22880 22880 I EMP_1.0.29753.0_DiscoveryAgent: Found [2] players.
06-16 03:07:55.157 22880 22880 I EMP_1.0.29753.0_DiscoveryAgent: Package 'com.amazon.alexamediaplayer.runtime.ftv' already authorized.
06-16 03:07:55.157 22880 22880 I EMP_1.0.29753.0_DiscoveryAgent: Package 'com.amazon.bueller.music' already authorized.
06-16 03:07:55.167  1937  1963 I chatty  : uid=10163(com.amazon.vizzini) Binder:1937_1 expire 4 lines
06-16 03:07:55.177 21455 21800 E System  : TRACE Starting certificate trust
06-16 03:07:55.182  1937  2372 I chatty  : uid=10163(com.amazon.vizzini) Binder:1937_4 expire 11 lines
06-16 03:07:55.184 22988 22988 E com.amazon.ade: Not starting debugger since process cannot load the jdwp agent.
06-16 03:07:55.198 22945 22996 I chatty  : uid=10070(com.amazon.alexamediaplayer.runtime.ftv) pool-1-thread-1 expire 1 line
06-16 03:07:55.200   215   215 E lowmemorykiller: Error opening /proc/23002/oom_score_adj; errno=13
06-16 03:07:55.189   215   215 W lmkd    : type=1400 audit(0.0:734): avc: denied { write } for name="oom_score_adj" dev="proc" ino=967954 scontext=u:r:lmkd:s0 tcontext=u:r:init:s0 tclass=file permissive=0
06-16 03:07:55.220   534   553 W ActivityManager: Slow operation: 82ms so far, now at startProcess: done updating battery stats
06-16 03:07:55.221   534   553 W ActivityManager: Slow operation: 82ms so far, now at startProcess: building log message
06-16 03:07:55.221   534   553 I ActivityManager: Start proc 22988:com.amazon.adep/u0a67 for broadcast com.amazon.adep/.nimh.device.management.SecurityEventReceiver
06-16 03:07:55.221   534   553 W ActivityManager: Slow operation: 82ms so far, now at startProcess: starting to update pids map
06-16 03:07:55.221   534   553 W ActivityManager: Slow operation: 82ms so far, now at startProcess: done updating pids map
06-16 03:07:55.254  1081  2393 W SALE_PackageManagerUtil: Notification sender app name is missing fetching it from package manager
06-16 03:07:55.276   319   319 W IMGMemtrackHAL: hal_get_memory: memtrack cache rebuild was required
06-16 03:07:55.297   534   553 I ActivityManager: Start proc 23013:com.android.proxyhandler/u0a8 for service com.fireos.arcus.proxy/.ArcusProxy
06-16 03:07:55.326 22988 22988 I com.amazon.ade: The ClassLoaderContext is a special shared library.
06-16 03:07:55.334 23013 23013 E id.proxyhandle: Not starting debugger since process cannot load the jdwp agent.
06-16 03:07:55.338 22988 22988 I com.amazon.ade: The ClassLoaderContext is a special shared library.
06-16 03:07:55.343 22988 22988 W com.amazon.ade: ClassLoaderContext classpath size mismatch for position 0. expected=0, found=2 (PCL[] | PCL[/system/framework/com.amazon.ceviche.sdk.jar*686355131:/system/framework/com.amazon.identity.auth.device.jar*3513967652])
06-16 03:07:55.386 23013 23013 I id.proxyhandle: The ClassLoaderContext is a special shared library.
06-16 03:07:55.452 22959 22959 W n.bueller.musi: Class com.amazon.identity.auth.device.a1 failed lock verification and will run slower.
06-16 03:07:55.452 22959 22959 W n.bueller.musi: Common causes for lock verification issues are non-optimized dex code
06-16 03:07:55.452 22959 22959 W n.bueller.musi: and incorrect proguard optimizations.
06-16 03:07:55.498 22765 22936 I chatty  : uid=10107(com.fireairplay.receiver) RenderThread expire 5 lines
06-16 03:07:55.781 22959 22959 W com.amazon.bueller.music/MetricsHelper: FireOS Minerva metrics not supported
06-16 03:07:55.971 21455 22757 W AmazonAppstore.AppManagerAndroidPackageDelegate: Unable to determine asin for package, skipping metadata update.
06-16 03:07:56.007 22959 22959 W com.amazon.bueller.music/MetricsHelper: FireOS Metrics component is not integrated. Please integrate with latest metrics component.
06-16 03:07:56.010 22959 22959 W com.amazon.bueller.music/MetricsHelper: ThirdParty DCP metrics not supported
06-16 03:07:56.054 22959 23061 E com.amazon.bueller.music/PlatformUtils: Could not initialize FidoAuthenticatorJSBridge because Fido client could not be initialized
06-16 03:07:56.088 22959 23061 W com.amazon.bueller.music/WhatsAppAutoreadPluginHelper: WhatsAppAutoreadPlugin is not supported for this package: com.amazon.bueller.music
06-16 03:07:56.209 22880 22891 I iaplayer.fireo: Background concurrent copying GC freed 48977(3MB) AllocSpace objects, 19(524KB) LOS objects, 50% free, 2MB/4MB, paused 199us total 141.033ms
06-16 03:07:56.284  1081  1081 I SaleDatabase: calling notifyChange for (content://com.amazon.device.sale.provider/notification)
06-16 03:07:56.292   327 21046 I Node    : dolby-audio-meter, AdapterPcmSystem adapter audio meter: channel 0; audio level: 0.019
06-16 03:07:56.292   327 21046 I Node    : dolby-audio-meter, AdapterPcmSystem adapter audio meter: channel 1; audio level: 0.019
06-16 03:07:56.292   327 21046 I Node    : dolby-audio-meter, AdapterPcmOut adapter audio meter: channel 0; audio level: 0.984
06-16 03:07:56.292   327 21046 I Node    : dolby-audio-meter, AdapterPcmOut adapter audio meter: channel 1; audio level: 0.984
06-16 03:07:56.367 22765 22987 I chatty  : uid=10107(com.fireairplay.receiver) NsdManager expire 3 lines
06-16 03:07:56.390   534   560 I chatty  : uid=1000(system) android.display expire 1 line
06-16 03:07:56.514   534   560 W AmazonProfileService: Active profile for the package xxx not present for customer Id xxx
06-16 03:07:56.530  1195  1784 I com.amazon.imp/SSODeviceInfo[0]: Amazon Device Info will try to get central device serial
06-16 03:07:56.530  1195  1784 I com.amazon.imp/AmazonDeviceSecurityFactoryImpl[0]: Use device hardware auth.
06-16 03:07:56.776  2814  2814 I AppLifecycleListener: went background Activities: 0
06-16 03:07:56.776  2814  2907 I BuellerApplication: onBecameBackground
06-16 03:07:56.776  2814  2907 I DiskCleanupTask: Going to check cache and database directory size...
06-16 03:07:56.777  2814  2907 I DiskCleanupTask: Checking cache directory...
06-16 03:07:56.777  2814  2814 I FeaturedRotatorVie@1536: onStop
06-16 03:07:56.779  2814  2814 I SceneNodePresenter: SceneNodePresenter onStop() is called by class com.amazon.tv.launcher.ui.sceneflow.presenters.model1.MBMiniDetailsNodePresenterDI
06-16 03:07:56.779  2814 22641 I FrameworkUtils: isAmbientOn=false, isAmbientCheckOn=true
06-16 03:07:56.779  2814  2814 I SceneNodePresenter: SceneNodePresenter onStop() is called by class com.amazon.tv.launcher.ui.sceneflow.presenters.model1.MBBackgroundImageNodePresenterDI
06-16 03:07:56.808 22959 23066 I n.bueller.musi: Rejecting re-init on previously-failed class java.lang.Class<com.amazon.identity.auth.device.r6$a>: java.lang.NoClassDefFoundError: Failed resolution of: Lcom/amazon/identity/mobi/lwasso/api/LWASSODependency;
06-16 03:07:56.808 22959 23066 I n.bueller.musi:   at void com.amazon.identity.auth.device.h7.a() (DCP:77)
06-16 03:07:56.808 22959 23066 I n.bueller.musi:   at void com.amazon.identity.auth.device.api.MAPInit$2.run() (DCP:12)
06-16 03:07:56.808 22959 23066 I n.bueller.musi:   at void com.amazon.identity.auth.device.wc$a.run() (DCP:5)
06-16 03:07:56.808 22959 23066 I n.bueller.musi:   at void java.util.concurrent.ThreadPoolExecutor.runWorker(java.util.concurrent.ThreadPoolExecutor$Worker) (ThreadPoolExecutor.java:1167)
06-16 03:07:56.808 22959 23066 I n.bueller.musi:   at void java.util.concurrent.ThreadPoolExecutor$Worker.run() (ThreadPoolExecutor.java:641)
06-16 03:07:56.808 22959 23066 I n.bueller.musi:   at void java.lang.Thread.run() (Thread.java:764)
06-16 03:07:56.808 22959 23066 I n.bueller.musi: Caused by: java.lang.ClassNotFoundException: Didn't find class "com.amazon.identity.mobi.lwasso.api.LWASSODependency" on path: DexPathList[[zip file "/data/app/com.amazon.bueller.music-e0n5--CE6jjU1p2O2gAXrw==/base.apk"],nativeLibraryDirectories=[/data/app/com.amazon.bueller.music-e0n5--CE6jjU1p2O2gAXrw==/lib/arm, /data/app/com.amazon.bueller.music-e0n5--CE6jjU1p2O2gAXrw==/base.apk!/lib/armeabi-v7a, /system/lib]]
06-16 03:07:56.808 22959 23066 I n.bueller.musi:   at java.lang.Class dalvik.system.BaseDexClassLoader.findClass(java.lang.String) (BaseDexClassLoader.java:134)
06-16 03:07:56.808 22959 23066 I n.bueller.musi:   at java.lang.Class java.lang.ClassLoader.loadClass(java.lang.String, boolean) (ClassLoader.java:379)
06-16 03:07:56.808 22959 23066 I n.bueller.musi:   at java.lang.Class java.lang.ClassLoader.loadClass(java.lang.String) (ClassLoader.java:312)
06-16 03:07:56.808 22959 23066 I n.bueller.musi:   at void com.amazon.identity.auth.device.h7.a() (DCP:77)
06-16 03:07:56.808 22959 23066 I n.bueller.musi:   at void com.amazon.identity.auth.device.api.MAPInit$2.run() (DCP:12)
06-16 03:07:56.808 22959 23066 I n.bueller.musi:   at void com.amazon.identity.auth.device.wc$a.run() (DCP:5)
06-16 03:07:56.808 22959 23066 I n.bueller.musi:   at void java.util.concurrent.ThreadPoolExecutor.runWorker(java.util.concurrent.ThreadPoolExecutor$Worker) (ThreadPoolExecutor.java:1167)
06-16 03:07:56.808 22959 23066 I n.bueller.musi:   at void java.util.concurrent.ThreadPoolExecutor$Worker.run() (ThreadPoolExecutor.java:641)
06-16 03:07:56.808 22959 23066 I n.bueller.musi:   at void java.lang.Thread.run() (Thread.java:764)
06-16 03:07:56.809 22959 23066 I n.bueller.musi: 
06-16 03:07:56.809 22959 23066 I n.bueller.musi: Rejecting re-init on previously-failed class java.lang.Class<com.amazon.identity.auth.device.r6$a>: java.lang.NoClassDefFoundError: Failed resolution of: Lcom/amazon/identity/mobi/lwasso/api/LWASSODependency;
06-16 03:07:56.809 22959 23066 I n.bueller.musi:   at void com.amazon.identity.auth.device.h7.a() (DCP:77)
06-16 03:07:56.809 22959 23066 I n.bueller.musi:   at void com.amazon.identity.auth.device.api.MAPInit$2.run() (DCP:12)
06-16 03:07:56.809 22959 23066 I n.bueller.musi:   at void com.amazon.identity.auth.device.wc$a.run() (DCP:5)
06-16 03:07:56.809 22959 23066 I n.bueller.musi:   at void java.util.concurrent.ThreadPoolExecutor.runWorker(java.util.concurrent.ThreadPoolExecutor$Worker) (ThreadPoolExecutor.java:1167)
06-16 03:07:56.809 22959 23066 I n.bueller.musi:   at void java.util.concurrent.ThreadPoolExecutor$Worker.run() (ThreadPoolExecutor.java:641)
06-16 03:07:56.809 22959 23066 I n.bueller.musi:   at void java.lang.Thread.run() (Thread.java:764)
06-16 03:07:56.809 22959 23066 I n.bueller.musi: Caused by: java.lang.ClassNotFoundException: Didn't find class "com.amazon.identity.mobi.lwasso.api.LWASSODependency" on path: DexPathList[[zip file "/data/app/com.amazon.bueller.music-e0n5--CE6jjU1p2O2gAXrw==/base.apk"],nativeLibraryDirectories=[/data/app/com.amazon.bueller.music-e0n5--CE6jjU1p2O2gAXrw==/lib/arm, /data/app/com.amazon.bueller.music-e0n5--CE6jjU1p2O2gAXrw==/base.apk!/lib/armeabi-v7a, /system/lib]]
06-16 03:07:56.809 22959 23066 I n.bueller.musi:   at java.lang.Class dalvik.system.BaseDexClassLoader.findClass(java.lang.String) (BaseDexClassLoader.java:134)
06-16 03:07:56.809 22959 23066 I n.bueller.musi:   at java.lang.Class java.lang.ClassLoader.loadClass(java.lang.String, boolean) (ClassLoader.java:379)
06-16 03:07:56.809 22959 23066 I n.bueller.musi:   at java.lang.Class java.lang.ClassLoader.loadClass(java.lang.String) (ClassLoader.java:312)
06-16 03:07:56.809 22959 23066 I n.bueller.musi:   at void com.amazon.identity.auth.device.h7.a() (DCP:77)
06-16 03:07:56.809 22959 23066 I n.bueller.musi:   at void com.amazon.identity.auth.device.api.MAPInit$2.run() (DCP:12)
06-16 03:07:56.809 22959 23066 I n.bueller.musi:   at void com.amazon.identity.auth.device.wc$a.run() (DCP:5)
06-16 03:07:56.809 22959 23066 I n.bueller.musi:   at void java.util.concurrent.ThreadPoolExecutor.runWorker(java.util.concurrent.ThreadPoolExecutor$Worker) (ThreadPoolExecutor.java:1167)
06-16 03:07:56.809 22959 23066 I n.bueller.musi:   at void java.util.concurrent.ThreadPoolExecutor$Worker.run() (ThreadPoolExecutor.java:641)
06-16 03:07:56.809 22959 23066 I n.bueller.musi:   at void java.lang.Thread.run() (Thread.java:764)
06-16 03:07:56.809 22959 23066 I n.bueller.musi: 
06-16 03:07:56.811 22959 23066 W com.amazon.bueller.music/WhatsAppAutoreadPluginHelper: WhatsAppAutoreadPlugin is not supported for this package: com.amazon.bueller.music
06-16 03:07:56.846 22959 22959 W BugsnagNDK: Initialization complete!
06-16 03:07:56.853 22880 22880 I EMP_1.0.29753.0_BaseQueueRequest: UpdateDeviceContextQueueRequest: Executing request (0). Retry number (1).
06-16 03:07:56.856 22880 22880 I EMP_1.0.29753.0_UpdateDeviceContextQueueRequest: Attempting to update device context for namespace: [Alexa.PlaybackStateReporter], name: [playbackState].
