06-16 03:07:58.290  2814  2907 I DiskCleanupTask: arn:aws:remote-config:us-west-2:541693914820:appConfig:a0n5bwx7_ConfigurationCache.db: 16 KB
06-16 03:07:58.290  2814  2907 I DiskCleanupTask: RecentCdaCardBackupDB-shm: 32 KB
06-16 03:07:58.290  2814  2907 I DiskCleanupTask: CardDeviceAgentDB-shm: 32 KB
06-16 03:07:58.291  2814  2907 I DiskCleanupTask: CardDeviceAgentDB-wal: 498 KB
06-16 03:07:58.292 22945 22945 I NativeLibrary: Successfully loaded AVSCommon_jni
06-16 03:07:58.300  2814  2907 I DiskCleanupTask: arn:aws:remote-config:us-west-2:541693914820:appConfig:aoio3k0i_ConfigurationCache.db: 36 KB
06-16 03:07:58.300  2814  2907 I DiskCleanupTask: ContinueWatchingItemDB-shm: 32 KB
06-16 03:07:58.300  2814  2907 I DiskCleanupTask: mbcache.db-shm: 32 KB
06-16 03:07:58.301  2814  2907 I DiskCleanupTask: arn:aws:remote-config:us-west-2:541693914820:appConfig:ayo68shj_ConfigurationCache.db: 16 KB
06-16 03:07:58.301  2814  2907 I DiskCleanupTask: RecentCdaCardBackupDB-wal: 406 KB
06-16 03:07:58.301  2814  2907 I DiskCleanupTask: mbcache.db: 20 MB
06-16 03:07:58.301  2814  2907 I DiskCleanupTask: ContinueWatchingItemDB: 4 KB
06-16 03:07:58.311 22945 22945 I NativeLibrary: Successfully loaded MRMMediaPlayer_jni
06-16 03:07:58.312  2814  3096 I ImageTrimMemoryHandler: Processed trimMemory level=80, bytesInMemoryCache=0 bytes, bytesInUse=36 KB
06-16 03:07:58.314  2814  2907 I DiskCleanupTask: Total database directory size is 22 MB
06-16 03:07:58.328  2814  2907 I BuellerApplication: Notified of having no active activities
06-16 03:07:58.329  2814  2907 I AivConnectorManager: Attempting to release AivConnector
06-16 03:07:58.329   534   550 W Searchables: No global search activity found
06-16 03:07:58.343   534   550 W Searchables: No global search activity found
06-16 03:07:58.346  2814  2907 I WholeHomeAudioManager: unbindService() called
06-16 03:07:58.482 22988 22988 I com.amazon.adep/LocalKeyValueStore: Create DE shared preference, OS supports direct boot.
06-16 03:07:58.494   534   550 W VoiceInteractionManagerService: no available voice recognition services found for user 0
06-16 03:07:58.496   534   550 I PackageRecency: Package com.fireairplay.receiver has changed
06-16 03:07:58.497   534   550 W PackageRecency: No listeners found
06-16 03:07:58.530 22988 22988 E NIMH#i  : Invalid arcus sync config. Returning default config c{firstSyncInterval=900000, syncRepeatInterval=259200000, syncRetryInterval=900000, maxSyncDuration=60000, maxRetryAttempts=1, analyzerRepeatInterval=172800000, analyzerEchoRepeatInterval=43200000}
06-16 03:07:58.556   534   550 E PerfEvent: The String value is null, invalid
06-16 03:07:58.576 22988 22988 I com.amazon.adep/LocalKeyValueStore: Create DE shared preference, OS supports direct boot.
06-16 03:07:58.595 22988 22988 E NIMH#i  : Invalid arcus sync config. Returning default config c{firstSyncInterval=900000, syncRepeatInterval=259200000, syncRetryInterval=900000, maxSyncDuration=60000, maxRetryAttempts=1, analyzerRepeatInterval=172800000, analyzerEchoRepeatInterval=43200000}
06-16 03:07:58.604 22988 22988 I i       : Scheduling periodic configuration syncing firstTriggerTime: 900000 repeat interval: 259200000
06-16 03:07:58.632 22988 22988 I com.amazon.adep/LocalKeyValueStore: Create DE shared preference, OS supports direct boot.
06-16 03:07:58.648 22988 22988 E NIMH#i  : Invalid arcus sync config. Returning default config c{firstSyncInterval=900000, syncRepeatInterval=259200000, syncRetryInterval=900000, maxSyncDuration=60000, maxRetryAttempts=1, analyzerRepeatInterval=172800000, analyzerEchoRepeatInterval=43200000}
06-16 03:07:58.667 22988 22988 I com.amazon.adep/LocalKeyValueStore: Create DE shared preference, OS supports direct boot.
06-16 03:07:58.683 22988 22988 E NIMH#i  : Invalid arcus sync config. Returning default config c{firstSyncInterval=900000, syncRepeatInterval=259200000, syncRetryInterval=900000, maxSyncDuration=60000, maxRetryAttempts=1, analyzerRepeatInterval=172800000, analyzerEchoRepeatInterval=43200000}
06-16 03:07:58.692 22988 22988 I i       : init ADEP Analyzer Scheduler with interval = 172800000
06-16 03:07:58.727 22945 22945 I NativeLibrary: Successfully loaded Reggae_jni
06-16 03:07:58.730   534   929 W Process : Unable to open /proc/0/status
06-16 03:07:58.731 22945 22945 I NativeLibrary: Successfully loaded Reggae_jni
06-16 03:07:58.735 22945 22945 I AMBS_SmbsMediaPlayerFactoryCreator: init playback delegates with empty audio attributes: content type [2]
06-16 03:07:58.736 22945 22945 I NativeLibrary: Successfully loaded Reggae_jni
06-16 03:07:58.739 22945 22945 W SpotifyMediaSessionPlayer: [1] W Logger:debugLogLevelSpecifiedWhenDebugLogsCompiledOut:level=DEBUG9:
06-16 03:07:58.739 22945 22945 W SpotifyMediaSessionPlayer: 
06-16 03:07:58.739 22945 22945 W SpotifyMediaSessionPlayer: WARNING: By default DEBUG logs are compiled out of RELEASE builds.
06-16 03:07:58.739 22945 22945 W SpotifyMediaSessionPlayer: To enable debug logs, rebuild in DEBUG mode by using the cmake parameter -DCMAKE_BUILD_TYPE=DEBUG or (if you *really* want debug logs in a RELEASE build) use the cmake parameter -DACSDK_DEBUG_LOG=ON.
06-16 03:07:58.739 22945 22945 I SpotifyMediaSessionPlayer: [1] I AndroidESAudioPlaybackDelegate1:device api level = 28, supported layouts = {}
06-16 03:07:58.762 22945 22945 I NativeLibrary: Successfully loaded Reggae_jni
06-16 03:07:58.777   534   553 I ActivityManager: Start proc 23149:com.android.proxyhandler/u0a8 for service com.fireos.arcus.proxy/.ArcusProxy
06-16 03:07:58.780 22945 22945 W SpotifyMediaSessionPlayer: [1] W Logger:debugLogLevelSpecifiedWhenDebugLogsCompiledOut:level=DEBUG9:
06-16 03:07:58.780 22945 22945 W SpotifyMediaSessionPlayer: 
06-16 03:07:58.780 22945 22945 W SpotifyMediaSessionPlayer: WARNING: By default DEBUG logs are compiled out of RELEASE builds.
06-16 03:07:58.780 22945 22945 W SpotifyMediaSessionPlayer: To enable debug logs, rebuild in DEBUG mode by using the cmake parameter -DCMAKE_BUILD_TYPE=DEBUG or (if you *really* want debug logs in a RELEASE build) use the cmake parameter -DACSDK_DEBUG_LOG=ON.
06-16 03:07:58.785 22945 23156 I SpotifyMediaSessionPlayer: [2] I Reggae:ReggaeExecutor:executionThread:name=SpotifyMediaPlayer,reason=executorThreadStarted
06-16 03:07:58.785 22945 22945 I SpotifyMediaSessionPlayer: [1] I ReggaeMediaPlayer:Reggae MediaPlayer created:name=SpotifyMediaPlayer
06-16 03:07:58.787 22945 22945 I SpotifyMediaSessionPlayer: [1] I ConfigurationReader:parseConfiguration::Could not find Reggae Configuration, using defaults:package=com.amazon.reggae,buildType=RELEASE,versionNumber=1360
06-16 03:07:58.794 22945 22945 I NativeLibrary: Successfully loaded AVSCommon_jni
06-16 03:07:58.795 22945 22945 I NativeLibrary: Successfully loaded AVSCommon_jni
06-16 03:07:58.800 22880 22880 I EMP_1.0.29753.0_ExternalMediaPlayerAgentService: Starting EMP Agent as a foreground service.
06-16 03:07:58.802 22945 22945 I NativeLibrary: Successfully loaded AVSCommon_jni
06-16 03:07:58.802 22945 22945 I NativeLibrary: Successfully loaded SpotifyESDKAdapter_jni
06-16 03:07:58.809 22880 22880 I EMP_1.0.29753.0_ExternalMediaPlayerAgent: handleIntent: com.amazon.alexa.externalmediaplayer.CONNECT
06-16 03:07:58.811 22880 22880 I EMP_1.0.29753.0_ExternalMediaPlayerAgent: Connecting to [Spotify:ESDK] for [ComponentInfo{com.amazon.alexamediaplayer.runtime.ftv/com.amazon.spotify.mediabrowserservice.SpotifyMediaBrowserService}]
06-16 03:07:58.811 22880 22880 E EMP_1.0.29753.0_ExternalMediaPlayerAgent: submitTSBEntryForConnectIntent: SegmentID is empty for [com.amazon.alexa.externalmediaplayer.CONNECT]
06-16 03:07:58.812 22945 22945 W SpotifyMediaSessionPlayer: [1] W Logger:debugLogLevelSpecifiedWhenDebugLogsCompiledOut:level=DEBUG9:
06-16 03:07:58.812 22945 22945 W SpotifyMediaSessionPlayer: 
06-16 03:07:58.812 22945 22945 W SpotifyMediaSessionPlayer: WARNING: By default DEBUG logs are compiled out of RELEASE builds.
06-16 03:07:58.812 22945 22945 W SpotifyMediaSessionPlayer: To enable debug logs, rebuild in DEBUG mode by using the cmake parameter -DCMAKE_BUILD_TYPE=DEBUG or (if you *really* want debug logs in a RELEASE build) use the cmake parameter -DACSDK_DEBUG_LOG=ON.
06-16 03:07:58.812 22945 22945 I SpotifyMediaSessionPlayer: [1] I SpotifyESDKAdapter1P:SpotifyESDKAdapter1P::Created SpotifyESDKAdapter1P
06-16 03:07:58.816 22945 22945 W SpotifyMediaSessionPlayer: [1] W Logger:debugLogLevelSpecifiedWhenDebugLogsCompiledOut:level=DEBUG9:
06-16 03:07:58.816 22945 22945 W SpotifyMediaSessionPlayer: 
06-16 03:07:58.816 22945 22945 W SpotifyMediaSessionPlayer: WARNING: By default DEBUG logs are compiled out of RELEASE builds.
06-16 03:07:58.816 22945 22945 W SpotifyMediaSessionPlayer: To enable debug logs, rebuild in DEBUG mode by using the cmake parameter -DCMAKE_BUILD_TYPE=DEBUG or (if you *really* want debug logs in a RELEASE build) use the cmake parameter -DACSDK_DEBUG_LOG=ON.
06-16 03:07:58.816 22945 22945 I SpotifyMediaSessionPlayer: [1] I SpotifyConnectManager:SpotifyConnectManager:reason=Starting the webserver for spotify connect
06-16 03:07:58.817 22945 22945 I SpotifyMediaSessionPlayer: [1] I SpotifyConnectWebServer:start:reason=Successfully started the CivetWebServer for spotify connect
06-16 03:07:58.825 22945 22945 W SpotifyMediaSessionPlayer: [1] W Logger:debugLogLevelSpecifiedWhenDebugLogsCompiledOut:level=DEBUG9:
06-16 03:07:58.825 22945 22945 W SpotifyMediaSessionPlayer: 
06-16 03:07:58.825 22945 22945 W SpotifyMediaSessionPlayer: WARNING: By default DEBUG logs are compiled out of RELEASE builds.
06-16 03:07:58.825 22945 22945 W SpotifyMediaSessionPlayer: To enable debug logs, rebuild in DEBUG mode by using the cmake parameter -DCMAKE_BUILD_TYPE=DEBUG or (if you *really* want debug logs in a RELEASE build) use the cmake parameter -DACSDK_DEBUG_LOG=ON.
06-16 03:07:58.826 22945 22945 I SpotifyMediaSessionPlayer: [1] I SpotifyESDKAdapter:Creating SpotifyESDKAdapter
06-16 03:07:58.831 22945 22945 I NativeLibrary: Successfully loaded AVSCommon_jni
06-16 03:07:58.832 22945 22945 I AMBS_SpeakerManager: addSpeakerManagerObserver: com.amazon.alexaclientsdk.avscommon.sdkinterfaces.SpeakerManagerObserverInterface@ca81bd3
06-16 03:07:58.832 22945 22945 I AMBS_ChannelVolumeController: getSpeakerSettings
06-16 03:07:58.834 22945 22945 I AMBS_ChannelVolumeController: getUnduckedVolume: streamMaxVolume = 15 streamVolume = 15 unduckedVol = 100
06-16 03:07:58.835 22945 22945 I AMBS_ChannelVolumeController: getSpeakerSettings: 100, false
06-16 03:07:58.835 22945 22945 I AMBS_SpeakerManager: Speaker Settings for channel AVS_SPEAKER_VOLUME : vol = 100 mute = false
06-16 03:07:58.835 22945 22945 I SpotifyMediaSessionPlayer: [1] I SpotifyESDKAdapter:onSpeakerSettingsChanged
06-16 03:07:58.837 22945 22945 I SpotifyMediaSessionPlayer: [1] I SpotifyESDKAdapter:initAliases
06-16 03:07:58.837 22945 22945 I SpotifyMediaSessionPlayer: [1] I SpotifyESDKAdapter:registerAlias:aliastype=SINGLETON,isloggedIn=false
06-16 03:07:58.838 22945 22945 I SpotifyMediaSessionPlayer: [1] I UUIDGeneration:low entropy on call to generate UUID:current entropy=0
06-16 03:07:58.838 22945 22945 I SpotifyMediaSessionPlayer: [1] I UUIDGeneration:low entropy on call to generate UUID:current entropy=0
06-16 03:07:58.838 22945 22945 I SpotifyMediaSessionPlayer: [1] I AliasController:addAlias
06-16 03:07:58.838 22945 22945 I SpotifyMediaSessionPlayer: [1] I Alias:setEnabledState:aliasIndex=0,enableState=DISABLED
06-16 03:07:58.838 22945 22945 I SpotifyMediaSessionPlayer: [1] I Alias:setEnabledState:aliasIndex=0,enableState=REGISTERED
06-16 03:07:58.838 22945 22945 E SpotifyMediaSessionPlayer: [1] E AliasController:getSelectedAlias::selectedAliasNull
06-16 03:07:58.838 22945 22945 I SpotifyMediaSessionPlayer: [1] I SpotifyESDKAdapter:addAliasLocked:aliasIndex=0
06-16 03:07:58.838 22945 22945 I SpotifyMediaSessionPlayer: [1] I SpotifyESDKAdapter:setSelectedLocked
06-16 03:07:58.838 22945 22945 I SpotifyMediaSessionPlayer: [1] I AliasController:deactivateAllAliasesBut:aliasIndex=0
06-16 03:07:58.839 22945 22945 I SpotifyMediaSessionPlayer: [1] I AliasController:setSelectedAlias::Selected alias:aliasIndex=0
06-16 03:07:58.839 22945 22945 I SpotifyMediaSessionPlayer: [1] I SpotifyESDKAdapter:setSelectedLocked::alias changed, updating volume
06-16 03:07:58.839 22945 22945 I SpotifyMediaSessionPlayer: [1] I SpotifyESDKAdapter:registerAlias::SettingRegisteredAliasLogin:isLoggedIn=false,aliasIndex=0
06-16 03:07:58.839 22945 22945 I SpotifyMediaSessionPlayer: [1] I SpotifyESDKAdapter:pushEventToEventSenderLocked:aliasIndex=0
06-16 03:07:58.840 22945 22945 W SpotifyMediaSessionPlayer: [1] W Logger:debugLogLevelSpecifiedWhenDebugLogsCompiledOut:level=DEBUG9:
06-16 03:07:58.840 22945 22945 W SpotifyMediaSessionPlayer: 
06-16 03:07:58.840 22945 22945 W SpotifyMediaSessionPlayer: WARNING: By default DEBUG logs are compiled out of RELEASE builds.
06-16 03:07:58.840 22945 22945 W SpotifyMediaSessionPlayer: To enable debug logs, rebuild in DEBUG mode by using the cmake parameter -DCMAKE_BUILD_TYPE=DEBUG or (if you *really* want debug logs in a RELEASE build) use the cmake parameter -DACSDK_DEBUG_LOG=ON.
06-16 03:07:58.840 22945 22945 E SpotifyMediaSessionPlayer: [1] E AdapterUtils:getEmpContextString:reason=agentStringIsEmpty
06-16 03:07:58.840 23149 23149 E id.proxyhandle: Not starting debugger since process cannot load the jdwp agent.
06-16 03:07:58.840 22945 22945 I SpotifyMediaSessionPlayer: [1] I SpotifyEvent:buildPayloadJson::buildingEventToSendToAVS:eventType=LOGOUT
06-16 03:07:58.840 22945 23169 I AMBS_ChannelVolumeController: getSpeakerSettings
06-16 03:07:58.841 22945 22945 I SpotifyMediaSessionPlayer: [1] I UUIDGeneration:low entropy on call to generate UUID:current entropy=0
06-16 03:07:58.842 22945 22945 I SpotifyMediaSessionPlayer: [1] I UUIDGeneration:low entropy on call to generate UUID:current entropy=0
06-16 03:07:58.842 22945 23169 I AMBS_ChannelVolumeController: getUnduckedVolume: streamMaxVolume = 15 streamVolume = 15 unduckedVol = 100
06-16 03:07:58.842 22945 22945 I SpotifyMediaSessionPlayer: [1] I SpotifyESDKAdapter:pushEventToEventSenderLocked:trackState=IDLE,duration=0,offset=0
06-16 03:07:58.842 22945 22945 I SpotifyMediaSessionPlayer: [1] I SpotifyESDKAdapter:pushEventToEventSenderLocked::{"event":{"header":{"namespace":"ExternalMediaPlayer","name":"Logout","messageId":"061b85fc-806f-482d-b295-4108c5b73e02","eventCorrelationToken":"061b85fc-806f-482d-b295-4108c5b73e02","interactionId":"061b85fc-806f-482d-b295-4108c5b73e02"},"payload":{"playerId":"","skillToken":""}}}
06-16 03:07:58.843 22945 23169 I AMBS_ChannelVolumeController: getSpeakerSettings: 100, false
06-16 03:07:58.843 22945 23169 I SpotifyMediaSessionPlayer: [e:3] I SpotifyESDKAdapter:setVolume:volume=100,currentVolume=0
06-16 03:07:58.848 22945 22945 W SpotifyMediaSessionPlayer: [1] W SpotifyESDKAdapter:registerAlias::NotRegisteringAliasWithSpotifyESDKNow,deferringUntilInitialization
06-16 03:07:58.848   370   370 I perfmonitord:StatUtil: CPUUtilization now below 95%. Usage - 93%. Total milliseconds above threshold - 4000
06-16 03:07:58.849 22945 22945 I SpotifyMediaSessionPlayer: [1] I SpotifyESDKAdapter:initAliases::Init SpotifyESDKAdapter
06-16 03:07:58.849 22945 22945 I AMBS_ChannelVolumeController: getSpeakerSettings
06-16 03:07:58.855 22880 22880 I EMP_1.0.29753.0_ExternalMediaPlayerAgentService: Starting EMP Agent as a foreground service.
06-16 03:07:58.856 22945 22945 I AMBS_ChannelVolumeController: getUnduckedVolume: streamMaxVolume = 15 streamVolume = 15 unduckedVol = 100
06-16 03:07:58.857 22945 22945 I AMBS_ChannelVolumeController: getSpeakerSettings: 100, false
06-16 03:07:58.857 22880 22880 I EMP_1.0.29753.0_ExternalMediaPlayerAgent: handleIntent: com.amazon.alexa.externalmediaplayer.CONNECT
06-16 03:07:58.857 22880 22880 I EMP_1.0.29753.0_ExternalMediaPlayerAgent: Connecting to [Spotify:ESDK] for [ComponentInfo{com.amazon.alexamediaplayer.runtime.ftv/com.amazon.spotify.mediabrowserservice.SpotifyMediaBrowserService}]
06-16 03:07:58.857 22880 22880 E EMP_1.0.29753.0_ExternalMediaPlayerAgent: submitTSBEntryForConnectIntent: SegmentID is empty for [com.amazon.alexa.externalmediaplayer.CONNECT]
06-16 03:07:58.858 22945 23174 I SpotifyMediaSessionPlayer: [4] I SpotifyESDKAdapter:SpotifyESDKRequestLoop::Starting sessionManagementLoop
06-16 03:07:58.859 22945 23174 I SpotifyMediaSessionPlayer: [4] I SpotifyESDKAdapter:operator()::enableVolume:enable=false
06-16 03:07:58.859 22945 23174 I SpotifyMediaSessionPlayer: [4] I SpotifyESDKAdapter:setVolume::Calling SpPlaybackUpdateVolume():volume=65535
06-16 03:07:58.859 22945 23174 I SpotifyMediaSessionPlayer: [4] I SpotifyESDKAdapter:setVolume::setVolumeCalledBeforeSpInit,cachingVolumeForLater
06-16 03:07:58.859 22945 22945 I NativeLibrary: Successfully loaded Reggae_jni
06-16 03:07:58.859 22945 22945 I AMBS_SpeakerManager: addSpeakerManagerObserver: com.amazon.spotify.mediabrowserservice.SpotifyAliasManager@4405310
06-16 03:07:58.860 22945 22945 I AMBS_ChannelVolumeController: getSpeakerSettings
06-16 03:07:58.861 22945 22945 I AMBS_ChannelVolumeController: getUnduckedVolume: streamMaxVolume = 15 streamVolume = 15 unduckedVol = 100
06-16 03:07:58.862 22945 22945 I AMBS_ChannelVolumeController: getSpeakerSettings: 100, false
06-16 03:07:58.862 22945 22945 I AMBS_SpeakerManager: Speaker Settings for channel AVS_SPEAKER_VOLUME : vol = 100 mute = false
06-16 03:07:58.862 22945 22945 I AMBS_SpotifyAliasManager: onSpeakerSettingsChanged:  Volume 100 type = AVS_SPEAKER_VOLUME source = LOCAL_API
06-16 03:07:58.862 22945 22945 I AMBS_SpotifyAliasManager: Ignoring speaker settings changed
06-16 03:07:58.862 22945 22945 I AMBS_SpotifyAliasManager: setSpotifyEnabled : enableSpotify = false
06-16 03:07:58.864 22945 22945 I SpotifyMediaSessionPlayer: [1] I SpotifyESDKAdapter:disableSingletonSpotify::Disabling singleton spotify
06-16 03:07:58.864 22945 23169 I SpotifyMediaSessionPlayer: [e:3] I AliasController:getSingletonAlias:aliasIndex=0
06-16 03:07:58.864 22945 23169 W SpotifyMediaSessionPlayer: [e:3] W AliasController:moveNextEnabledAliasToFirstPosition::movingSelectedAliasToFirstPosition,playbackMaybeAffected
06-16 03:07:58.864 22945 22945 I AMBS_AlexaMediaBrowserService: registering DeviceNameChangedReceiver
06-16 03:07:58.864 22945 23169 I SpotifyMediaSessionPlayer: [e:3] I Alias:setEnabledState:aliasIndex=0,enableState=DISABLED
06-16 03:07:58.864 22945 23169 I SpotifyMediaSessionPlayer: [e:3] I SpotifyESDKAdapter:executeDisableSingletonSpotify:Disabling singleton spotify, reason=no enabled aliases
06-16 03:07:58.864 22945 23169 I SpotifyMediaSessionPlayer: [e:3] I SpotifyESDKAdapter:logoutIfLoggedIn
06-16 03:07:58.864 22945 23169 I SpotifyMediaSessionPlayer: [e:3] I SpotifyESDKAdapter:logoutIfLoggedIn:isloggedin=false
06-16 03:07:58.868 22945 22945 I com.amazon.alexamediaplayer.runtime.ftv/LocalKeyValueStore: Create DE shared preference, OS supports direct boot.
06-16 03:07:58.895  1195 22657 I com.amazon.imp/CustomerAttributeStoreLogic[0]: Callback with value empty: false
06-16 03:07:58.902 22945 22945 I AMBS_MediaNotificationManager: Found broadcast receiver for com.amazon.alexamediaplayer.runtime.LAUNCH_ACTIVITY from com.amazon.alexamediaplayer.runtime.ftv
06-16 03:07:58.906 22945 22945 I AMBS_MediaNotificationManager: Cancelling notification.
06-16 03:07:58.906 22945 22945 I AMBS_AlexaMediaBrowserService: onStopForeground SpotifyMediaBrowserService, Scheduling stop persistent after a delay of [2147483647000] ms.
06-16 03:07:58.908 22945 23111 I AMBS_SpotifyMediaSessionPlayer: onDeviceNameChange: [REDACTED]
06-16 03:07:58.909 22945 23111 I SpotifyMediaSessionPlayer: [5] I SpotifyESDKAdapter:updateAliasName
06-16 03:07:58.909 22945 23111 I SpotifyMediaSessionPlayer: [5] I SpotifyESDKAdapter:updateAliasNameLocked
06-16 03:07:58.909 22945 23111 I SpotifyMediaSessionPlayer: [5] I SpotifyESDKAdapter:updateAliasNameLocked::NotRegisteringAliasWithSpotifyESDKNow,deferringUntilInitialization
06-16 03:07:58.910 22945 23111 I AMBS_SpotifyMediaSessionPlayer: setPlaybackStateCompat :deviceName = [REDACTED] playbackState = STATE_NONE playbackPosition = -1 playbackSpeed = 0
06-16 03:07:58.914 22945 22945 I AMBS_ImageDownloader: Init ImageDownloader with non-MMSDK-friendly config
06-16 03:07:58.916 22945 22945 W Glide   : Failed to find GeneratedAppGlideModule. You should include an annotationProcessor compile dependency on com.github.bumptech.glide:compiler in your application and a @GlideModule annotated AppGlideModule implementation or LibraryGlideModules will be silently ignored
06-16 03:07:58.919 22945 23111 I AMBS_ClusterManager: Request to remove SWHAGS State from cluster *
06-16 03:07:58.919 22945 23111 I AMBS_SpotifyMediaSessionPlayer: setupDynamicFactory, alias=[REDACTED]
06-16 03:07:58.920 22945 23111 I NativeLibrary: Successfully loaded AVSCommon_jni
06-16 03:07:58.921 22945 23111 I NativeLibrary: Successfully loaded MRMMediaPlayer_jni
06-16 03:07:58.923 22945 23111 I NativeLibrary: Successfully loaded AVSCommon_jni
06-16 03:07:58.924 22945 23111 I NativeLibrary: Successfully loaded MRMMediaPlayer_jni
06-16 03:07:58.926 22945 22945 I AMBS_ImageDownloader: Disabling hardware bitmaps
06-16 03:07:58.925 22945 23111 W SpotifyMediaSessionPlayer: [5] W Logger:debugLogLevelSpecifiedWhenDebugLogsCompiledOut:level=DEBUG9:
06-16 03:07:58.925 22945 23111 W SpotifyMediaSessionPlayer: 
06-16 03:07:58.925 22945 23111 W SpotifyMediaSessionPlayer: WARNING: By default DEBUG logs are compiled out of RELEASE builds.
06-16 03:07:58.925 22945 23111 W SpotifyMediaSessionPlayer: To enable debug logs, rebuild in DEBUG mode by using the cmake parameter -DCMAKE_BUILD_TYPE=DEBUG or (if you *really* want debug logs in a RELEASE build) use the cmake parameter -DACSDK_DEBUG_LOG=ON.
06-16 03:07:58.928 22945 23111 I SpotifyMediaSessionPlayer: [5] I DynamicMediaPlayerFactory:createUnique
06-16 03:07:58.928 22945 23111 I SpotifyMediaSessionPlayer: [5] I DynamicMediaPlayerFactory:DynamicMediaPlayerFactory
06-16 03:07:58.928 22945 23111 I SpotifyMediaSessionPlayer: [5] I DynamicMediaPlayerFactory:maybeChangeCurrentFactory
06-16 03:07:58.928 22945 23111 I DeviceConfigReaderInterface: +getIntValue: persist.amazon.wha.mp.mode
06-16 03:07:58.931 22945 23111 I FLOGGLE_FlagRetrieverCoordinator: getFlagValue(), retrieving com.amazon.alexa.mediabrowserservice.flagdefinitions.WeblabSpotifyMediaConvergenceFlag from CachingFlagRetriever_WeblabDataSource
06-16 03:07:58.931 22945 23111 I AMBS_WeblabMediaConvergenceFlag: Accessing Weblab DEVICE_MEDIA_CONVERGENCE_902206. Treatment: 1
06-16 03:07:58.931 22945 23111 I SpotifyMediaSessionPlayer: [5] I DynamicMediaPlayerFactory:maybeChangeCurrentFactory:whaMPMode read: =1
06-16 03:07:58.931 22945 23111 I SpotifyMediaSessionPlayer: [5] I DynamicMediaPlayerFactory:maybeCreateAndUseMRMMediaPlayerFactory
06-16 03:07:58.932 22945 23111 I FactoryCreatorInterface: +createMRMMediaPlayerFactoryInternal
06-16 03:07:58.932 22945 23111 I NativeLibrary: Successfully loaded MRMMediaPlayer_jni
06-16 03:07:58.943  2814  3096 I ImageTrimMemoryHandler: Processed trimMemory level=80, bytesInMemoryCache=0 bytes, bytesInUse=36 KB
06-16 03:07:58.948 23149 23149 I id.proxyhandle: The ClassLoaderContext is a special shared library.
06-16 03:07:58.968 21455 21455 I NapkinApplication: TRIM_MEMORY_COMPLETE
06-16 03:07:58.976 21455 21455 I AmazonAppstore.FireTVGlide: Cleared Glide Memory Cache
06-16 03:07:59.023 22945 22945 I SPCH-BaseClient: onBind(), serviceClass => IDeviceContextContract isSuccess => true
06-16 03:07:59.023 22945 22945 I SPCH-BaseClient: onBind(), serviceClass => ISimClientEventServer isSuccess => true
06-16 03:07:59.024 22945 22945 I SPCH-BaseClient: onBind(), serviceClass => IAlexaFocusContract isSuccess => true
06-16 03:07:59.024 22945 22945 I SPCH-BaseClient: onBind(), serviceClass => ISimClientDirectiveServer isSuccess => true
06-16 03:07:59.025 22945 22945 I AMBS_ClusterManager: onServiceConnected: Getting Cluster Data
06-16 03:07:59.025 22945 22945 I WholeHomeAudioServiceClient: getClusterData requested
06-16 03:07:59.026 22945 22945 I WholeHomeAudioServiceClient: getClusterAudioInfo requested
06-16 03:07:59.026 22945 22945 I AMBS_ClusterManager: Request to remove SWHAGS State from cluster *
06-16 03:07:59.027  1978  1991 I ClusterManager: Received wild card, removing device interface Spotify from all clusters
06-16 03:07:59.029 22945 23129 I WholeHomeAudioServiceClient: handling message: { when=-4ms what=0 obj=com.amazon.whad.api.GetClusterDataCall@fb5eb79 target=com.amazon.whad.api.WholeHomeAudioServiceClient$WHASAPIHandler isAsync=false }
06-16 03:07:59.030 22945 22945 I SPCH-BaseClient: onBind(), serviceClass => IUserPerceivedFatalsServer isSuccess => false
06-16 03:07:59.030 22945 22945 I ServiceConnectionManager: unbindService(), context => null
06-16 03:07:59.030 22945 22945 I ServiceConnectionManager: Attempt to unbind an already unbind service.. skipping
06-16 03:07:59.033 22945 23129 I AMBS_ClusterManager: onClusterDataAvailable
06-16 03:07:59.033 22945 23129 I WholeHomeAudioServiceClient: handling message: { when=-7ms what=0 obj=com.amazon.whad.api.GetClusterAudioInfoCall@6ca50be target=com.amazon.whad.api.WholeHomeAudioServiceClient$WHASAPIHandler isAsync=false }
06-16 03:07:59.034 22945 22945 E SPCH-BaseClient: Binding for (UserPerceivedFatalsClient) in package (com.amazon.alexamediaplayer.runtime.ftv) was unsuccessful. This probably means the service does not exist, or the client attempting to bind does not have the correct permissions
06-16 03:07:59.035 22945 23129 I AMBS_ClusterManager: onClusterAudioInfoAvailable
06-16 03:07:59.040 22945 23128 I AMBS_ClusterManager: Removing swhags Spotify State from cluster *
06-16 03:07:59.040 22945 23128 I WholeHomeAudioServiceClient: Removing device component state. deviceInterface: Spotify; cluster: *
06-16 03:07:59.041  1978  1991 I ClusterManager: Received wild card, removing device interface Spotify from all clusters
06-16 03:07:59.042 22945 23128 I WholeHomeAudioServiceClient: getDisableSingletonSpotifyPolicy requested
06-16 03:07:59.046 22945 23128 I AMBS_ClusterManager: disableSingletonSpotifyPolicy = false
06-16 03:07:59.046 22945 23128 I AMBS_SpotifyAliasManager: setSpotifyEnabled : enableSpotify = false
06-16 03:07:59.046 22945 23128 I SpotifyMediaSessionPlayer: [6] I SpotifyESDKAdapter:disableSingletonSpotify::Disabling singleton spotify
06-16 03:07:59.046 22945 23169 I SpotifyMediaSessionPlayer: [e:3] I AliasController:getSingletonAlias:aliasIndex=4294967295
06-16 03:07:59.046 22945 23128 I AMBS_ClusterManager: Removing swhags Spotify State from cluster *
06-16 03:07:59.046 22945 23169 I SpotifyMediaSessionPlayer: [e:3] I Alias:setEnabledState:aliasIndex=4294967295,enableState=DISABLED
06-16 03:07:59.046 22945 23169 I SpotifyMediaSessionPlayer: [e:3] I SpotifyESDKAdapter:executeDisableSingletonSpotify:Disabling singleton spotify, reason=no enabled aliases
06-16 03:07:59.046 22945 23169 I SpotifyMediaSessionPlayer: [e:3] I SpotifyESDKAdapter:logoutIfLoggedIn
06-16 03:07:59.046 22945 23169 I SpotifyMediaSessionPlayer: [e:3] I SpotifyESDKAdapter:logoutIfLoggedIn:isloggedin=false
06-16 03:07:59.046 22945 23128 I WholeHomeAudioServiceClient: Removing device component state. deviceInterface: Spotify; cluster: *
06-16 03:07:59.047  1978  1991 I ClusterManager: Received wild card, removing device interface Spotify from all clusters
06-16 03:07:59.101 22945 23111 I NativeLibrary: Successfully loaded MRMMediaPlayer_jni
06-16 03:07:59.102 22945 23111 I MRMMediaPlayerJNI: create
06-16 03:07:59.102 22945 23111 I MRMMediaPlayerJNI: create
06-16 03:07:59.103 22945 23111 I NativeLibrary: Successfully loaded AVSCommon_jni
06-16 03:07:59.107 22945 23111 I AMBS_BaseMediaPlayerFactoryCreator: Created MRM media player factory
06-16 03:07:59.107 22945 23111 I FactoryCreatorInterface: -createMRMMediaPlayerFactoryInternal: 2436276760
06-16 03:07:59.107 22945 23111 I SpotifyMediaSessionPlayer: [5] I DynamicMediaPlayerFactory:replaceCurrentPlayer
06-16 03:07:59.108 22945 23111 I NativeLibrary: Successfully loaded AVSCommon_jni
06-16 03:07:59.109 22945 23111 I FLOGGLE_FlagRetrieverCoordinator: getFlagValue(), retrieving com.amazon.alexa.mediabrowserservice.flagdefinitions.WeblabMediaPortabilityFlag from CachingFlagRetriever_WeblabDataSource
06-16 03:07:59.110 22945 23111 I AMBS_WeblabMediaConvergenceFlag: Accessing Weblab DEVICE_MEDIA_CONVERGENCE_564007. Treatment: 0
06-16 03:07:59.116   534  1127 I CrashReporterActivityManagerCallback: CPU cores online info: 1111
06-16 03:07:59.123   534 23192 I CrashReporterActivityManagerCallback: addErrorToDropBox inserted hashcode=56b2c146c071aad456ed9081fa57b3f96757053d for eventType wtf.
06-16 03:07:59.134 22945 22945 I AMBS_MediaSessionManager: Setting MediaSession active=false
06-16 03:07:59.144 22880 22941 I EMP_1.0.29753.0_MediaControllerCreationAttempt: Connected to MediaBrowserService ComponentInfo{com.amazon.alexamediaplayer.runtime.ftv/com.amazon.spotify.mediabrowserservice.SpotifyMediaBrowserService}.
06-16 03:07:59.148 22945 22945 I AMBS_ClusterManager: Request to remove SWHAGS State from cluster *
06-16 03:07:59.149 22945 23128 I AMBS_ClusterManager: Removing swhags Spotify State from cluster *
06-16 03:07:59.149 22945 23128 I WholeHomeAudioServiceClient: Removing device component state. deviceInterface: Spotify; cluster: *
06-16 03:07:59.150  1978  1991 I ClusterManager: Received wild card, removing device interface Spotify from all clusters
06-16 03:07:59.150 22880 22941 I EMP_1.0.29753.0_PlayerMediaControllerCallback: Media session ready.
06-16 03:07:59.162 22945 22945 I AMBS_ClusterManager: Request to remove SWHAGS State from cluster *
06-16 03:07:59.163 22945 23128 I AMBS_ClusterManager: Removing swhags Spotify State from cluster *
06-16 03:07:59.163 22945 23128 I WholeHomeAudioServiceClient: Removing device component state. deviceInterface: Spotify; cluster: *
06-16 03:07:59.163  1978  1991 I ClusterManager: Received wild card, removing device interface Spotify from all clusters
06-16 03:07:59.165 22945 22945 I AMBS_NotificationMediaControllerCallback: playback state changed to 0
06-16 03:07:59.166 22945 23111 I PeriodicKPIReporter: Shutdown was invoked.
06-16 03:07:59.173 22945 23111 I SpotifyMediaSessionPlayer: [5] I SpotifyESDKAdapter:updateAliasMediaPlayerFactory
06-16 03:07:59.175 22945 23111 I AMBS_SpotifyMediaSessionPlayer: Setting original MP factory to factory creator. com.amazon.alexaclientsdk.capabilityagents.externalmediaplayer.spotify.MediaPlayerFactoryStub@de7e917
06-16 03:07:59.183 22880 22941 I EMP_1.0.29753.0_DeviceContextManager: Add device context for namespace: [Alexa.PlaybackStateReporter], name: [playbackState], payload: [[REDACTED]]
06-16 03:07:59.184 22880 22941 I EMP_1.0.29753.0_BaseQueueRequest: UpdateDeviceContextQueueRequest: Executing request (11). Retry number (0).
06-16 03:07:59.185 22880 22941 I EMP_1.0.29753.0_UpdateDeviceContextQueueRequest: Attempting to update device context for namespace: [Alexa.PlaybackStateReporter], name: [playbackState].
06-16 03:07:59.187 22880 22941 I EMP_1.0.29753.0_DeviceContextManager: Add device context for namespace: [ExternalMediaPlayer], name: [ExternalMediaPlayerState], payload: [[REDACTED]]
06-16 03:07:59.187 22880 22941 I SPCH-RequestQueue: Request (11) is already running, returning.
06-16 03:07:59.187 22880 22941 I EMP_1.0.29753.0_PlayerStateHandler: new playback session [] state [0] 
06-16 03:07:59.200 22880 22941 I EMP_1.0.29753.0_DeviceContextManager: Add device context for namespace: [Alexa.PlaybackStateReporter], name: [playbackState], payload: [[REDACTED]]
06-16 03:07:59.200 22880 22941 I SPCH-RequestQueue: Request (11) is already running, returning.
06-16 03:07:59.202 22880 22941 I EMP_1.0.29753.0_DeviceContextManager: Add device context for namespace: [ExternalMediaPlayer], name: [ExternalMediaPlayerState], payload: [[REDACTED]]
06-16 03:07:59.203 22880 22941 I SPCH-RequestQueue: Request (11) is already running, returning.
06-16 03:07:59.222 22880 22941 I EMP_1.0.29753.0_DeviceContextManager: Add device context for namespace: [Alexa.PlaybackStateReporter], name: [playbackState], payload: [[REDACTED]]
06-16 03:07:59.223 22880 22941 I SPCH-RequestQueue: Request (11) is already running, returning.
06-16 03:07:59.224 22880 22941 I EMP_1.0.29753.0_DeviceContextManager: Add device context for namespace: [ExternalMediaPlayer], name: [ExternalMediaPlayerState], payload: [[REDACTED]]
06-16 03:07:59.224 22880 22941 I SPCH-RequestQueue: Request (11) is already running, returning.
06-16 03:07:59.227 22880 22941 I EMP_1.0.29753.0_PlayerMediaControllerCallback: Media session ready.
06-16 03:07:59.227 22880 22941 W EMP_1.0.29753.0_PlayerMediaControllerCallback: Ignoring repeated onSessionReady invocation.
06-16 03:07:59.262 22880 22880 I EMP_1.0.29753.0_CsmClientsCallbacksImpl: UpdateDeviceContextQueueRequest: Finished invoking request (11) on retry (0).
06-16 03:07:59.263 22880 22880 I EMP_1.0.29753.0_BaseQueueRequest: UpdateDeviceContextQueueRequest: Executing request (12). Retry number (0).
06-16 03:07:59.263 22880 22880 I EMP_1.0.29753.0_UpdateDeviceContextQueueRequest: Attempting to update device context for namespace: [ExternalMediaPlayer], name: [ExternalMediaPlayerState].
06-16 03:07:59.304 22880 22880 I EMP_1.0.29753.0_CsmClientsCallbacksImpl: UpdateDeviceContextQueueRequest: Finished invoking request (12) on retry (0).
06-16 03:07:59.304 22880 22880 I EMP_1.0.29753.0_BaseQueueRequest: UpdateDeviceContextQueueRequest: Executing request (13). Retry number (0).
06-16 03:07:59.304 22880 22880 I EMP_1.0.29753.0_UpdateDeviceContextQueueRequest: Attempting to update device context for namespace: [Alexa.PlaybackStateReporter], name: [playbackState].
06-16 03:07:59.323 22880 22880 I EMP_1.0.29753.0_CsmClientsCallbacksImpl: UpdateDeviceContextQueueRequest: Finished invoking request (13) on retry (0).
06-16 03:07:59.324 22880 22880 I EMP_1.0.29753.0_BaseQueueRequest: UpdateDeviceContextQueueRequest: Executing request (14). Retry number (0).
06-16 03:07:59.324 22880 22880 I EMP_1.0.29753.0_UpdateDeviceContextQueueRequest: Attempting to update device context for namespace: [ExternalMediaPlayer], name: [ExternalMediaPlayerState].
06-16 03:07:59.435 22880 22880 I EMP_1.0.29753.0_CsmClientsCallbacksImpl: UpdateDeviceContextQueueRequest: Finished invoking request (14) on retry (0).
06-16 03:07:59.436 22880 22880 I EMP_1.0.29753.0_BaseQueueRequest: UpdateDeviceContextQueueRequest: Executing request (15). Retry number (0).
06-16 03:07:59.436 22880 22880 I EMP_1.0.29753.0_UpdateDeviceContextQueueRequest: Attempting to update device context for namespace: [Alexa.PlaybackStateReporter], name: [playbackState].
06-16 03:07:59.463  1081  1101 I OZ-DCSCEC:HdmiCecAgent: Received message: Source: 0x00; Destination: 0x0F; Opcode: 0x87; Params: 0x00:0xE0:0x91
06-16 03:07:59.466   534   534 I AmzHdmiServiceCallback: power status is 0
06-16 03:07:59.482 22880 22880 I EMP_1.0.29753.0_CsmClientsCallbacksImpl: UpdateDeviceContextQueueRequest: Finished invoking request (15) on retry (0).
06-16 03:07:59.482 22880 22880 I EMP_1.0.29753.0_BaseQueueRequest: UpdateDeviceContextQueueRequest: Executing request (16). Retry number (0).
06-16 03:07:59.482 22880 22880 I EMP_1.0.29753.0_UpdateDeviceContextQueueRequest: Attempting to update device context for namespace: [ExternalMediaPlayer], name: [ExternalMediaPlayerState].
06-16 03:07:59.506 22880 22880 I EMP_1.0.29753.0_CsmClientsCallbacksImpl: UpdateDeviceContextQueueRequest: Finished invoking request (16) on retry (0).
06-16 03:07:59.602 22988 23093 I WM-WorkerWrapper: Worker result SUCCESS for Work [ id=adb7cb68-6b21-4773-a82d-fff0b214efa9, tags={ com.amazon.adep.nimh.device.management.DeviceManagementService } ]
06-16 03:07:59.632 20492 20889 E System  : TRACE Starting certificate trust
06-16 03:07:59.705  1081  1101 I OZ-DCSCEC:HdmiCecAgent: Received message: Source: 0x00; Destination: 0x04; Opcode: 0x89; Params: 0x01
06-16 03:07:59.706   323   323 I hdmi_cec: [HWCEC] send_message init:4, dest:0, opcode: 0x0, size:2, body[0]=0x89
06-16 03:07:59.841   323   323 I hdmi_cec: [HWCEC] send_message end, opcode: 0x0, mResult:0
06-16 03:07:59.849 22945 22945 I AMBS_SpotifyMediaSessionPlayer: processSpotifyEvent - aliasName = [REDACTED] , adapterEvent = LOGOUT , eventName = null
06-16 03:07:59.850 22945 22945 I AMBS_SpotifyMediaSessionPlayer: SpotifyMediaBrowserService logged out
06-16 03:07:59.851 22945 22945 I AMBS_SpotifyMediaSessionPlayer: Setting enabled setting for class com.amazon.alexa.mediabrowserservice.broadcastreceiver.MediaReceivers$AlarmActionReceiver to false
06-16 03:07:59.852 22945 22945 I AMBS_SpotifyMediaSessionPlayer: Setting enabled setting for class com.amazon.alexa.mediabrowserservice.broadcastreceiver.MediaReceivers$LocalCommandReceiver to false
06-16 03:07:59.854 22945 22945 I AMBS_SpotifyMediaSessionPlayer: Setting enabled setting for class com.amazon.spotify.mediabrowserservice.broadcastreceiver.SpotifyReceivers$ClustersVolumeChangedReceiver to false
06-16 03:07:59.855 22945 22945 I AMBS_SpotifyMediaSessionPlayer: Setting enabled setting for class com.amazon.spotify.mediabrowserservice.broadcastreceiver.SpotifyReceivers$SpotifySingletonPolicyChangeReceiver to false
06-16 03:07:59.856 20492 20889 I CevicheService: [pool-3-thread-1][HttpBatchTransporter] Response code: 200
06-16 03:07:59.857 20492 20889 I CevicheService: [pool-3-thread-1][HttpBatchTransporter] Response body: {}
06-16 03:07:59.859 22945 22945 I AMBS_SpotifyMediaBrowserService: setPersistent false
06-16 03:07:59.866 22945 22945 I AMBS_AlexaMediaBrowserService: setRuntimePersistent SpotifyMediaBrowserService to=false (from=false, default=false)
06-16 03:07:59.866 22945 22945 I AMBS_SpotifyAliasManager: Singleton Alias is Active. Clearing active cluster id
06-16 03:07:59.876 22880 22941 I EMP_1.0.29753.0_EventsManager: Sending event: namespace: [ExternalMediaPlayer], name: [Logout], payload: [[REDACTED]]
06-16 03:07:59.877 22880 22941 I EMP_1.0.29753.0_BaseQueueRequest: SendEventsQueueRequest: Executing request (17). Retry number (0).
06-16 03:07:59.877 22880 22941 I EMP_1.0.29753.0_SendEventsQueueRequest: Attempting to send event for namespace [ExternalMediaPlayer], name [Logout].
06-16 03:07:59.879 22880 22941 I SPCH-EventMetadata: writeToParcel with bundle :true
06-16 03:07:59.894 22880 22941 I EMP_1.0.29753.0_DeviceContextManager: Add device context for namespace: [Alexa.PlaybackStateReporter], name: [playbackState], payload: [[REDACTED]]
06-16 03:07:59.895 22880 22941 I SPCH-RequestQueue: Request (17) is already running, returning.
06-16 03:07:59.896  1937  3374 I chatty  : uid=10163(com.amazon.vizzini) SimEventBusThre expire 3 lines
06-16 03:07:59.897 22880 22941 I EMP_1.0.29753.0_DeviceContextManager: Add device context for namespace: [ExternalMediaPlayer], name: [ExternalMediaPlayerState], payload: [[REDACTED]]
06-16 03:07:59.897 22880 22941 I SPCH-RequestQueue: Request (17) is already running, returning.
06-16 03:07:59.905  1937  3608 I chatty  : uid=10163(com.amazon.vizzini) pool-1-thread-1 expire 3 lines
06-16 03:07:59.936  1937  8077 I chatty  : uid=10163(com.amazon.vizzini) Thread-796 expire 2 lines
06-16 03:07:59.944  1937  3543 I chatty  : uid=10163(com.amazon.vizzini) Thread-798 expire 7 lines
06-16 03:07:59.958  1195 22657 I com.amazon.imp/TokenJobQueue[0]: Begin executing task GetToken:com.amazon.vizzini/com.amazon.dcp.sso.token.oauth.amazon.access_token
06-16 03:07:59.959  1195 22657 I com.amazon.imp/TokenJobQueue[0]: Scheduled running concurrent job GetToken:com.amazon.vizzini/com.amazon.dcp.sso.token.oauth.amazon.access_token.
06-16 03:07:59.959  1195 22666 I com.amazon.imp/MAPApplicationInformationQueryer[0]: Populate change for remote MAP info.
06-16 03:07:59.959  1195 22666 I com.amazon.imp/MAPApplicationInformationQueryer[0]: CacheContainsPartialResults? true
06-16 03:07:59.960  1195 22666 I com.amazon.imp/TokenJobQueue[0]: Finish executing task GetToken:com.amazon.vizzini/com.amazon.dcp.sso.token.oauth.amazon.access_token.
06-16 03:07:59.968  1937  8075 I chatty  : uid=10163(com.amazon.vizzini) Thread-802 expire 6 lines
06-16 03:08:00.015 20492 20889 I CevicheService: [pool-3-thread-1][HttpBatchTransporter] Response code: 200
06-16 03:08:00.016 20492 20889 I CevicheService: [pool-3-thread-1][HttpBatchTransporter] Response body: {}
06-16 03:08:00.091  1978 22683 I whad    : DeviceVisibilityManager:handleHeartbeat:seq=12185,xmit=122018417581767,recv=453310329287545,uniqueId=XX04V7,highNetworkLatency=1
06-16 03:08:00.157   534   914 I ArcusSyncManager/AmazonInputManager: onCapabilitiesChanged arcusId: arn:aws:remote-config:us-west-2:148732287600:appConfig:aezitige
06-16 03:08:00.157   534   914 I ArcusSyncManager/AmazonInputManager: onCapabilitiesChanged arcusId: arn:aws:remote-config:us-west-2:148732287600:appConfig:a06u7jxn
06-16 03:08:00.160  2559  2638 I ArcusSyncManager/RemoteDeviceManagerArcus: onCapabilitiesChanged arcusId: arn:aws:remote-config:us-west-2:875023860230:appConfig:aenxb37n
06-16 03:08:00.160  2814  3155 I NetworkMonitorStates: Network capabilities changed: 100, hasValidatedInternet=true, validatedNetworks: [100]
06-16 03:08:00.160  2814  3155 I NetworkMonitorStates: checkInternetState: validatedNetworks=[100], result=Available
06-16 03:08:00.161  2814  3155 I NetworkMonitorStates: updateInternetState: Available -> Available
06-16 03:08:00.161  2559  2638 I ArcusSyncManager/RemoteDeviceManagerArcus: onCapabilitiesChanged arcusId: arn:aws:remote-config:us-west-2:875023860230:appConfig:aenxb37n
06-16 03:08:00.168 20492 20889 I CevicheService: [pool-3-thread-1][HttpBatchTransporter] Response code: 200
06-16 03:08:00.169 20492 20889 I CevicheService: [pool-3-thread-1][HttpBatchTransporter] Response body: {}
06-16 03:08:00.232 22880 22880 I EMP_1.0.29753.0_CsmClientsCallbacksImpl: SendEventsQueueRequest: Finished invoking request (17) on retry (0).
06-16 03:08:00.232 22880 22880 I EMP_1.0.29753.0_BaseQueueRequest: UpdateDeviceContextQueueRequest: Executing request (18). Retry number (0).
06-16 03:08:00.232 22880 22880 I EMP_1.0.29753.0_UpdateDeviceContextQueueRequest: Attempting to update device context for namespace: [Alexa.PlaybackStateReporter], name: [playbackState].
06-16 03:08:00.256 22880 22880 I EMP_1.0.29753.0_CsmClientsCallbacksImpl: UpdateDeviceContextQueueRequest: Finished invoking request (18) on retry (0).
06-16 03:08:00.256 22880 22880 I EMP_1.0.29753.0_BaseQueueRequest: UpdateDeviceContextQueueRequest: Executing request (19). Retry number (0).
06-16 03:08:00.256 22880 22880 I EMP_1.0.29753.0_UpdateDeviceContextQueueRequest: Attempting to update device context for namespace: [ExternalMediaPlayer], name: [ExternalMediaPlayerState].
06-16 03:08:00.285 22880 22880 I EMP_1.0.29753.0_CsmClientsCallbacksImpl: UpdateDeviceContextQueueRequest: Finished invoking request (19) on retry (0).
06-16 03:08:00.351   534   634 I InputReader: Reconfiguring input devices.  changes=0x00000010
06-16 03:08:00.353 20492 20889 I CevicheService: [pool-3-thread-1][HttpBatchTransporter] Response code: 200
06-16 03:08:00.358 20492 20889 I CevicheService: [pool-3-thread-1][HttpBatchTransporter] Response body: {}
06-16 03:07:59.702   534   534 I AmzHdmiServiceCallback: power status is 0
06-16 03:08:00.370   534   534 I AmazonInputSwitchService: Received package installation event for com.amazon.ceviche
06-16 03:08:00.408 20492 20528 I WM-WorkerWrapper: Worker result SUCCESS for Work [ id=584ca470-f6ca-4a5f-be3d-39de147cb0b6, tags={ AsapPipeliner, com.amazon.ceviche.pipelines.asap.AsapWorker } ]
06-16 03:08:00.449 20123 20123 I Firebat : TrimMemoryCommandLogger - level=COMPLETE
06-16 03:08:00.460 20123 20123 I Firebat : Reporting metric [metricName=CommandRouter, metricSubName=TrimMemoryCommandLogger-ProcessingDuration, value=10.00]
06-16 03:08:00.459   534   550 W Searchables: No global search activity found
06-16 03:08:00.497   534   543 I system_server: Background concurrent copying GC freed 98819(5MB) AllocSpace objects, 45(1860KB) LOS objects, 26% free, 16MB/22MB, paused 515us total 338.552ms
06-16 03:08:00.510   534   550 W VoiceInteractionManagerService: no available voice interaction services found for user 0
06-16 03:08:00.513   534   550 I PackageRecency: Package com.amazon.ceviche has changed
06-16 03:08:00.514   534   550 W PackageRecency: No listeners found
06-16 03:08:00.556  1937  3560 I chatty  : uid=10163(com.amazon.vizzini) pool-8-thread-1 expire 42 lines
06-16 03:08:00.723 21455 23247 I AmazonAppstore.SideloadedAppManagerService: Received action: com.amazon.tv.action.PACKAGE_REMOVED
06-16 03:08:00.723 21455 23247 I AmazonAppstore.SideloadedAppManagerService: Table not updated, not sending broadcast.
06-16 03:08:00.724 21455 23247 I AmazonAppstore.SideloadedAppManagerService: Received action: com.amazon.tv.action.PACKAGE_ADDED
06-16 03:08:00.724 21455 23247 I AmazonAppstore.SideloadedAppManagerService: Table not updated, not sending broadcast.
06-16 03:08:00.745 21455 23248 I AmazonAppstore.Library/LibraryOrderService: Received action: com.amazon.tv.action.PACKAGE_REMOVED
06-16 03:08:00.754 21455 23248 I AmazonAppstore.Library/LibraryOrderService: Received action: com.amazon.tv.action.PACKAGE_ADDED
06-16 03:08:00.760 21455 23248 I AmazonAppstore.SystemAppUninstallHelper: returning uninstall supported apps from cache
06-16 03:08:00.762 21455 23248 I AmazonAppstore.Library/LibraryOrderService: Ignoring package added intent as it is a update for 3P or not a 2P stub based app install
06-16 03:08:00.819 21455 23249 I AmazonAppstore.AndroidKeystoreKeyProvider: Key already initialized in Keystore
06-16 03:08:00.837 21455 23249 I AmazonAppstore.CometConfigReader: Successfully loaded 7 excluded device types from CometConfig.db
06-16 03:08:00.844 21455 23249 I AmazonAppstore.DeviceInformation: Requesting device type from MAP
06-16 03:08:00.844 21455 23249 I AmazonAppstore.MigrationHelper: Device type: A265XOI9586NML, is in exclusion list in comet: false, Migration required: true
06-16 03:08:00.845 21455 23249 I AmazonAppstore.Install/AndroidPackageService: Received action: com.amazon.tv.action.PACKAGE_ADDED
06-16 03:08:03.133   534   908 E SELinux : avc:  denied  { see_home_task } for  scontext=u:r:platform_app:s0:c512,c768 tcontext=u:r:system_server:s0 tclass=amazon_policies permissive=0
06-16 03:08:03.167  2559  2638 I ArcusSyncManager/RemoteDeviceManagerArcus: onCapabilitiesChanged arcusId: arn:aws:remote-config:us-west-2:875023860230:appConfig:aenxb37n
06-16 03:08:03.168  2559  2638 I ArcusSyncManager/RemoteDeviceManagerArcus: onCapabilitiesChanged arcusId: arn:aws:remote-config:us-west-2:875023860230:appConfig:aenxb37n
06-16 03:08:03.168  2814  3155 I NetworkMonitorStates: Network capabilities changed: 100, hasValidatedInternet=true, validatedNetworks: [100]
06-16 03:08:03.168  2814  3155 I NetworkMonitorStates: checkInternetState: validatedNetworks=[100], result=Available
06-16 03:08:03.168  2814  3155 I NetworkMonitorStates: updateInternetState: Available -> Available
06-16 03:08:03.173   534   914 I ArcusSyncManager/AmazonInputManager: onCapabilitiesChanged arcusId: arn:aws:remote-config:us-west-2:148732287600:appConfig:aezitige
06-16 03:08:03.174   534   914 I ArcusSyncManager/AmazonInputManager: onCapabilitiesChanged arcusId: arn:aws:remote-config:us-west-2:148732287600:appConfig:a06u7jxn
06-16 03:08:03.312  1564  1564 I main.wifi_score: dump_wifi_score_ctxt(): is2g=0, is11ac=1, is11ax=0, chan_bw=80, nss=2, bcn_rssi=-78, data_rssi=-77, tx_ok=367243, tx_failed=106719, cca_idle_pct=95
06-16 03:08:03.312  1564  1564 I main.wifi_score: dump_wifi_score_ctxt(): last_tx_stats: sgi=0, pream=2, mcs=4, ss=2, bw=2
06-16 03:08:03.312  1564  1564 I main.wifi_score: cca_idle 95%, bcn_rssi -78, data_rssi -77, per 13% (ok=32, failed=5), AC MCS 4, BW 2 SS 2  350mbps, AMPDU length 64, dur 2745us UDP tput 260mbps.
06-16 03:08:03.312  1564  1564 I main.wifi_score: Score 6, mcs 40 (phyrate cur/min/avg/max= 350/116/355/702 mbps), expected  UDP throughput cur/min/avg/max= 260/86/271/500 mbps.
06-16 03:08:06.162   534   908 E SELinux : avc:  denied  { see_home_task } for  scontext=u:r:platform_app:s0:c512,c768 tcontext=u:r:system_server:s0 tclass=amazon_policies permissive=0
06-16 03:08:06.183  2559  2638 I ArcusSyncManager/RemoteDeviceManagerArcus: onCapabilitiesChanged arcusId: arn:aws:remote-config:us-west-2:875023860230:appConfig:aenxb37n
06-16 03:08:06.183  2559  2638 I ArcusSyncManager/RemoteDeviceManagerArcus: onCapabilitiesChanged arcusId: arn:aws:remote-config:us-west-2:875023860230:appConfig:aenxb37n
06-16 03:08:06.183   534   914 I ArcusSyncManager/AmazonInputManager: onCapabilitiesChanged arcusId: arn:aws:remote-config:us-west-2:148732287600:appConfig:aezitige
06-16 03:08:06.184   534   914 I ArcusSyncManager/AmazonInputManager: onCapabilitiesChanged arcusId: arn:aws:remote-config:us-west-2:148732287600:appConfig:a06u7jxn
06-16 03:08:06.184  2814  3155 I NetworkMonitorStates: Network capabilities changed: 100, hasValidatedInternet=true, validatedNetworks: [100]
06-16 03:08:06.184  2814  3155 I NetworkMonitorStates: checkInternetState: validatedNetworks=[100], result=Available
06-16 03:08:06.184  2814  3155 I NetworkMonitorStates: updateInternetState: Available -> Available
06-16 03:08:06.224  1564  1564 I main.wifi_score: dump_wifi_score_ctxt(): is2g=0, is11ac=1, is11ax=0, chan_bw=80, nss=2, bcn_rssi=-64, data_rssi=-77, tx_ok=367312, tx_failed=106728, cca_idle_pct=95
06-16 03:08:06.224  1564  1564 I main.wifi_score: dump_wifi_score_ctxt(): last_tx_stats: sgi=0, pream=0, mcs=1, ss=0, bw=0
06-16 03:08:06.307   327 21046 I Node    : dolby-audio-meter, AdapterPcmSystem adapter audio meter: channel 0; audio level: 0.000
06-16 03:08:06.307   327 21046 I Node    : dolby-audio-meter, AdapterPcmSystem adapter audio meter: channel 1; audio level: 0.000
