--------- beginning of system
06-15 07:19:23.431   370 10759 I chatty  : uid=0(root) /system/bin/perfmonitord expire 114 lines
06-15 07:19:24.917 10760 10760 I AmazonHdmiServiceManager: AmazonHdmiServiceManager created
06-15 07:19:25.154   534   534 I chatty  : uid=1000 system_server expire 310 lines
06-15 07:19:31.666   534  1620 I chatty  : uid=1000(system) Binder:534_9 expire 9 lines
06-15 07:19:32.420 10955 11000 I AmazonHdmiServiceManager: AmazonHdmiServiceManager created
06-15 07:20:48.593   392   463 I chatty  : uid=0(root) /system/bin/storaged expire 40 lines
06-15 07:22:38.460   534   551 I chatty  : uid=1000(system) ActivityManager expire 8 lines
06-15 07:25:48.713   534   550 I chatty  : uid=1000(system) android.bg expire 10 lines
06-15 07:29:17.734   370   370 I chatty  : uid=0(root) /system/bin/perfmonitord expire 12 lines
06-15 07:30:48.564   534  1130 I chatty  : uid=1000(system) Binder:534_6 expire 17 lines
06-15 07:56:05.503 12460 12479 I AmazonHdmiServiceManager: AmazonHdmiServiceManager created
06-15 07:56:05.629   534   553 I chatty  : uid=1000(system) ActivityManager expire 14 lines
06-15 07:56:11.863   534   534 I chatty  : uid=1000 system_server expire 641 lines
06-15 08:00:48.621   392   463 I chatty  : uid=0(root) /system/bin/storaged expire 79 lines
06-15 08:00:55.874   534  2093 I chatty  : uid=1000(system) Binder:534_F expire 13 lines
06-15 08:14:22.371   534   555 I chatty  : uid=1000(system) batterystats-wo expire 14 lines
06-15 08:19:24.384   370   370 I chatty  : uid=0(root) /system/bin/perfmonitord expire 69 lines
06-15 08:19:31.480   370 13288 I chatty  : uid=0(root) /system/bin/perfmonitord expire 117 lines
06-15 08:57:50.347   534  2479 I chatty  : uid=1000(system) Binder:534_14 expire 1 line
06-15 09:11:54.755   534  2079 I chatty  : uid=1000(system) Binder:534_C expire 5 lines
06-15 09:11:54.893 14756 14774 I AmazonHdmiServiceManager: AmazonHdmiServiceManager created
06-15 09:12:01.464   534   534 I chatty  : uid=1000 system_server expire 941 lines
06-15 09:19:32.458   370   370 I chatty  : uid=0(root) /system/bin/perfmonitord expire 139 lines
06-15 09:19:39.544   370 15290 I chatty  : uid=0(root) /system/bin/perfmonitord expire 120 lines
06-15 09:19:48.970   392   463 I chatty  : uid=0(root) /system/bin/storaged expire 112 lines
06-15 09:30:39.442   534  1460 I chatty  : uid=1000(system) pool-9-thread-1 expire 2 lines
06-15 09:40:54.550   534  2478 I chatty  : uid=1000(system) Binder:534_13 expire 2 lines
06-15 09:50:56.808   534   553 I chatty  : uid=1000(system) ActivityManager expire 23 lines
06-15 09:51:05.110   534  2487 I chatty  : uid=1000(system) Binder:534_1A expire 5 lines
06-15 10:00:38.991   534  2482 I chatty  : uid=1000(system) Binder:534_17 expire 10 lines
06-15 10:17:11.932   534   949 I chatty  : uid=1000(system) RuntimePersiste expire 5 lines
06-15 10:19:47.605   370 17180 I chatty  : uid=0(root) /system/bin/perfmonitord expire 114 lines
06-15 11:02:22.297 18437 18455 I AmazonHdmiServiceManager: AmazonHdmiServiceManager created
06-15 11:02:28.812   534   534 I chatty  : uid=1000 system_server expire 125 lines
06-15 11:11:49.182   392   463 I chatty  : uid=0(root) /system/bin/storaged expire 10 lines
06-15 11:17:20.429 19094 19094 E SchedPolicy: set_timerslack_ns write failed: Operation not permitted
06-15 11:17:20.430 19094 19094 I chatty  : uid=1000(system) identical 7 lines
06-15 11:17:20.430 19094 19094 E SchedPolicy: set_timerslack_ns write failed: Operation not permitted
06-15 11:17:20.475 19094 19108 W ContextImpl: Calling a method in the system process without a qualified user: android.app.ContextImpl.bindService:1655 android.content.ContextWrapper.bindService:698 com.amazon.minerva.client.core.MinervaServiceConnection.getService:113 com.amazon.minerva.client.core.MinervaServiceWrapper.getBoundService:81 com.amazon.minerva.client.core.MinervaServiceWrapper.getInstance:51 
06-15 11:17:24.393   534   534 I chatty  : uid=1000 system_server expire 1010 lines
06-15 11:18:47.347   534   553 I chatty  : uid=1000(system) ActivityManager expire 15 lines
06-15 11:19:48.588   370   370 I chatty  : uid=0(root) /system/bin/perfmonitord expire 140 lines
06-15 11:19:55.680   370 19235 I chatty  : uid=0(root) /system/bin/perfmonitord expire 121 lines
06-15 11:21:49.337   392   463 I chatty  : uid=0(root) /system/bin/storaged expire 118 lines
06-15 11:44:22.504   534   555 I chatty  : uid=1000(system) batterystats-wo expire 12 lines
06-15 12:20:03.767   370 21027 I chatty  : uid=0(root) /system/bin/perfmonitord expire 114 lines
06-15 12:57:50.237   534  2484 I chatty  : uid=1000(system) Binder:534_18 expire 2 lines
06-15 13:16:06.937   534  2083 I chatty  : uid=1000(system) Binder:534_E expire 8 lines
06-15 13:17:25.951 22767 22784 I AmazonHdmiServiceManager: AmazonHdmiServiceManager created
06-15 13:17:26.160   534   553 I chatty  : uid=1000(system) ActivityManager expire 11 lines
06-15 13:17:32.073   534   534 I chatty  : uid=1000 system_server expire 262 lines
06-15 13:17:36.370   534   550 I chatty  : uid=1000(system) android.bg expire 6 lines
06-15 13:19:13.661   534  2491 I chatty  : uid=1000(system) Binder:534_1D expire 1 line
06-15 13:19:49.704   392   463 I chatty  : uid=0(root) /system/bin/storaged expire 31 lines
06-15 13:20:04.747   370   370 I chatty  : uid=0(root) /system/bin/perfmonitord expire 70 lines
06-15 13:20:11.834   370 23199 I chatty  : uid=0(root) /system/bin/perfmonitord expire 122 lines
06-15 13:47:45.560   534  2482 I chatty  : uid=1000(system) Binder:534_17 expire 5 lines
06-15 13:47:45.582   534  2474 I chatty  : uid=1000(system) Binder:534_11 expire 11 lines
06-15 13:47:45.589   534  2504 I chatty  : uid=1000(system) Binder:534_20 expire 2 lines
06-15 13:48:26.261 23923 23923 I AmazonHdmiServiceManager: AmazonHdmiServiceManager created
06-15 13:48:27.733   534   534 I chatty  : uid=1000 system_server expire 534 lines
06-15 13:48:33.999 24102 24146 I AmazonHdmiServiceManager: AmazonHdmiServiceManager created
06-15 13:50:49.726   392   463 I chatty  : uid=0(root) /system/bin/storaged expire 70 lines
06-15 13:57:09.838   534   553 I chatty  : uid=1000(system) ActivityManager expire 15 lines
06-15 14:20:12.791   370   370 I chatty  : uid=0(root) /system/bin/perfmonitord expire 71 lines
06-15 14:20:19.888   370 25318 I chatty  : uid=0(root) /system/bin/perfmonitord expire 116 lines
06-15 14:44:22.662   534   555 I chatty  : uid=1000(system) batterystats-wo expire 10 lines
06-15 14:51:57.495 26131 26148 I AmazonHdmiServiceManager: AmazonHdmiServiceManager created
06-15 14:51:59.453   534   534 I chatty  : uid=1000 system_server expire 1100 lines
06-15 14:58:50.578   534   544 I chatty  : uid=1000(system) Binder:534_1 expire 3 lines
06-15 14:58:50.606   534  2261 I chatty  : uid=1000(system) Binder:534_10 expire 3 lines
06-15 15:00:49.916   392   463 I chatty  : uid=0(root) /system/bin/storaged expire 129 lines
06-15 15:20:20.858   370   370 I chatty  : uid=0(root) /system/bin/perfmonitord expire 199 lines
06-15 15:20:27.949   370 27279 I chatty  : uid=0(root) /system/bin/perfmonitord expire 119 lines
06-15 15:48:34.430   534   553 I chatty  : uid=1000(system) ActivityManager expire 5 lines
06-15 15:49:30.362   534  2093 I chatty  : uid=1000(system) Binder:534_F expire 1 line
06-15 16:20:36.044   370 29024 I chatty  : uid=0(root) /system/bin/perfmonitord expire 114 lines
06-15 16:39:17.778   534   624 I chatty  : uid=1000(system) AlarmManager expire 1 line
06-15 17:02:44.792   534   534 I chatty  : uid=1000 system_server expire 109 lines
06-15 17:09:50.275   392   463 I chatty  : uid=0(root) /system/bin/storaged expire 10 lines
06-15 17:14:22.791   534   555 I chatty  : uid=1000(system) batterystats-wo expire 2 lines
06-15 17:14:46.525   534   559 I chatty  : uid=1000(system) android.io expire 2 lines
06-15 17:15:45.633   534   551 I chatty  : uid=1000(system) ActivityManager expire 1 line
06-15 17:15:45.656   534   553 I chatty  : uid=1000(system) ActivityManager expire 11 lines
06-15 17:15:45.981   534   635 I chatty  : uid=1000(system) NetworkWatchlis expire 2 lines
06-15 17:15:47.074   534   939 I chatty  : uid=1000(system) APSArcusHelper expire 4 lines
06-15 17:15:47.242   534  1023 I chatty  : uid=1000(system) ContextualSSArc expire 1 line
06-15 17:15:47.388   534   937 I chatty  : uid=1000(system) PactArcusHelper expire 4 lines
06-15 17:15:47.684   534  2474 I chatty  : uid=1000(system) Binder:534_11 expire 6 lines
06-15 17:15:52.330   534   902 I chatty  : uid=1000(system) onProviders.ECP expire 2 lines
06-15 17:15:53.107 30606 30606 I AmazonHdmiServiceManager: AmazonHdmiServiceManager created
06-15 17:15:53.108   534  2476 I chatty  : uid=1000(system) Binder:534_12 expire 7 lines
06-15 17:16:00.082   534   534 I chatty  : uid=1000 system_server expire 20 lines
06-15 17:17:20.536 31158 31158 E SchedPolicy: set_timerslack_ns write failed: Operation not permitted
06-15 17:17:20.536 31158 31158 I chatty  : uid=1000(system) identical 7 lines
06-15 17:17:20.536 31158 31158 E SchedPolicy: set_timerslack_ns write failed: Operation not permitted
06-15 17:17:20.580 31158 31172 W ContextImpl: Calling a method in the system process without a qualified user: android.app.ContextImpl.bindService:1655 android.content.ContextWrapper.bindService:698 com.amazon.minerva.client.core.MinervaServiceConnection.getService:113 com.amazon.minerva.client.core.MinervaServiceWrapper.getBoundService:81 com.amazon.minerva.client.core.MinervaServiceWrapper.getInstance:51 
06-15 17:17:24.897  1491 31216 E ActivityThread: Failed to find provider info for com.amazon.dcp.ota.pendingupdates.internal
06-15 17:17:25.537   534   553 I chatty  : uid=1000(system) ActivityManager expire 12 lines
06-15 17:17:25.967 31284 31301 I AmazonHdmiServiceManager: AmazonHdmiServiceManager created
06-15 17:17:25.968   534  2479 I chatty  : uid=1000(system) Binder:534_14 expire 6 lines
06-15 17:17:26.058   534  2487 I chatty  : uid=1000(system) Binder:534_1A expire 2 lines
06-15 17:17:26.063   534   534 I chatty  : uid=1000 system_server expire 12 lines
06-15 17:17:28.273   534  2261 I chatty  : uid=1000(system) Binder:534_10 expire 3 lines
06-15 17:17:28.299   534   907 I chatty  : uid=1000(system) Binder:534_3 expire 1 line
06-15 17:17:32.066   534  2480 I chatty  : uid=1000(system) Binder:534_15 expire 5 lines
06-15 17:17:32.070   534 31447 I chatty  : uid=1000 system_server expire 1 line
06-15 17:17:36.641   534   550 I chatty  : uid=1000(system) android.bg expire 2 lines
06-15 17:17:36.678   534   935 I chatty  : uid=1000(system) AmazonProfileSe expire 2 lines
06-15 17:17:37.300   534  2504 I chatty  : uid=1000(system) Binder:534_20 expire 2 lines
06-15 17:18:16.967   534  1620 I chatty  : uid=1000(system) Binder:534_9 expire 1 line
06-15 17:18:17.230   534  2502 I chatty  : uid=1000(system) Binder:534_1E expire 1 line
06-15 17:18:17.249   534  2068 I chatty  : uid=1000(system) Binder:534_A expire 1 line
06-15 17:18:50.129  1081  1658 W ContextImpl: Calling a method in the system process without a qualified user: android.app.ContextImpl.bindService:1655 android.content.ContextWrapper.bindService:698 com.amazon.dcp.ota.ServiceBinder.startBind:159 com.amazon.dcp.ota.ServiceBinder.unsafeBind:83 com.amazon.dcp.ota.ServiceBinder.bind:68 
06-15 17:18:50.138   534   949 I chatty  : uid=1000(system) RuntimePersiste expire 1 line
06-15 17:18:52.033   534   534 I chatty  : uid=1000 system_server expire 11 lines
06-15 17:19:50.418   392   463 I chatty  : uid=0(root) /system/bin/storaged expire 2 lines
06-15 17:20:40.054   370   370 I chatty  : uid=0(root) /system/bin/perfmonitord expire 17 lines
06-15 17:20:44.129   370 31731 I chatty  : uid=0(root) /system/bin/perfmonitord expire 26 lines
06-15 17:20:58.701   534  2093 I chatty  : uid=1000(system) Binder:534_F expire 3 lines
06-15 17:20:58.726   534  2480 I chatty  : uid=1000(system) Binder:534_15 expire 4 lines
06-15 17:21:00.993   534   534 I chatty  : uid=1000 system_server expire 210 lines
06-15 17:21:09.134   370 31731 I chatty  : uid=0(root) /system/bin/perfmonitord expire 97 lines
06-15 17:21:50.419   392   463 I chatty  : uid=0(root) /system/bin/storaged expire 29 lines
06-15 17:28:06.369   534   553 I chatty  : uid=1000(system) ActivityManager expire 3 lines
06-15 17:28:07.467   534  2484 I chatty  : uid=1000(system) Binder:534_18 expire 1 line
06-15 17:28:09.500   534  2478 I chatty  : uid=1000(system) Binder:534_13 expire 3 lines
06-15 17:28:16.172   534   550 I chatty  : uid=1000(system) android.bg expire 1 line
06-15 17:30:38.434   370   370 I chatty  : uid=0(root) /system/bin/perfmonitord expire 10 lines
06-15 17:30:39.443   534  1460 I chatty  : uid=1000(system) pool-9-thread-1 expire 10 lines
06-15 17:32:31.382   534   624 I chatty  : uid=1000(system) AlarmManager expire 1 line
06-15 17:32:31.383   534   551 I chatty  : uid=1000(system) ActivityManager expire 1 line
06-15 17:44:22.849   534   555 I chatty  : uid=1000(system) batterystats-wo expire 4 lines
06-15 17:44:46.792   534   534 I chatty  : uid=1000 system_server expire 254 lines
06-15 17:45:31.537   534   553 I chatty  : uid=1000(system) ActivityManager expire 7 lines
06-15 17:45:35.088   534  2476 I chatty  : uid=1000(system) Binder:534_12 expire 7 lines
06-15 17:45:40.105   534  2504 I chatty  : uid=1000(system) Binder:534_20 expire 3 lines
06-15 17:45:40.134   534  2484 I chatty  : uid=1000(system) Binder:534_18 expire 4 lines
06-15 17:48:18.835   534   551 I chatty  : uid=1000(system) ActivityManager expire 6 lines
06-15 17:48:18.873   534  2093 I chatty  : uid=1000(system) Binder:534_F expire 1 line
06-15 17:48:18.880   534  2478 I chatty  : uid=1000(system) Binder:534_13 expire 2 lines
06-15 17:48:18.916   534   545 I chatty  : uid=1000(system) Binder:534_2 expire 1 line
06-15 17:50:50.440   392   463 I chatty  : uid=0(root) /system/bin/storaged expire 30 lines
06-15 18:16:10.855   534   949 I chatty  : uid=1000(system) RuntimePersiste expire 9 lines
06-15 18:16:12.850  1748  1796 I AmazonHdmiServiceManager: AmazonHdmiServiceManager created
06-15 18:16:13.459   370   370 I chatty  : uid=0(root) /system/bin/perfmonitord expire 71 lines
06-15 18:16:14.551   534  2486 I chatty  : uid=1000(system) Binder:534_19 expire 1 line
06-15 18:16:16.860  1632  1665 W PackageParser: Ignoring duplicate uses-permissions/uses-permissions-sdk-m: android.permission.SYSTEM_ALERT_WINDOW in package: com.amazon.firebat at: Binary XML file line #19
06-15 18:16:16.913  1632  1665 W SystemConfig: Got exception parsing permissions.
06-15 18:16:16.913  1632  1665 W SystemConfig: org.xmlpull.v1.XmlPullParserException: Unexpected start tag in /system/etc/permissions/amazon_signal_catcher_fosinit.xml: found fosinit, expected 'permissions' or 'config'
06-15 18:16:16.913  1632  1665 W SystemConfig: 	at com.android.server.SystemConfig.readPermissionsFromXml(SystemConfig.java:398)
06-15 18:16:16.913  1632  1665 W SystemConfig: 	at com.android.server.SystemConfig.readPermissions(SystemConfig.java:362)
06-15 18:16:16.913  1632  1665 W SystemConfig: 	at com.android.server.SystemConfig.<init>(SystemConfig.java:293)
06-15 18:16:16.913  1632  1665 W SystemConfig: 	at com.android.server.SystemConfig.getInstance(SystemConfig.java:177)
06-15 18:16:16.913  1632  1665 W SystemConfig: 	at com.amazon.android.internal.PhoenixSDKSupportPackageParser.parseUsesFeatureTag(PhoenixSDKSupportPackageParser.java:41)
06-15 18:16:16.913  1632  1665 W SystemConfig: 	at android.content.pm.VendorPackageParserCallback.callParseUsesFeatureTag(VendorPackageParserCallback.java:101)
06-15 18:16:16.913  1632  1665 W SystemConfig: 	at android.content.pm.PackageParser.parseBaseApkCommon(PackageParser.java:2162)
06-15 18:16:16.913  1632  1665 W SystemConfig: 	at android.content.pm.PackageParser.parseBaseApk(PackageParser.java:1948)
06-15 18:16:16.913  1632  1665 W SystemConfig: 	at android.content.pm.PackageParser.parseBaseApk(PackageParser.java:1343)
06-15 18:16:16.913  1632  1665 W SystemConfig: 	at android.content.pm.PackageParser.parseMonolithicPackage(PackageParser.java:1305)
06-15 18:16:16.913  1632  1665 W SystemConfig: 	at android.content.pm.PackageManager.getPackageArchiveInfo(PackageManager.java:4887)
06-15 18:16:16.913  1632  1665 W SystemConfig: 	at amazon.content.pm.AmazonPackageManagerImpl.getPackageArchiveInfo(AmazonPackageManagerImpl.java:723)
06-15 18:16:16.913  1632  1665 W SystemConfig: 	at com.amazon.android.content.pm.PackageManagerWrapper.getPackageArchiveInfo(PackageManagerWrapper.java:24)
06-15 18:16:16.913  1632  1665 W SystemConfig: 	at com.amazon.device.software.ota.tasks.validate.AppUpdateValidator.assertAppPackageMatchesPublishedUpdate(AppUpdateValidator.java:68)
06-15 18:16:16.913  1632  1665 W SystemConfig: 	at com.amazon.device.software.ota.tasks.validate.AppUpdateValidator.validateUpdate(AppUpdateValidator.java:44)
06-15 18:16:16.913  1632  1665 W SystemConfig: 	at com.amazon.device.software.ota.tasks.validate.ValidateUpdatesTask.call(ValidateUpdatesTask.java:34)
06-15 18:16:16.913  1632  1665 W SystemConfig: 	at com.amazon.device.software.ota.tasks.validate.ValidateUpdatesTask.call(ValidateUpdatesTask.java:14)
06-15 18:16:16.913  1632  1665 W SystemConfig: 	at java.util.concurrent.FutureTask.run(FutureTask.java:266)
06-15 18:16:16.913  1632  1665 W SystemConfig: 	at com.amazon.device.software.ota.handler.OtaTaskHandler.handleMessage(OtaTaskHandler.java:48)
06-15 18:16:16.913  1632  1665 W SystemConfig: 	at android.os.Handler.dispatchMessage(Handler.java:106)
06-15 18:16:16.913  1632  1665 W SystemConfig: 	at android.os.Looper.loop(Looper.java:211)
06-15 18:16:16.913  1632  1665 W SystemConfig: 	at android.os.HandlerThread.run(HandlerThread.java:65)
06-15 18:16:16.937  1632  1665 W SystemConfig: <assign-permission> with unknown uid "vendor_trackerd  in /system/etc/permissions/ama_features.xml at START_TAG (empty) <assign-permission name='com.amazon.permission.AMAZON_AMA_MANAGER' uid='vendor_trackerd'>@10:96 in java.io.FileReader@9d723f4
06-15 18:16:16.967  1632  1665 W PackageParser: Unknown element under <manifest>: queries at /cache/1781213099461-Signed_Firebat-pyro-release_320102310-1.apk Binary XML file line #109
06-15 18:16:18.488   534   534 I chatty  : uid=1000 system_server expire 1 line
06-15 18:16:20.124   534   576 I chatty  : uid=1000(system) PackageManager expire 50 lines
06-15 18:16:22.130   534   553 I chatty  : uid=1000(system) ActivityManager expire 19 lines
06-15 18:16:22.430   534  2486 I chatty  : uid=1000(system) Binder:534_19 expire 3 lines
06-15 18:16:22.490   534  2503 I chatty  : uid=1000(system) Binder:534_1F expire 3 lines
06-15 18:16:24.502   534  1618 I chatty  : uid=1000(system) Binder:534_8 expire 4 lines
06-15 18:16:25.443   534   534 I chatty  : uid=1000 system_server expire 11 lines
06-15 18:16:25.456   534  2474 I chatty  : uid=1000(system) Binder:534_11 expire 10 lines
06-15 18:16:41.269   534   545 I chatty  : uid=1000(system) Binder:534_2 expire 3 lines
06-15 18:16:41.271   534   551 I chatty  : uid=1000(system) ActivityManager expire 16 lines
06-15 18:16:41.395   534   550 I chatty  : uid=1000(system) android.bg expire 3 lines
06-15 18:16:41.571   534   949 I chatty  : uid=1000(system) RuntimePersiste expire 4 lines
06-15 18:16:41.753   534  2491 I chatty  : uid=1000(system) Binder:534_1D expire 5 lines
06-15 18:16:41.903  1081  1081 W ContextImpl: Calling a method in the system process without a qualified user: android.app.ContextImpl.sendBroadcast:1064 android.content.ContextWrapper.sendBroadcast:449 com.amazon.tifobserver.TvInputObserver$OnTvInputChangeRunnable.run:95 android.os.Handler.handleCallback:873 android.os.Handler.dispatchMessage:99 
06-15 18:16:42.713  2166  2166 E LoadedApk: Unable to instantiate appComponentFactory
06-15 18:16:42.713  2166  2166 E LoadedApk: java.lang.ClassNotFoundException: Didn't find class "com.amazon.alexamediaplayer.runtime.ftv.androidx" on path: DexPathList[[zip file "/system/framework/org.apache.http.legacy.boot.jar", zip file "/system/priv-app/MetricsApi/MetricsApi.apk", zip file "/system/priv-app/MinervaApi/MinervaApi.apk", zip file "/system/framework/FireOSPhoenixSDKNeoJavaServiceApi.jar", zip file "/system/framework/com.amazon.identity.auth.device.jar", zip file "/data/app/com.amazon.alexamediaplayer.runtime.ftv-vA6TUIoqRP0abhcKAEJ8ew==/base.apk"],nativeLibraryDirectories=[/data/app/com.amazon.alexamediaplayer.runtime.ftv-vA6TUIoqRP0abhcKAEJ8ew==/lib/arm, /data/app/com.amazon.alexamediaplayer.runtime.ftv-vA6TUIoqRP0abhcKAEJ8ew==/base.apk!/lib/armeabi-v7a, /system/lib]]
06-15 18:16:42.713  2166  2166 E LoadedApk: 	at dalvik.system.BaseDexClassLoader.findClass(BaseDexClassLoader.java:134)
06-15 18:16:42.713  2166  2166 E LoadedApk: 	at java.lang.ClassLoader.loadClass(ClassLoader.java:379)
06-15 18:16:42.713  2166  2166 E LoadedApk: 	at java.lang.ClassLoader.loadClass(ClassLoader.java:312)
06-15 18:16:42.713  2166  2166 E LoadedApk: 	at android.app.LoadedApk.createAppFactory(LoadedApk.java:244)
06-15 18:16:42.713  2166  2166 E LoadedApk: 	at android.app.LoadedApk.createOrUpdateClassLoaderLocked(LoadedApk.java:749)
06-15 18:16:42.713  2166  2166 E LoadedApk: 	at android.app.LoadedApk.getClassLoader(LoadedApk.java:828)
06-15 18:16:42.713  2166  2166 E LoadedApk: 	at android.app.LoadedApk.getResources(LoadedApk.java:1062)
06-15 18:16:42.713  2166  2166 E LoadedApk: 	at android.app.ContextImpl.createAppContext(ContextImpl.java:2397)
06-15 18:16:42.713  2166  2166 E LoadedApk: 	at android.app.ActivityThread.handleBindApplication(ActivityThread.java:5842)
06-15 18:16:42.713  2166  2166 E LoadedApk: 	at android.app.ActivityThread.access$1200(ActivityThread.java:208)
06-15 18:16:42.713  2166  2166 E LoadedApk: 	at android.app.ActivityThread$H.handleMessage(ActivityThread.java:1674)
06-15 18:16:42.713  2166  2166 E LoadedApk: 	at android.os.Handler.dispatchMessage(Handler.java:106)
06-15 18:16:42.713  2166  2166 E LoadedApk: 	at android.os.Looper.loop(Looper.java:211)
06-15 18:16:42.713  2166  2166 E LoadedApk: 	at android.app.ActivityThread.main(ActivityThread.java:6777)
06-15 18:16:42.713  2166  2166 E LoadedApk: 	at java.lang.reflect.Method.invoke(Native Method)
06-15 18:16:42.713  2166  2166 E LoadedApk: 	at com.android.internal.os.RuntimeInit$MethodAndArgsCaller.run(RuntimeInit.java:493)
06-15 18:16:42.713  2166  2166 E LoadedApk: 	at com.android.internal.os.ZygoteInit.main(ZygoteInit.java:858)
06-15 18:16:44.552   534  2487 I chatty  : uid=1000(system) Binder:534_1A expire 11 lines
06-15 18:16:44.673   534   552 I chatty  : uid=1000(system) android.ui expire 1 line
06-15 18:16:44.923  2389  2389 I AmazonHdmiServiceManager: AmazonHdmiServiceManager created
06-15 18:16:45.236   534  2544 I chatty  : uid=1000 system_server expire 1 line
06-15 18:16:46.973   534   534 I chatty  : uid=1000 system_server expire 24 lines
06-15 18:16:47.295   534  2478 I chatty  : uid=1000(system) Binder:534_13 expire 4 lines
06-15 18:16:47.554   534  2476 I chatty  : uid=1000(system) Binder:534_12 expire 5 lines
06-15 18:16:50.736   534  2504 I chatty  : uid=1000(system) Binder:534_20 expire 7 lines
06-15 18:16:53.457   534   935 I chatty  : uid=1000(system) AmazonProfileSe expire 1 line
06-15 18:17:54.922   534  2083 I chatty  : uid=1000(system) Binder:534_E expire 2 lines
06-15 18:17:55.463   534  2488 I chatty  : uid=1000(system) Binder:534_1B expire 1 line
06-15 18:17:55.482   534  2481 I chatty  : uid=1000(system) Binder:534_16 expire 2 lines
06-15 18:18:42.482  2103  2103 E ActivityThread: Service com.amazon.alexa.externalmediaplayeragent.ExternalMediaPlayerAgentService has leaked ServiceConnection amazon.speech.simclient.event.EventClient$1@27c5378 that was originally bound here
06-15 18:18:42.482  2103  2103 E ActivityThread: android.app.ServiceConnectionLeaked: Service com.amazon.alexa.externalmediaplayeragent.ExternalMediaPlayerAgentService has leaked ServiceConnection amazon.speech.simclient.event.EventClient$1@27c5378 that was originally bound here
06-15 18:18:42.482  2103  2103 E ActivityThread: 	at android.app.LoadedApk$ServiceDispatcher.<init>(LoadedApk.java:1641)
06-15 18:18:42.482  2103  2103 E ActivityThread: 	at android.app.LoadedApk.getServiceDispatcher(LoadedApk.java:1533)
06-15 18:18:42.482  2103  2103 E ActivityThread: 	at android.app.ContextImpl.bindServiceCommon(ContextImpl.java:1703)
06-15 18:18:42.482  2103  2103 E ActivityThread: 	at android.app.ContextImpl.bindService(ContextImpl.java:1656)
06-15 18:18:42.482  2103  2103 E ActivityThread: 	at android.content.ContextWrapper.bindService(ContextWrapper.java:698)
06-15 18:18:42.482  2103  2103 E ActivityThread: 	at amazon.speech.simclient.common.ServiceConnectionManager.bindCommon(ServiceConnectionManager.java:325)
06-15 18:18:42.482  2103  2103 E ActivityThread: 	at amazon.speech.simclient.common.AsyncServiceConnectionManager$1.run(AsyncServiceConnectionManager.java:78)
06-15 18:18:42.482  2103  2103 E ActivityThread: 	at java.util.concurrent.ThreadPoolExecutor.runWorker(ThreadPoolExecutor.java:1167)
06-15 18:18:42.482  2103  2103 E ActivityThread: 	at java.util.concurrent.ThreadPoolExecutor$Worker.run(ThreadPoolExecutor.java:641)
06-15 18:18:42.482  2103  2103 E ActivityThread: 	at java.lang.Thread.run(Thread.java:764)
06-15 18:18:42.488  2103  2103 E ActivityThread: Service com.amazon.alexa.externalmediaplayeragent.ExternalMediaPlayerAgentService has leaked ServiceConnection amazon.speech.simclient.focus.ExplicitFocusClient$1@2c27ce2 that was originally bound here
06-15 18:18:42.488  2103  2103 E ActivityThread: android.app.ServiceConnectionLeaked: Service com.amazon.alexa.externalmediaplayeragent.ExternalMediaPlayerAgentService has leaked ServiceConnection amazon.speech.simclient.focus.ExplicitFocusClient$1@2c27ce2 that was originally bound here
06-15 18:18:42.488  2103  2103 E ActivityThread: 	at android.app.LoadedApk$ServiceDispatcher.<init>(LoadedApk.java:1641)
06-15 18:18:42.488  2103  2103 E ActivityThread: 	at android.app.LoadedApk.getServiceDispatcher(LoadedApk.java:1533)
06-15 18:18:42.488  2103  2103 E ActivityThread: 	at android.app.ContextImpl.bindServiceCommon(ContextImpl.java:1703)
06-15 18:18:42.488  2103  2103 E ActivityThread: 	at android.app.ContextImpl.bindService(ContextImpl.java:1656)
06-15 18:18:42.488  2103  2103 E ActivityThread: 	at android.content.ContextWrapper.bindService(ContextWrapper.java:698)
06-15 18:18:42.488  2103  2103 E ActivityThread: 	at amazon.speech.simclient.common.ServiceConnectionManager.bindCommon(ServiceConnectionManager.java:325)
06-15 18:18:42.488  2103  2103 E ActivityThread: 	at amazon.speech.simclient.common.AsyncServiceConnectionManager$1.run(AsyncServiceConnectionManager.java:78)
06-15 18:18:42.488  2103  2103 E ActivityThread: 	at java.util.concurrent.ThreadPoolExecutor.runWorker(ThreadPoolExecutor.java:1167)
06-15 18:18:42.488  2103  2103 E ActivityThread: 	at java.util.concurrent.ThreadPoolExecutor$Worker.run(ThreadPoolExecutor.java:641)
06-15 18:18:42.488  2103  2103 E ActivityThread: 	at java.lang.Thread.run(Thread.java:764)
06-15 18:18:42.497  2103  2103 E ActivityThread: Service com.amazon.alexa.externalmediaplayeragent.ExternalMediaPlayerAgentService has leaked ServiceConnection android.media.browse.MediaBrowser$MediaServiceConnection@38a656e that was originally bound here
06-15 18:18:42.497  2103  2103 E ActivityThread: android.app.ServiceConnectionLeaked: Service com.amazon.alexa.externalmediaplayeragent.ExternalMediaPlayerAgentService has leaked ServiceConnection android.media.browse.MediaBrowser$MediaServiceConnection@38a656e that was originally bound here
06-15 18:18:42.497  2103  2103 E ActivityThread: 	at android.app.LoadedApk$ServiceDispatcher.<init>(LoadedApk.java:1641)
06-15 18:18:42.497  2103  2103 E ActivityThread: 	at android.app.LoadedApk.getServiceDispatcher(LoadedApk.java:1533)
06-15 18:18:42.497  2103  2103 E ActivityThread: 	at android.app.ContextImpl.bindServiceCommon(ContextImpl.java:1703)
06-15 18:18:42.497  2103  2103 E ActivityThread: 	at android.app.ContextImpl.bindService(ContextImpl.java:1656)
06-15 18:18:42.497  2103  2103 E ActivityThread: 	at android.content.ContextWrapper.bindService(ContextWrapper.java:698)
06-15 18:18:42.497  2103  2103 E ActivityThread: 	at android.media.browse.MediaBrowser$1.run(MediaBrowser.java:187)
06-15 18:18:42.497  2103  2103 E ActivityThread: 	at android.os.Handler.handleCallback(Handler.java:873)
06-15 18:18:42.497  2103  2103 E ActivityThread: 	at android.os.Handler.dispatchMessage(Handler.java:99)
06-15 18:18:42.497  2103  2103 E ActivityThread: 	at android.os.Looper.loop(Looper.java:211)
06-15 18:18:42.497  2103  2103 E ActivityThread: 	at android.os.HandlerThread.run(HandlerThread.java:65)
06-15 18:18:42.508  2103  2103 E ActivityThread: Service com.amazon.alexa.externalmediaplayeragent.ExternalMediaPlayerAgentService has leaked ServiceConnection android.media.browse.MediaBrowser$MediaServiceConnection@5a5806c that was originally bound here
06-15 18:18:42.508  2103  2103 E ActivityThread: android.app.ServiceConnectionLeaked: Service com.amazon.alexa.externalmediaplayeragent.ExternalMediaPlayerAgentService has leaked ServiceConnection android.media.browse.MediaBrowser$MediaServiceConnection@5a5806c that was originally bound here
06-15 18:18:42.508  2103  2103 E ActivityThread: 	at android.app.LoadedApk$ServiceDispatcher.<init>(LoadedApk.java:1641)
06-15 18:18:42.508  2103  2103 E ActivityThread: 	at android.app.LoadedApk.getServiceDispatcher(LoadedApk.java:1533)
06-15 18:18:42.508  2103  2103 E ActivityThread: 	at android.app.ContextImpl.bindServiceCommon(ContextImpl.java:1703)
06-15 18:18:42.508  2103  2103 E ActivityThread: 	at android.app.ContextImpl.bindService(ContextImpl.java:1656)
06-15 18:18:42.508  2103  2103 E ActivityThread: 	at android.content.ContextWrapper.bindService(ContextWrapper.java:698)
06-15 18:18:42.508  2103  2103 E ActivityThread: 	at android.media.browse.MediaBrowser$1.run(MediaBrowser.java:187)
06-15 18:18:42.508  2103  2103 E ActivityThread: 	at android.os.Handler.handleCallback(Handler.java:873)
06-15 18:18:42.508  2103  2103 E ActivityThread: 	at android.os.Handler.dispatchMessage(Handler.java:99)
06-15 18:18:42.508  2103  2103 E ActivityThread: 	at android.os.Looper.loop(Looper.java:211)
06-15 18:18:42.508  2103  2103 E ActivityThread: 	at android.os.HandlerThread.run(HandlerThread.java:65)
06-15 18:18:42.517  2103  2103 E ActivityThread: Service com.amazon.alexa.externalmediaplayeragent.ExternalMediaPlayerAgentService has leaked ServiceConnection amazon.speech.simclient.directive.DirectiveClient$2@6613325 that was originally bound here
06-15 18:18:42.517  2103  2103 E ActivityThread: android.app.ServiceConnectionLeaked: Service com.amazon.alexa.externalmediaplayeragent.ExternalMediaPlayerAgentService has leaked ServiceConnection amazon.speech.simclient.directive.DirectiveClient$2@6613325 that was originally bound here
06-15 18:18:42.517  2103  2103 E ActivityThread: 	at android.app.LoadedApk$ServiceDispatcher.<init>(LoadedApk.java:1641)
06-15 18:18:42.517  2103  2103 E ActivityThread: 	at android.app.LoadedApk.getServiceDispatcher(LoadedApk.java:1533)
06-15 18:18:42.517  2103  2103 E ActivityThread: 	at android.app.ContextImpl.bindServiceCommon(ContextImpl.java:1703)
06-15 18:18:42.517  2103  2103 E ActivityThread: 	at android.app.ContextImpl.bindService(ContextImpl.java:1656)
06-15 18:18:42.517  2103  2103 E ActivityThread: 	at android.content.ContextWrapper.bindService(ContextWrapper.java:698)
06-15 18:18:42.517  2103  2103 E ActivityThread: 	at amazon.speech.simclient.common.ServiceConnectionManager.bindCommon(ServiceConnectionManager.java:325)
06-15 18:18:42.517  2103  2103 E ActivityThread: 	at amazon.speech.simclient.common.AsyncServiceConnectionManager$1.run(AsyncServiceConnectionManager.java:78)
06-15 18:18:42.517  2103  2103 E ActivityThread: 	at java.util.concurrent.ThreadPoolExecutor.runWorker(ThreadPoolExecutor.java:1167)
06-15 18:18:42.517  2103  2103 E ActivityThread: 	at java.util.concurrent.ThreadPoolExecutor$Worker.run(ThreadPoolExecutor.java:641)
06-15 18:18:42.517  2103  2103 E ActivityThread: 	at java.lang.Thread.run(Thread.java:764)
06-15 18:18:42.524  2103  2103 E ActivityThread: Service com.amazon.alexa.externalmediaplayeragent.ExternalMediaPlayerAgentService has leaked ServiceConnection amazon.speech.simclient.context.ContextClient$1@7a83873 that was originally bound here
06-15 18:18:42.524  2103  2103 E ActivityThread: android.app.ServiceConnectionLeaked: Service com.amazon.alexa.externalmediaplayeragent.ExternalMediaPlayerAgentService has leaked ServiceConnection amazon.speech.simclient.context.ContextClient$1@7a83873 that was originally bound here
06-15 18:18:42.524  2103  2103 E ActivityThread: 	at android.app.LoadedApk$ServiceDispatcher.<init>(LoadedApk.java:1641)
06-15 18:18:42.524  2103  2103 E ActivityThread: 	at android.app.LoadedApk.getServiceDispatcher(LoadedApk.java:1533)
06-15 18:18:42.524  2103  2103 E ActivityThread: 	at android.app.ContextImpl.bindServiceCommon(ContextImpl.java:1703)
06-15 18:18:42.524  2103  2103 E ActivityThread: 	at android.app.ContextImpl.bindService(ContextImpl.java:1656)
06-15 18:18:42.524  2103  2103 E ActivityThread: 	at android.content.ContextWrapper.bindService(ContextWrapper.java:698)
06-15 18:18:42.524  2103  2103 E ActivityThread: 	at amazon.speech.simclient.common.ServiceConnectionManager.bindCommon(ServiceConnectionManager.java:325)
06-15 18:18:42.524  2103  2103 E ActivityThread: 	at amazon.speech.simclient.common.AsyncServiceConnectionManager$1.run(AsyncServiceConnectionManager.java:78)
06-15 18:18:42.524  2103  2103 E ActivityThread: 	at java.util.concurrent.ThreadPoolExecutor.runWorker(ThreadPoolExecutor.java:1167)
06-15 18:18:42.524  2103  2103 E ActivityThread: 	at java.util.concurrent.ThreadPoolExecutor$Worker.run(ThreadPoolExecutor.java:641)
06-15 18:18:42.524  2103  2103 E ActivityThread: 	at java.lang.Thread.run(Thread.java:764)
06-15 18:18:48.743   534   534 I chatty  : uid=1000 system_server expire 244 lines
06-15 18:20:32.639   534   553 I chatty  : uid=1000(system) ActivityManager expire 2 lines
06-15 18:20:50.615   392   463 I chatty  : uid=0(root) /system/bin/storaged expire 31 lines
06-15 18:20:52.213   370  3443 I chatty  : uid=0(root) /system/bin/perfmonitord expire 118 lines
06-15 18:30:46.512   370   370 I chatty  : uid=0(root) /system/bin/perfmonitord expire 10 lines
06-15 18:44:22.912   534   555 I chatty  : uid=1000(system) batterystats-wo expire 2 lines
06-15 18:48:22.704   534   551 I chatty  : uid=1000(system) ActivityManager expire 2 lines
06-15 18:48:22.768   534  2487 I chatty  : uid=1000(system) Binder:534_1A expire 1 line
06-15 18:48:22.773   534   907 I chatty  : uid=1000(system) Binder:534_3 expire 1 line
06-15 18:48:22.783   534  2261 W AmzDisplayModeConverter: Display.Mode cannot be mapped to auto, please use getHighestPriorityMode to get a valid id
06-15 18:48:25.623   534   534 I AmzHdmiServiceCallback: power status is 3
06-15 18:48:47.122   534   534 I AmzHdmiServiceCallback: power status is 3
06-15 18:48:54.282   534   534 I AmzHdmiServiceCallback: power status is 3
06-15 18:49:37.263   534   534 I chatty  : uid=1000 system_server identical 13 lines
06-15 18:49:44.432   534   534 I AmzHdmiServiceCallback: power status is 3
06-15 18:49:51.603   534   534 I AmzHdmiServiceCallback: power status is 3
06-15 18:50:48.902   534   534 I AmzHdmiServiceCallback: power status is 3
06-15 18:50:56.083   534   534 I AmzHdmiServiceCallback: power status is 3
06-15 18:51:39.062   534   534 I chatty  : uid=1000 system_server identical 12 lines
06-15 18:51:46.222   534   534 I AmzHdmiServiceCallback: power status is 3
06-15 18:51:50.637   392   463 I chatty  : uid=0(root) /system/bin/storaged expire 10 lines
06-15 18:51:53.403   534   534 I AmzHdmiServiceCallback: power status is 3
06-15 18:52:43.552   534   534 I AmzHdmiServiceCallback: power status is 3
06-15 18:52:50.712   534   534 I AmzHdmiServiceCallback: power status is 3
06-15 18:53:40.874   534   534 I chatty  : uid=1000 system_server identical 13 lines
06-15 18:53:48.033   534   534 I AmzHdmiServiceCallback: power status is 3
06-15 18:53:55.193   534   534 I AmzHdmiServiceCallback: power status is 3
06-15 18:54:45.352   534   534 I AmzHdmiServiceCallback: power status is 3
06-15 18:54:52.513   534   534 I AmzHdmiServiceCallback: power status is 3
06-15 18:55:42.662   534   534 I chatty  : uid=1000 system_server identical 13 lines
06-15 18:55:49.823   534   534 I AmzHdmiServiceCallback: power status is 3
06-15 18:55:56.993   534   534 I AmzHdmiServiceCallback: power status is 3
06-15 18:56:47.152   534   534 I AmzHdmiServiceCallback: power status is 3
06-15 18:56:54.302   534   534 I AmzHdmiServiceCallback: power status is 3
06-15 18:57:37.302   534   534 I chatty  : uid=1000 system_server identical 12 lines
06-15 18:57:44.462   534   534 I AmzHdmiServiceCallback: power status is 3
06-15 18:57:46.896   534   553 I ActivityManager: Start proc 4514:com.amazon.venezia/u0a162 for service com.amazon.venezia/com.amazon.sdk.availability.UploadMeasurementsSyncAdapter$SyncAdapterService
06-15 18:57:50.452   534  1620 I ActivityManager: Killing 2103:com.amazon.alexa.externalmediaplayer.fireos/u0a69 (adj 903): empty for 2408s
06-15 18:57:50.476   534  2488 W AmzDisplayModeConverter: Display.Mode cannot be mapped to auto, please use getHighestPriorityMode to get a valid id
06-15 18:57:51.623   534   534 I AmzHdmiServiceCallback: power status is 3
06-15 18:57:55.148   534   553 I ActivityManager: Start proc 4647:com.android.providers.downloads/u0a32 for content provider com.android.providers.downloads/.DownloadProvider
06-15 18:57:55.296   534  2488 I ActivityManager: Killing 2707:com.android.providers.tv/u0a55 (adj 903): empty for 2393s
06-15 18:57:55.318   534  2488 W AmzDisplayModeConverter: Display.Mode cannot be mapped to auto, please use getHighestPriorityMode to get a valid id
06-15 18:57:58.783   534   534 I AmzHdmiServiceCallback: power status is 3
06-15 18:58:48.942   534   534 I AmzHdmiServiceCallback: power status is 3
06-15 18:58:56.103   534   534 I AmzHdmiServiceCallback: power status is 3
06-15 18:59:39.102   534   534 I chatty  : uid=1000 system_server identical 12 lines
06-15 18:59:46.263   534   534 I AmzHdmiServiceCallback: power status is 3
06-15 18:59:53.423   534   534 I AmzHdmiServiceCallback: power status is 3
06-15 19:00:43.583   534   534 I AmzHdmiServiceCallback: power status is 3
06-15 19:00:50.742   534   534 I AmzHdmiServiceCallback: power status is 3
06-15 19:01:40.902   534   534 I chatty  : uid=1000 system_server identical 13 lines
06-15 19:01:48.063   534   534 I AmzHdmiServiceCallback: power status is 3
06-15 19:01:50.643   392   463 I chatty  : uid=0(root) /system/bin/storaged expire 10 lines
06-15 19:01:55.222   534   534 I AmzHdmiServiceCallback: power status is 3
06-15 19:02:45.384   534   534 I AmzHdmiServiceCallback: power status is 3
06-15 19:02:52.542   534   534 I AmzHdmiServiceCallback: power status is 3
06-15 19:03:42.692   534   534 I chatty  : uid=1000 system_server identical 13 lines
06-15 19:03:49.853   534   534 I AmzHdmiServiceCallback: power status is 3
06-15 19:03:57.012   534   534 I AmzHdmiServiceCallback: power status is 3
06-15 19:04:47.172   534   534 I AmzHdmiServiceCallback: power status is 3
06-15 19:04:54.332   534   534 I AmzHdmiServiceCallback: power status is 3
06-15 19:05:37.332   534   534 I chatty  : uid=1000 system_server identical 13 lines
06-15 19:05:44.493   534   534 I AmzHdmiServiceCallback: power status is 3
06-15 19:05:51.653   534   534 I AmzHdmiServiceCallback: power status is 3
06-15 19:06:48.973   534   534 I AmzHdmiServiceCallback: power status is 3
06-15 19:06:56.132   534   534 I AmzHdmiServiceCallback: power status is 3
06-15 19:07:31.953   534   534 I chatty  : uid=1000 system_server identical 15 lines
06-15 19:07:39.112   534   534 I AmzHdmiServiceCallback: power status is 3
06-15 19:07:40.857   534   553 I ActivityManager: Start proc 4920:com.android.providers.tv/u0a55 for content provider com.android.providers.tv/.TvProvider
06-15 19:07:46.293   534   534 I AmzHdmiServiceCallback: power status is 3
06-15 19:07:53.453   534   534 I AmzHdmiServiceCallback: power status is 3
06-15 19:08:22.112   534   534 I AmzHdmiServiceCallback: power status is 3
06-15 19:08:23.995   534  2488 I ActivityManager: Killing 31330:com.amazon.prism.android.service:remote/u0a119 (adj 903): empty for 3022s
06-15 19:08:24.015   534  2488 W AmzDisplayModeConverter: Display.Mode cannot be mapped to auto, please use getHighestPriorityMode to get a valid id
06-15 19:08:29.273   534   534 I AmzHdmiServiceCallback: power status is 3
06-15 19:08:43.592   534   534 I AmzHdmiServiceCallback: power status is 3
06-15 19:08:50.772   534   534 I AmzHdmiServiceCallback: power status is 3
06-15 19:08:54.347   534   624 W ActivityManager: Background start not allowed: service Intent { act=com.android.providers.tv.intent.CLEAN_UP_EPG_DATA flg=0x4 cmp=com.android.providers.tv/.EpgDataCleanupService (has extras) } to com.android.providers.tv/.EpgDataCleanupService from pid=-1 uid=10055 pkg=com.android.providers.tv startFg?=false
06-15 19:08:57.932   534   534 I AmzHdmiServiceCallback: power status is 3
06-15 19:09:48.073   534   534 I AmzHdmiServiceCallback: power status is 3
06-15 19:09:55.253   534   534 I AmzHdmiServiceCallback: power status is 3
06-15 19:10:38.232   534   534 I chatty  : uid=1000 system_server identical 13 lines
06-15 19:10:45.402   534   534 I AmzHdmiServiceCallback: power status is 3
06-15 19:10:52.562   534   534 I AmzHdmiServiceCallback: power status is 3
06-15 19:11:49.883   534   534 I AmzHdmiServiceCallback: power status is 3
06-15 19:11:50.650   392   463 I chatty  : uid=0(root) /system/bin/storaged expire 10 lines
06-15 19:11:57.042   534   534 I AmzHdmiServiceCallback: power status is 3
06-15 19:12:40.023   534   534 I chatty  : uid=1000 system_server identical 12 lines
06-15 19:12:47.204   534   534 I AmzHdmiServiceCallback: power status is 3
06-15 19:12:54.362   534   534 I AmzHdmiServiceCallback: power status is 3
06-15 19:13:44.512   534   534 I AmzHdmiServiceCallback: power status is 3
06-15 19:13:51.673   534   534 I AmzHdmiServiceCallback: power status is 3
06-15 19:14:13.172   534   534 I chatty  : uid=1000 system_server identical 11 lines
06-15 19:14:20.333   534   534 I AmzHdmiServiceCallback: power status is 3
06-15 19:14:22.898   534   555 E BatteryExternalStatsWorker: no controller energy info supplied for wifi
06-15 19:14:22.902   534   555 E BatteryExternalStatsWorker: no controller energy info supplied for telephony
06-15 19:14:27.492   534   534 I AmzHdmiServiceCallback: power status is 3
06-15 19:14:49.003   534   534 I AmzHdmiServiceCallback: power status is 3
06-15 19:14:56.162   534   534 I AmzHdmiServiceCallback: power status is 3
06-15 19:15:46.323   534   534 I AmzHdmiServiceCallback: power status is 3
06-15 19:15:52.303   534   553 I ActivityManager: Start proc 5169:com.amazon.device.crashmanager/u0a15 for service com.amazon.device.crashmanager/.CrashJobService
06-15 19:15:52.722   534   907 E CrashReporterServiceReader: Read file is empty
06-15 19:15:53.483   534   534 I AmzHdmiServiceCallback: power status is 3
06-15 19:16:36.462   534   534 I chatty  : uid=1000 system_server identical 11 lines
06-15 19:16:43.623   534   534 I AmzHdmiServiceCallback: power status is 3
06-15 19:16:50.802   534   534 I AmzHdmiServiceCallback: power status is 3
06-15 19:17:12.292   534   534 I AmzHdmiServiceCallback: power status is 3
06-15 19:17:13.067   534   553 I ActivityManager: Start proc 5254:com.amazon.prism.android.service/u0a119 for service com.amazon.prism.android.service/.configuration.synchronization.SyncRemoteConfigJobService
06-15 19:17:19.453   534   534 I AmzHdmiServiceCallback: power status is 3
06-15 19:17:48.103   534   534 I AmzHdmiServiceCallback: power status is 3
06-15 19:17:55.282   534   534 I AmzHdmiServiceCallback: power status is 3
06-15 19:18:38.263   534   534 I chatty  : uid=1000 system_server identical 13 lines
06-15 19:18:45.422   534   534 I AmzHdmiServiceCallback: power status is 3
06-15 19:18:52.593   534   534 I AmzHdmiServiceCallback: power status is 3
06-15 19:19:49.913   534   534 I AmzHdmiServiceCallback: power status is 3
06-15 19:19:57.072   534   534 I AmzHdmiServiceCallback: power status is 3
06-15 19:20:40.052   534   534 I chatty  : uid=1000 system_server identical 6 lines
06-15 19:20:47.213   534   534 I AmzHdmiServiceCallback: power status is 3
06-15 19:20:53.188   370   370 I chatty  : uid=0(root) /system/bin/perfmonitord expire 59 lines
06-15 19:20:54.383   534   534 I AmzHdmiServiceCallback: power status is 3
06-15 19:21:00.285   370  5396 I chatty  : uid=0(root) /system/bin/perfmonitord expire 17 lines
06-15 19:21:01.543   534   534 I AmzHdmiServiceCallback: power status is 3
06-15 19:21:08.723   534   534 I AmzHdmiServiceCallback: power status is 3
06-15 19:21:15.883   534   534 I AmzHdmiServiceCallback: power status is 3
06-15 19:21:16.288   370  5396 I chatty  : uid=0(root) /system/bin/perfmonitord expire 14 lines
06-15 19:21:23.042   534   534 I AmzHdmiServiceCallback: power status is 3
06-15 19:21:30.202   534   534 I AmzHdmiServiceCallback: power status is 3
06-15 19:21:30.290   370  5396 I chatty  : uid=0(root) /system/bin/perfmonitord expire 15 lines
06-15 19:21:37.382   534   534 I AmzHdmiServiceCallback: power status is 3
06-15 19:21:44.532   534   534 I AmzHdmiServiceCallback: power status is 3
06-15 19:21:45.293   370  5396 I chatty  : uid=0(root) /system/bin/perfmonitord expire 14 lines
06-15 19:21:50.801   392   463 I chatty  : uid=0(root) /system/bin/storaged expire 1 line
06-15 19:21:51.693   534   534 I AmzHdmiServiceCallback: power status is 3
06-15 19:21:58.872   534   534 I AmzHdmiServiceCallback: power status is 3
06-15 19:21:59.295   370  5396 I chatty  : uid=0(root) /system/bin/perfmonitord expire 14 lines
06-15 19:22:06.033   534   534 I AmzHdmiServiceCallback: power status is 3
06-15 19:22:13.192   534   534 I AmzHdmiServiceCallback: power status is 3
06-15 19:22:13.298   370  5396 I chatty  : uid=0(root) /system/bin/perfmonitord expire 15 lines
06-15 19:22:20.353   534   534 I AmzHdmiServiceCallback: power status is 3
06-15 19:22:27.533   534   534 I AmzHdmiServiceCallback: power status is 3
06-15 19:22:28.300   370  5396 I chatty  : uid=0(root) /system/bin/perfmonitord expire 14 lines
06-15 19:22:34.692   534   534 I AmzHdmiServiceCallback: power status is 3
06-15 19:22:41.853   534   534 I AmzHdmiServiceCallback: power status is 3
06-15 19:22:42.303   370  5396 I chatty  : uid=0(root) /system/bin/perfmonitord expire 12 lines
06-15 19:22:49.012   534   534 I AmzHdmiServiceCallback: power status is 3
06-15 19:22:50.801   392   463 I chatty  : uid=0(root) /system/bin/storaged expire 10 lines
06-15 19:22:56.192   534   534 I AmzHdmiServiceCallback: power status is 3
06-15 19:23:39.163   534   534 I chatty  : uid=1000 system_server identical 12 lines
06-15 19:23:46.333   534   534 I AmzHdmiServiceCallback: power status is 3
06-15 19:23:53.493   534   534 I AmzHdmiServiceCallback: power status is 3
06-15 19:24:43.652   534   534 I AmzHdmiServiceCallback: power status is 3
06-15 19:24:50.813   534   534 I AmzHdmiServiceCallback: power status is 3
06-15 19:25:40.963   534   534 I chatty  : uid=1000 system_server identical 13 lines
06-15 19:25:48.133   534   534 I AmzHdmiServiceCallback: power status is 3
06-15 19:25:55.292   534   534 I AmzHdmiServiceCallback: power status is 3
06-15 19:26:45.453   534   534 I AmzHdmiServiceCallback: power status is 3
06-15 19:26:52.612   534   534 I AmzHdmiServiceCallback: power status is 3
06-15 19:27:42.772   534   534 I chatty  : uid=1000 system_server identical 11 lines
06-15 19:27:49.933   534   534 I AmzHdmiServiceCallback: power status is 3
06-15 19:27:57.092   534   534 I AmzHdmiServiceCallback: power status is 3
06-15 19:28:18.593   534   534 I AmzHdmiServiceCallback: power status is 3
06-15 19:28:24.025   534   550 I UsageStatsService: User[0] Flushing usage stats to disk
06-15 19:28:25.243   534   551 I ActivityManager: Killing 4514:com.amazon.venezia/u0a162 (adj 903): empty for 1830s
06-15 19:28:25.284   534  2482 W AmzDisplayModeConverter: Display.Mode cannot be mapped to auto, please use getHighestPriorityMode to get a valid id
06-15 19:28:25.753   534   534 I AmzHdmiServiceCallback: power status is 3
06-15 19:28:47.252   534   534 I AmzHdmiServiceCallback: power status is 3
06-15 19:28:54.412   534   534 I AmzHdmiServiceCallback: power status is 3
06-15 19:29:37.412   534   534 I chatty  : uid=1000 system_server identical 13 lines
06-15 19:29:44.572   534   534 I AmzHdmiServiceCallback: power status is 3
06-15 19:29:51.733   534   534 I AmzHdmiServiceCallback: power status is 3
06-15 19:30:49.052   534   534 I AmzHdmiServiceCallback: power status is 3
06-15 19:30:54.593   370   370 I chatty  : uid=0(root) /system/bin/perfmonitord expire 10 lines
06-15 19:30:56.213   534   534 I AmzHdmiServiceCallback: power status is 3
06-15 19:31:39.203   534   534 I chatty  : uid=1000 system_server identical 12 lines
06-15 19:31:46.362   534   534 I AmzHdmiServiceCallback: power status is 3
06-15 19:31:53.543   534   534 I AmzHdmiServiceCallback: power status is 3
06-15 19:32:43.683   534   534 I AmzHdmiServiceCallback: power status is 3
06-15 19:32:50.808   392   463 I chatty  : uid=0(root) /system/bin/storaged expire 10 lines
06-15 19:32:50.842   534   534 I AmzHdmiServiceCallback: power status is 3
06-15 19:33:40.992   534   534 I chatty  : uid=1000 system_server identical 11 lines
06-15 19:33:48.173   534   534 I AmzHdmiServiceCallback: power status is 3
06-15 19:33:55.333   534   534 I AmzHdmiServiceCallback: power status is 3
06-15 19:34:16.833   534   534 I AmzHdmiServiceCallback: power status is 3
