06-16 00:03:51.525   392   463 E storaged: getDiskStats failed with result NOT_SUPPORTED and size 0
06-16 00:03:54.809   534   534 I AmzHdmiServiceCallback: power status is 3
06-16 00:04:37.782   534   534 I chatty  : uid=1000 system_server identical 6 lines
06-16 00:04:44.963   534   534 I AmzHdmiServiceCallback: power status is 3
06-16 00:04:51.526   392   463 E storaged: getDiskStats failed with result NOT_SUPPORTED and size 0
06-16 00:04:52.122   534   534 I AmzHdmiServiceCallback: power status is 3
06-16 00:05:42.262   534   534 I chatty  : uid=1000 system_server identical 7 lines
06-16 00:05:49.443   534   534 I AmzHdmiServiceCallback: power status is 3
06-16 00:05:49.667   534   624 W ActivityManager: Background start not allowed: service Intent { act=com.android.providers.tv.intent.CLEAN_UP_EPG_DATA flg=0x4 cmp=com.android.providers.tv/.EpgDataCleanupService (has extras) } to com.android.providers.tv/.EpgDataCleanupService from pid=-1 uid=10055 pkg=com.android.providers.tv startFg?=false
06-16 00:05:51.527   392   463 E storaged: getDiskStats failed with result NOT_SUPPORTED and size 0
06-16 00:05:56.603   534   534 I AmzHdmiServiceCallback: power status is 3
06-16 00:06:39.582   534   534 I chatty  : uid=1000 system_server identical 6 lines
06-16 00:06:46.762   534   534 I AmzHdmiServiceCallback: power status is 3
06-16 00:06:51.527   392   463 E storaged: getDiskStats failed with result NOT_SUPPORTED and size 0
06-16 00:06:53.922   534   534 I AmzHdmiServiceCallback: power status is 3
06-16 00:07:44.072   534   534 I chatty  : uid=1000 system_server identical 7 lines
06-16 00:07:51.233   534   534 I AmzHdmiServiceCallback: power status is 3
06-16 00:07:51.528   392   463 E storaged: getDiskStats failed with result NOT_SUPPORTED and size 0
06-16 00:07:58.413   534   534 I AmzHdmiServiceCallback: power status is 3
06-16 00:08:41.392   534   534 I chatty  : uid=1000 system_server identical 6 lines
06-16 00:08:48.553   534   534 I AmzHdmiServiceCallback: power status is 3
06-16 00:08:51.529   392   463 E storaged: getDiskStats failed with result NOT_SUPPORTED and size 0
06-16 00:08:55.712   534   534 I AmzHdmiServiceCallback: power status is 3
06-16 00:09:38.702   534   534 I chatty  : uid=1000 system_server identical 6 lines
06-16 00:09:45.882   534   534 I AmzHdmiServiceCallback: power status is 3
06-16 00:09:51.530   392   463 E storaged: getDiskStats failed with result NOT_SUPPORTED and size 0
06-16 00:09:53.043   534   534 I AmzHdmiServiceCallback: power status is 3
06-16 00:10:43.184   534   534 I chatty  : uid=1000 system_server identical 7 lines
06-16 00:10:50.362   534   534 I AmzHdmiServiceCallback: power status is 3
06-16 00:10:51.530   392   463 E storaged: getDiskStats failed with result NOT_SUPPORTED and size 0
06-16 00:10:57.523   534   534 I AmzHdmiServiceCallback: power status is 3
06-16 00:11:19.012   534   534 I chatty  : uid=1000 system_server identical 3 lines
06-16 00:11:26.172   534   534 I AmzHdmiServiceCallback: power status is 3
06-16 00:11:32.215   370   370 I perfmonitord:StatUtil: CPUUtilization is at 0%
06-16 00:11:32.216   370   370 I perfmonitord:StatUtil: MemoryUtilization is at 67%
06-16 00:11:33.352   534   534 I AmzHdmiServiceCallback: power status is 3
06-16 00:11:40.513   534   534 I chatty  : uid=1000 system_server identical 1 line
06-16 00:11:47.673   534   534 I AmzHdmiServiceCallback: power status is 3
06-16 00:11:51.531   392   463 E storaged: getDiskStats failed with result NOT_SUPPORTED and size 0
06-16 00:11:54.842   534   534 I AmzHdmiServiceCallback: power status is 3
06-16 00:12:37.822   534   534 I chatty  : uid=1000 system_server identical 6 lines
06-16 00:12:44.982   534   534 I AmzHdmiServiceCallback: power status is 3
06-16 00:12:51.532   392   463 E storaged: getDiskStats failed with result NOT_SUPPORTED and size 0
06-16 00:12:52.162   534   534 I AmzHdmiServiceCallback: power status is 3
06-16 00:13:42.312   534   534 I chatty  : uid=1000 system_server identical 7 lines
06-16 00:13:49.473   534   534 I AmzHdmiServiceCallback: power status is 3
06-16 00:13:51.532   392   463 E storaged: getDiskStats failed with result NOT_SUPPORTED and size 0
06-16 00:13:56.633   534   534 I AmzHdmiServiceCallback: power status is 3
06-16 00:14:10.972   534   534 I chatty  : uid=1000 system_server identical 2 lines
06-16 00:14:18.132   534   534 I AmzHdmiServiceCallback: power status is 3
06-16 00:14:23.034   534   555 E BatteryExternalStatsWorker: no controller energy info supplied for wifi
06-16 00:14:23.039   534   555 E BatteryExternalStatsWorker: no controller energy info supplied for telephony
06-16 00:14:25.293   534   534 I AmzHdmiServiceCallback: power status is 3
06-16 00:14:39.632   534   534 I chatty  : uid=1000 system_server identical 2 lines
06-16 00:14:46.782   534   534 I AmzHdmiServiceCallback: power status is 3
06-16 00:14:51.533   392   463 E storaged: getDiskStats failed with result NOT_SUPPORTED and size 0
06-16 00:14:53.962   534   534 I AmzHdmiServiceCallback: power status is 3
06-16 00:15:44.103   534   534 I chatty  : uid=1000 system_server identical 7 lines
06-16 00:15:51.264   534   534 I AmzHdmiServiceCallback: power status is 3
06-16 00:15:51.663   392   463 E storaged: getDiskStats failed with result NOT_SUPPORTED and size 0
06-16 00:15:58.444   534   534 I AmzHdmiServiceCallback: power status is 3
06-16 00:16:02.433   534   553 I ActivityManager: Start proc 15124:com.android.providers.downloads/u0a32 for service com.android.providers.downloads/.DownloadMonitorService
06-16 00:16:02.572   534  2478 I ActivityManager: Killing 14124:com.amazon.aca/u0a65 (adj 903): empty for 1803s
06-16 00:16:02.602   534  2489 W AmzDisplayModeConverter: Display.Mode cannot be mapped to auto, please use getHighestPriorityMode to get a valid id
06-16 00:16:05.593   534   534 I AmzHdmiServiceCallback: power status is 3
06-16 00:16:41.433   534   534 I chatty  : uid=1000 system_server identical 5 lines
06-16 00:16:48.592   534   534 I AmzHdmiServiceCallback: power status is 3
06-16 00:16:51.664   392   463 E storaged: getDiskStats failed with result NOT_SUPPORTED and size 0
06-16 00:16:55.752   534   534 I AmzHdmiServiceCallback: power status is 3
06-16 00:17:02.912   534   534 I chatty  : uid=1000 system_server identical 1 line
06-16 00:17:10.092   534   534 I AmzHdmiServiceCallback: power status is 3
06-16 00:17:11.935   534   949 I RuntimePersistent: Set process com.amazon.device.software.ota to non persistent, maxAdj=1001
06-16 00:17:11.945   534   553 I ActivityManager: Start proc 15171:com.amazon.device.software.ota/u0a24 for service com.amazon.device.software.ota/.OTAJobService
06-16 00:17:17.253   534   534 I AmzHdmiServiceCallback: power status is 3
06-16 00:17:38.752   534   534 I chatty  : uid=1000 system_server identical 3 lines
06-16 00:17:45.903   534   534 I AmzHdmiServiceCallback: power status is 3
06-16 00:17:51.665   392   463 E storaged: getDiskStats failed with result NOT_SUPPORTED and size 0
06-16 00:17:53.083   534   534 I AmzHdmiServiceCallback: power status is 3
06-16 00:18:43.222   534   534 I chatty  : uid=1000 system_server identical 7 lines
06-16 00:18:50.382   534   534 I AmzHdmiServiceCallback: power status is 3
06-16 00:18:51.665   392   463 E storaged: getDiskStats failed with result NOT_SUPPORTED and size 0
06-16 00:18:57.563   534   534 I AmzHdmiServiceCallback: power status is 3
06-16 00:19:40.542   534   534 I chatty  : uid=1000 system_server identical 6 lines
06-16 00:19:47.703   534   534 I AmzHdmiServiceCallback: power status is 3
06-16 00:19:51.666   392   463 E storaged: getDiskStats failed with result NOT_SUPPORTED and size 0
06-16 00:19:54.882   534   534 I AmzHdmiServiceCallback: power status is 3
06-16 00:20:37.863   534   534 I chatty  : uid=1000 system_server identical 6 lines
06-16 00:20:45.023   534   534 I AmzHdmiServiceCallback: power status is 3
06-16 00:20:51.667   392   463 E storaged: getDiskStats failed with result NOT_SUPPORTED and size 0
06-16 00:20:52.202   534   534 I AmzHdmiServiceCallback: power status is 3
06-16 00:21:20.853   534   534 I chatty  : uid=1000 system_server identical 4 lines
06-16 00:21:28.012   534   534 I AmzHdmiServiceCallback: power status is 3
06-16 00:21:33.591   370   370 I perfmonitord: Current status: 
06-16 00:21:33.591   370   370 I perfmonitord: Benefits string: 
06-16 00:21:33.591   370   370 E perfmonitord:StatUtil: Error of parsing benefits string
06-16 00:21:33.593   370   370 I perfmonitord:ProcessCpuMonitor: 
06-16 00:21:33.593   370   370 I perfmonitord:ProcessCpuMonitor: Process Name         PID   : CPU % 
06-16 00:21:33.593   370   370 I perfmonitord:ProcessCpuMonitor: 
06-16 00:21:33.593   370   370 I perfmonitord:ProcessCpuMonitor: ksmd                 26    : 1.93% 
06-16 00:21:33.593   370   370 I perfmonitord:ProcessCpuMonitor: system_server        534   : 0.54% 
06-16 00:21:33.593   370   370 I perfmonitord:ProcessCpuMonitor: .amazon.vizzini      1937  : 0.27% 
06-16 00:21:33.593   370   370 I perfmonitord:ProcessCpuMonitor: audio@2.0-servi      327   : 0.26% 
06-16 00:21:33.593   370   370 I perfmonitord:ProcessCpuMonitor: disp_osd2_irq_k      146   : 0.17% 
06-16 00:21:33.593   370   370 I perfmonitord:ProcessCpuMonitor: hdmi_timer_kthr      102   : 0.17% 
06-16 00:21:33.593   370   370 I perfmonitord:ProcessCpuMonitor: com.amazon.whad      1978  : 0.15% 
06-16 00:21:33.594   370   370 I perfmonitord:ProcessCpuMonitor: .bueller.photos      3363  : 0.13% 
06-16 00:21:33.594   370   370 I perfmonitord:ProcessCpuMonitor: perfmonitord         370   : 0.13% 
06-16 00:21:33.594   370   370 I perfmonitord:ProcessCpuMonitor: hif_thread           256   : 0.12% 
06-16 00:21:33.594   370   370 I perfmonitord:ProcessCpuMonitor: disp_osd1_irq_k      145   : 0.11% 
06-16 00:21:33.594   370   370 I perfmonitord:StatUtil: CPUUtilization is at 2%
06-16 00:21:33.594   370   370 I perfmonitord:StatUtil: MemoryUtilization is at 67%
06-16 00:21:34.605   370   370 I perfmonitord: Current status: 
06-16 00:21:34.605   370   370 I perfmonitord: Benefits string: 
06-16 00:21:34.605   370   370 E perfmonitord:StatUtil: Error of parsing benefits string
06-16 00:21:34.607   370   370 I perfmonitord:ProcessMemMonitor: mediaserver          389   : 2134 
06-16 00:21:34.607   370   370 I perfmonitord:ProcessMemMonitor: mediametrics         388   : 1592 
06-16 00:21:35.173   534   534 I AmzHdmiServiceCallback: power status is 3
06-16 00:21:35.611   370   370 E perfmonitord:StatUtil: file open error is - Permission denied
06-16 00:21:35.611   370   370 I chatty  : uid=0(root) /system/bin/perfmonitord identical 5 lines
06-16 00:21:35.611   370   370 E perfmonitord:StatUtil: file open error is - Permission denied
06-16 00:21:35.612   370   370 I perfmonitord: Current status: 
06-16 00:21:35.612   370   370 I perfmonitord: Benefits string: 
06-16 00:21:35.612   370   370 E perfmonitord:StatUtil: Error of parsing benefits string
06-16 00:21:35.614   370   370 I perfmonitord:SystemMemMonitor: mem_total = 922272 Kb
06-16 00:21:35.614   370   370 I perfmonitord:SystemMemMonitor: mem_free = 73896 Kb
06-16 00:21:35.614   370   370 I perfmonitord:SystemMemMonitor: mem_available = 306320 Kb
06-16 00:21:35.614   370   370 I perfmonitord:SystemMemMonitor: mem_buffers = 10284 Kb
06-16 00:21:35.614   370   370 I perfmonitord:SystemMemMonitor: mem_cached = 349096 Kb
06-16 00:21:35.614   370   370 I perfmonitord:SystemMemMonitor: mem_active_anon = 87888 Kb
06-16 00:21:35.614   370   370 I perfmonitord:SystemMemMonitor: mem_inactive_anon = 109536 Kb
06-16 00:21:35.614   370   370 I perfmonitord:SystemMemMonitor: mem_active_file = 188372 Kb
06-16 00:21:35.614   370   370 I perfmonitord:SystemMemMonitor: mem_inactive_file = 103676 Kb
06-16 00:21:35.614   370   370 I perfmonitord:SystemMemMonitor: mem_swap_total = 393212 Kb
06-16 00:21:35.614   370   370 I perfmonitord:SystemMemMonitor: mem_swap_free = 215804 Kb
06-16 00:21:35.614   370   370 I perfmonitord:SystemMemMonitor: mem_swap_uncompressed = 177408 Kb
06-16 00:21:35.614   370   370 I perfmonitord:SystemMemMonitor: zram_mem_used_kb = 65900 Kb
06-16 00:21:35.615   370   370 I perfmonitord:SystemMemMonitor: mem_shmem = 368 Kb
06-16 00:21:35.615   370   370 I perfmonitord:SystemMemMonitor: mem_s_unreclaim = 42780 Kb
06-16 00:21:35.615   370   370 I perfmonitord:SystemMemMonitor: mem_kernel_stack = 13216 Kb
06-16 00:21:35.615   370   370 I perfmonitord:SystemMemMonitor: mem_page_tables = 29584 Kb
06-16 00:21:35.615   370   370 I perfmonitord:SystemMemMonitor: mem_other_free = 44268 Kb
06-16 00:21:35.615   370   370 I perfmonitord:SystemMemMonitor: mem_other_file = 291520 Kb
06-16 00:21:35.615   370   370 I perfmonitord:SystemMemMonitor: mem_ksm_pages_sharing = 0 Kb
06-16 00:21:35.615   370   370 I perfmonitord:SystemMemMonitor: mem_ksm_overhead = 0 Kb
06-16 00:21:35.615   370   370 I perfmonitord:SystemMemMonitor: mem_ksm_saving = 0 Kb
06-16 00:21:35.615   370   370 I perfmonitord:SystemMemMonitor: lmk_kills_backup = 0
06-16 00:21:35.615   370   370 I perfmonitord:SystemMemMonitor: lmk_kills_fg = 0
06-16 00:21:35.615   370   370 I perfmonitord:SystemMemMonitor: lmk_kills_other = 0
06-16 00:21:35.615   370   370 I perfmonitord:SystemMemMonitor: lmk_kills_perceptible = 0
06-16 00:21:35.615   370   370 I perfmonitord:SystemMemMonitor: lmk_kills_persistent = 0
06-16 00:21:35.615   370   370 I perfmonitord:SystemMemMonitor: lmk_kills_visible = 0
06-16 00:21:40.677   370 15315 I perfmonitord:ProcessRssMonitor: 
06-16 00:21:40.677   370 15315 I perfmonitord:ProcessRssMonitor: Process Name         PID   : RSS(kb)    RSWAP(kb)  Total RSS  
06-16 00:21:40.677   370 15315 I perfmonitord:ProcessRssMonitor: 
06-16 00:21:40.677   370 15315 I perfmonitord:ProcessRssMonitor: system_server        534   : 172308     11560      183868    
06-16 00:21:41.677   370 15315 I perfmonitord:ProcessRssMonitor: .amazon.venezia      10852 : 132036     5464       137500    
06-16 00:21:42.353   534   534 I AmzHdmiServiceCallback: power status is 3
06-16 00:21:42.677   370 15315 I perfmonitord:ProcessRssMonitor: mazon.tv.livetv      14609 : 115064     5584       120648    
06-16 00:21:43.678   370 15315 I perfmonitord:ProcessRssMonitor: zon.tv.launcher      2814  : 103096     10140      113236    
06-16 00:21:44.678   370 15315 I perfmonitord:ProcessRssMonitor: .amazon.ceviche      7762  : 92372      5700       98072     
06-16 00:21:45.678   370 15315 I perfmonitord:ProcessRssMonitor: .service:remote      14649 : 90160      5724       95884     
06-16 00:21:46.678   370 15315 I perfmonitord:ProcessRssMonitor: .amazon.vizzini      1937  : 86816      8956       95772     
06-16 00:21:47.678   370 15315 I perfmonitord:ProcessRssMonitor: .bueller.photos      3363  : 85672      9508       95180     
06-16 00:21:48.679   370 15315 I perfmonitord:ProcessRssMonitor: ce.software.ota      15171 : 82680      5780       88460     
06-16 00:21:49.513   534   534 I AmzHdmiServiceCallback: power status is 3
06-16 00:21:49.679   370 15315 I perfmonitord:ProcessRssMonitor: device.services      1081  : 73192      7272       80464     
06-16 00:21:50.679   370 15315 I perfmonitord:ProcessRssMonitor: id.providers.tv      14674 : 74052      5984       80036     
06-16 00:21:51.668   392   463 E storaged: getDiskStats failed with result NOT_SUPPORTED and size 0
06-16 00:21:51.679   370 15315 I perfmonitord:ProcessRssMonitor: om.amazon.diode      3245  : 71256      7152       78408     
06-16 00:21:52.679   370 15315 I perfmonitord:ProcessRssMonitor: iders.downloads      15124 : 72116      5980       78096     
06-16 00:21:53.680   370 15315 I perfmonitord:ProcessRssMonitor: on.providers.tv      14748 : 69500      6020       75520     
06-16 00:21:54.680   370 15315 I perfmonitord:ProcessRssMonitor: id.proxyhandler      2858  : 64808      6432       71240     
06-16 00:21:55.680   370 15315 I perfmonitord:ProcessRssMonitor: om.amazon.tcomm      1953  : 58220      8224       66444     
06-16 00:21:56.672   534   534 I AmzHdmiServiceCallback: power status is 3
06-16 00:21:56.680   370 15315 I perfmonitord:ProcessRssMonitor: .client.metrics      1520  : 51780      8216       59996     
06-16 00:21:57.680   370 15315 I perfmonitord:ProcessRssMonitor: evice.messaging      1491  : 48240      9992       58232     
06-16 00:21:58.680   370 15315 I perfmonitord:ProcessRssMonitor: n.middleware.np      6506  : 47128      11052      58180     
06-16 00:21:59.681   370 15315 I perfmonitord:ProcessRssMonitor: nk.core.android      8926  : 49532      7672       57204     
06-16 00:22:00.681   370 15315 I perfmonitord:ProcessRssMonitor: com.amazon.imp       1195  : 47280      6784       54064     
06-16 00:22:01.681   370 15315 I perfmonitord:ProcessRssMonitor: m.amazon.tv.ime      1061  : 36356      14740      51096     
06-16 00:22:02.681   370 15315 I perfmonitord:ProcessRssMonitor: s.sdk.ftve.addp      18540 : 40924      8352       49276     
06-16 00:22:03.681   370 15315 I perfmonitord:ProcessRssMonitor: com.amazon.whad      1978  : 37260      8656       45916     
06-16 00:22:03.832   534   534 I AmzHdmiServiceCallback: power status is 3
06-16 00:22:04.682   370 15315 I perfmonitord:ProcessRssMonitor: yer.runtime.ftv      4466  : 28700      16420      45120     
06-16 00:22:05.682   370 15315 I perfmonitord:ProcessRssMonitor: ivitycontroller      2453  : 28832      13840      42672     
06-16 00:22:06.682   370 15315 I perfmonitord:ProcessRssMonitor: droid.bluetooth      1045  : 31572      8708       40280     
06-16 00:22:07.682   370 15315 I perfmonitord:ProcessRssMonitor: .rdmapplication      2559  : 25868      12580      38448     
06-16 00:22:08.682   370 15315 I perfmonitord:ProcessRssMonitor: id.ext.services      1478  : 23464      8824       32288     
06-16 00:22:09.682   370 15315 I perfmonitord:ProcessRssMonitor: main                 290   : 20952      6976       27928     
06-16 00:22:10.683   370 15315 I perfmonitord:ProcessRssMonitor: ryconfigservice      2735  : 18604      8008       26612     
06-16 00:22:11.013   534   534 I AmzHdmiServiceCallback: power status is 3
06-16 00:22:11.683   370 15315 I perfmonitord:ProcessRssMonitor: n.systemnotices      5786  : 17500      7600       25100     
06-16 00:22:12.683   370 15315 I perfmonitord:ProcessRssMonitor: webview_zygote       1096  : 12672      10908      23580     
06-16 00:22:13.683   370 15315 I perfmonitord:ProcessRssMonitor: audio@2.0-servi      327   : 2448       6496       8944      
06-16 00:22:14.683   370 15315 I perfmonitord:ProcessRssMonitor: logd                 214   : 7624       968        8592      
06-16 00:22:15.683   370 15315 I perfmonitord:ProcessRssMonitor: surfaceflinger       341   : 2880       3576       6456      
06-16 00:22:16.684   370 15315 I perfmonitord:ProcessRssMonitor: audioserver          338   : 2908       3220       6128      
06-16 00:22:17.684   370 15315 I perfmonitord:ProcessRssMonitor: wpa_supplicant       1035  : 4636       608        5244      
06-16 00:22:18.172   534   534 I AmzHdmiServiceCallback: power status is 3
06-16 00:22:18.684   370 15315 I perfmonitord:ProcessRssMonitor: mediaserver          389   : 2752       2104       4856      
06-16 00:22:19.684   370 15315 I perfmonitord:ProcessRssMonitor: mediaextractor       387   : 2820       1976       4796      
06-16 00:22:20.684   370 15315 I perfmonitord:ProcessRssMonitor: omx@1.0-service      395   : 2440       2344       4784      
06-16 00:22:21.685   370 15315 I perfmonitord:ProcessRssMonitor: v.devicecontrol      1637  : 4040       712        4752      
06-16 00:22:22.685   370 15315 I perfmonitord:ProcessRssMonitor: storaged             392   : 4240       460        4700      
06-16 00:22:23.685   370 15315 I perfmonitord:ProcessRssMonitor: cameraserver         378   : 2944       1496       4440      
06-16 00:22:24.685   370 15315 I perfmonitord:ProcessRssMonitor: mediametrics         388   : 3000       1384       4384      
06-16 00:22:25.332   534   534 I AmzHdmiServiceCallback: power status is 3
06-16 00:22:25.685   370 15315 I perfmonitord:ProcessRssMonitor: keystore             384   : 3772       604        4376      
06-16 00:22:26.685   370 15315 I perfmonitord:ProcessRssMonitor: drmserver            379   : 2832       1420       4252      
06-16 00:22:27.686   370 15315 I perfmonitord:ProcessRssMonitor: /system/bin/installd 383   : 3028       1064       4092      
06-16 00:22:28.686   370 15315 I perfmonitord:ProcessRssMonitor: composer@2.1-se      317   : 2572       1488       4060      
06-16 00:22:29.686   370 15315 I perfmonitord:ProcessRssMonitor: /system/bin/netd     289   : 3296       652        3948      
06-16 00:22:30.686   370 15315 I perfmonitord:ProcessRssMonitor: drm@1.1-service      314   : 3020       920        3940      
06-16 00:22:31.686   370 15315 I perfmonitord:ProcessRssMonitor: perfmonitord         370   : 3396       448        3844      
06-16 00:22:32.492   534   534 I AmzHdmiServiceCallback: power status is 3
06-16 00:22:32.686   370 15315 I perfmonitord:ProcessRssMonitor: /system/bin/vold     220   : 3036       792        3828      
06-16 00:22:33.687   370 15315 I perfmonitord:ProcessRssMonitor: wificond             393   : 3212       604        3816      
06-16 00:22:34.687   370 15315 I perfmonitord:ProcessRssMonitor: perfstatsd           366   : 2744       1008       3752      
06-16 00:22:35.687   370 15315 I perfmonitord:ProcessRssMonitor: avsyncservice        396   : 2512       1148       3660      
06-16 00:22:36.687   370 15315 I perfmonitord:ProcessRssMonitor: hwservicemanage      217   : 2940       640        3580      
06-16 00:22:37.687   370 15315 I perfmonitord:ProcessRssMonitor: /system/bin/statsd   391   : 2792       724        3516      
06-16 00:22:38.687   370 15315 I perfmonitord:ProcessRssMonitor: allocator@2.0-s      316   : 2432       992        3424      
06-16 00:22:39.672   534   534 I AmzHdmiServiceCallback: power status is 3
06-16 00:22:39.688   370 15315 I perfmonitord:ProcessRssMonitor: cloud_pairing_s      260   : 2680       708        3388      
06-16 00:22:40.688   370 15315 I perfmonitord:ProcessRssMonitor: /system/bin/amazonfiled 371   : 2660       676        3336      
06-16 00:22:41.688   370 15315 I perfmonitord:ProcessRssMonitor: thermalserviced      342   : 2656       648        3304      
06-16 00:22:42.688   370 15315 I perfmonitord:ProcessRssMonitor: wifi@1.0-servic      325   : 2836       436        3272      
06-16 00:22:43.688   370 15315 I perfmonitord:ProcessRssMonitor: /system/bin/incidentd 382   : 2544       684        3228      
06-16 00:22:44.689   370 15315 I perfmonitord:ProcessRssMonitor: whad_cc              369   : 2588       612        3200      
06-16 00:22:45.689   370 15315 I perfmonitord:ProcessRssMonitor: provider@2.4-ex      307   : 2240       960        3200      
06-16 00:22:46.689   370 15315 I perfmonitord:ProcessRssMonitor: amazonthermal@1      326   : 2260       932        3192      
06-16 00:22:46.833   534   534 I AmzHdmiServiceCallback: power status is 3
06-16 00:22:47.689   370 15315 I perfmonitord:ProcessRssMonitor: zon.dialservice      1638  : 2592       504        3096      
06-16 00:22:47.951   534   550 I UsageStatsService: User[0] Flushing usage stats to disk
06-16 00:22:48.689   370 15315 I perfmonitord:ProcessRssMonitor: mediadrmserver       386   : 2416       656        3072      
06-16 00:22:49.689   370 15315 I perfmonitord:ProcessRssMonitor: neo-init-runas       294   : 2680       392        3072      
06-16 00:22:50.690   370 15315 I perfmonitord:ProcessRssMonitor: keymaster@3.0-s      219   : 2536       516        3052      
06-16 00:22:51.668   392   463 E storaged: getDiskStats failed with result NOT_SUPPORTED and size 0
06-16 00:22:51.690   370 15315 I perfmonitord:ProcessRssMonitor: cec@1.0-service      323   : 2444       588        3032      
06-16 00:22:52.690   370 15315 I perfmonitord:ProcessRssMonitor: gatekeeperd          401   : 2232       784        3016      
06-16 00:22:53.690   370 15315 I perfmonitord:ProcessRssMonitor: inlocservice         262   : 2068       884        2952      
06-16 00:22:53.992   534   534 I AmzHdmiServiceCallback: power status is 3
06-16 00:22:54.690   370 15315 I perfmonitord:ProcessRssMonitor: wlan_stats           1564  : 2392       536        2928      
06-16 00:22:55.690   370 15315 I perfmonitord:ProcessRssMonitor: hdcp@1.0-servic      331   : 2156       760        2916      
06-16 00:22:56.691   370 15315 I perfmonitord:ProcessRssMonitor: fireosdha@1.0-s      330   : 2248       664        2912      
06-16 00:22:57.691   370 15315 I perfmonitord:ProcessRssMonitor: memtrack@1.0-se      319   : 2520       392        2912      
06-16 00:22:58.691   370 15315 I perfmonitord:ProcessRssMonitor: hdmitxinfo@1.0-      332   : 2436       448        2884      
06-16 00:22:59.691   370 15315 I perfmonitord:ProcessRssMonitor: bluetooth@1.0-s      305   : 2400       460        2860      
06-16 00:23:00.691   370 15315 I perfmonitord:ProcessRssMonitor: health@2.0-serv      318   : 2432       428        2860      
06-16 00:23:01.153   534   534 I AmzHdmiServiceCallback: power status is 3
06-16 00:23:01.691   370 15315 I perfmonitord:ProcessRssMonitor: drmprov@1.0-ser      329   : 2260       592        2852      
06-16 00:23:02.692   370 15315 I perfmonitord:ProcessRssMonitor: usb@1.1-service      324   : 2284       548        2832      
06-16 00:23:03.692   370 15315 I perfmonitord:ProcessRssMonitor: idme@1.1-servic      333   : 2244       588        2832      
06-16 00:23:04.692   370 15315 I perfmonitord:ProcessRssMonitor: hdmi@1.1-servic      400   : 2376       440        2816      
06-16 00:23:05.692   370 15315 I perfmonitord:ProcessRssMonitor: mediametrics@1.      334   : 2244       540        2784      
06-16 00:23:06.692   370 15315 I perfmonitord:ProcessRssMonitor: keymanage@1.0-s      335   : 2196       588        2784      
06-16 00:23:07.693   370 15315 I perfmonitord:ProcessRssMonitor: allocator@1.0-s      304   : 2300       480        2780      
06-16 00:23:08.333   534   534 I AmzHdmiServiceCallback: power status is 3
06-16 00:23:08.693   370 15315 I perfmonitord:ProcessRssMonitor: servicemanager       216   : 2376       396        2772      
06-16 00:23:09.693   370 15315 I perfmonitord:ProcessRssMonitor: logcat               7007  : 2404       324        2728      
06-16 00:23:10.693   370 15315 I perfmonitord:ProcessRssMonitor: drm@1.1-service      312   : 1952       764        2716      
06-16 00:23:11.693   370 15315 I perfmonitord:ProcessRssMonitor: gatekeeper@1.0-      315   : 2136       576        2712      
06-16 00:23:12.694   370 15315 I perfmonitord:ProcessRssMonitor: networkpower@1.      328   : 2152       536        2688      
06-16 00:23:13.694   370 15315 I perfmonitord:ProcessRssMonitor: vndservicemanag      218   : 2144       536        2680      
06-16 00:23:14.694   370 15315 I perfmonitord:ProcessRssMonitor: securetime           399   : 2272       388        2660      
06-16 00:23:15.493   534   534 I AmzHdmiServiceCallback: power status is 3
06-16 00:23:15.694   370 15315 I perfmonitord:ProcessRssMonitor: neo-service-coo      295   : 2296       356        2652      
06-16 00:23:16.694   370 15315 I perfmonitord:ProcessRssMonitor: kisd                 264   : 2144       460        2604      
06-16 00:23:17.694   370 15315 I perfmonitord:ProcessRssMonitor: drm@1.1-service      313   : 1872       728        2600      
06-16 00:23:18.695   370 15315 I perfmonitord:ProcessRssMonitor: configstore@1.1      310   : 2120       480        2600      
06-16 00:23:19.695   370 15315 I perfmonitord:ProcessRssMonitor: integrity_logge      407   : 2256       312        2568      
06-16 00:23:20.695   370 15315 I perfmonitord:ProcessRssMonitor: leakrecoveryd        364   : 1948       568        2516      
06-16 00:23:21.695   370 15315 I perfmonitord:ProcessRssMonitor: rpmb_svc             418   : 2048       436        2484      
06-16 00:23:22.653   534   534 I AmzHdmiServiceCallback: power status is 3
06-16 00:23:22.695   370 15315 I perfmonitord:ProcessRssMonitor: tombstoned           409   : 2068       376        2444      
06-16 00:23:23.695   370 15315 I perfmonitord:ProcessRssMonitor: iptables-restor      320   : 2128       288        2416      
06-16 00:23:24.696   370 15315 I perfmonitord:ProcessRssMonitor: ip6tables-resto      321   : 2104       288        2392      
06-16 00:23:25.696   370 15315 I perfmonitord:ProcessRssMonitor: lmkd                 215   : 2180       0          2180      
06-16 00:23:26.696   370 15315 I perfmonitord:ProcessRssMonitor: init                 1     : 1232       904        2136      
06-16 00:23:27.696   370 15315 I perfmonitord:ProcessRssMonitor: drm@1.0-service      311   : 600        1068       1668      
06-16 00:23:28.696   370 15315 I perfmonitord:ProcessRssMonitor: ueventd              192   : 776        308        1084      
06-16 00:23:29.697   370 15315 I perfmonitord:ProcessRssMonitor: init                 190   : 92         640        732       
06-16 00:23:29.814   534   534 I AmzHdmiServiceCallback: power status is 3
06-16 00:23:30.697   370 15315 I perfmonitord:ProcessRssMonitor: init                 191   : 84         312        396       
06-16 00:23:31.697   370 15315 I perfmonitord:ProcessRssMonitor: watchdogd            336   : 180        128        308       
06-16 00:23:32.697   370 15315 I perfmonitord:ProcessRssMonitor: adbd                 363   : 28         172        200       
06-16 00:23:36.993   534   534 I AmzHdmiServiceCallback: power status is 3
06-16 00:23:44.153   534   534 I chatty  : uid=1000 system_server identical 1 line
06-16 00:23:51.313   534   534 I AmzHdmiServiceCallback: power status is 3
06-16 00:23:51.669   392   463 E storaged: getDiskStats failed with result NOT_SUPPORTED and size 0
06-16 00:23:58.472   534   534 I AmzHdmiServiceCallback: power status is 3
06-16 00:24:41.473   534   534 I chatty  : uid=1000 system_server identical 6 lines
06-16 00:24:48.632   534   534 I AmzHdmiServiceCallback: power status is 3
06-16 00:24:51.670   392   463 E storaged: getDiskStats failed with result NOT_SUPPORTED and size 0
06-16 00:24:55.792   534   534 I AmzHdmiServiceCallback: power status is 3
06-16 00:25:38.792   534   534 I chatty  : uid=1000 system_server identical 6 lines
06-16 00:25:45.953   534   534 I AmzHdmiServiceCallback: power status is 3
06-16 00:25:51.670   392   463 E storaged: getDiskStats failed with result NOT_SUPPORTED and size 0
06-16 00:25:53.113   534   534 I AmzHdmiServiceCallback: power status is 3
06-16 00:26:43.262   534   534 I chatty  : uid=1000 system_server identical 7 lines
06-16 00:26:50.432   534   534 I AmzHdmiServiceCallback: power status is 3
06-16 00:26:51.671   392   463 E storaged: getDiskStats failed with result NOT_SUPPORTED and size 0
06-16 00:26:57.602   534   534 I AmzHdmiServiceCallback: power status is 3
06-16 00:27:40.582   534   534 I chatty  : uid=1000 system_server identical 6 lines
06-16 00:27:47.742   534   534 I AmzHdmiServiceCallback: power status is 3
06-16 00:27:51.672   392   463 E storaged: getDiskStats failed with result NOT_SUPPORTED and size 0
06-16 00:27:54.902   534   534 I AmzHdmiServiceCallback: power status is 3
06-16 00:28:30.744   534   534 I chatty  : uid=1000 system_server identical 5 lines
06-16 00:28:37.902   534   534 I AmzHdmiServiceCallback: power status is 3
06-16 00:28:44.647   534  2077 I ActivityManager: Killing 10852:com.amazon.venezia/u0a162 (adj 903): empty for 1857s
06-16 00:28:44.684   534  2488 W AmzDisplayModeConverter: Display.Mode cannot be mapped to auto, please use getHighestPriorityMode to get a valid id
06-16 00:28:45.063   534   534 I AmzHdmiServiceCallback: power status is 3
06-16 00:28:51.672   392   463 E storaged: getDiskStats failed with result NOT_SUPPORTED and size 0
06-16 00:28:52.223   534   534 I AmzHdmiServiceCallback: power status is 3
06-16 00:29:42.382   534   534 I chatty  : uid=1000 system_server identical 7 lines
06-16 00:29:49.553   534   534 I AmzHdmiServiceCallback: power status is 3
06-16 00:29:51.673   392   463 E storaged: getDiskStats failed with result NOT_SUPPORTED and size 0
06-16 00:29:56.712   534   534 I AmzHdmiServiceCallback: power status is 3
06-16 00:30:39.703   534   534 I chatty  : uid=1000 system_server identical 6 lines
06-16 00:30:46.862   534   534 I AmzHdmiServiceCallback: power status is 3
06-16 00:30:51.674   392   463 E storaged: getDiskStats failed with result NOT_SUPPORTED and size 0
06-16 00:30:54.023   534   534 I AmzHdmiServiceCallback: power status is 3
06-16 00:31:22.683   534   534 I chatty  : uid=1000 system_server identical 4 lines
06-16 00:31:29.843   534   534 I AmzHdmiServiceCallback: power status is 3
06-16 00:31:34.995   370   370 I perfmonitord:StatUtil: CPUUtilization is at 1%
06-16 00:31:34.996   370   370 I perfmonitord:StatUtil: MemoryUtilization is at 65%
06-16 00:31:37.022   534   534 I AmzHdmiServiceCallback: power status is 3
06-16 00:31:44.182   534   534 I chatty  : uid=1000 system_server identical 1 line
06-16 00:31:51.343   534   534 I AmzHdmiServiceCallback: power status is 3
06-16 00:31:51.674   392   463 E storaged: getDiskStats failed with result NOT_SUPPORTED and size 0
06-16 00:31:58.503   534   534 I AmzHdmiServiceCallback: power status is 3
06-16 00:32:41.493   534   534 I chatty  : uid=1000 system_server identical 6 lines
06-16 00:32:48.673   534   534 I AmzHdmiServiceCallback: power status is 3
06-16 00:32:51.675   392   463 E storaged: getDiskStats failed with result NOT_SUPPORTED and size 0
06-16 00:32:55.833   534   534 I AmzHdmiServiceCallback: power status is 3
06-16 00:33:38.812   534   534 I chatty  : uid=1000 system_server identical 6 lines
06-16 00:33:45.973   534   534 I AmzHdmiServiceCallback: power status is 3
06-16 00:33:51.676   392   463 E storaged: getDiskStats failed with result NOT_SUPPORTED and size 0
06-16 00:33:53.153   534   534 I AmzHdmiServiceCallback: power status is 3
06-16 00:34:43.292   534   534 I chatty  : uid=1000 system_server identical 7 lines
06-16 00:34:50.473   534   534 I AmzHdmiServiceCallback: power status is 3
06-16 00:34:51.676   392   463 E storaged: getDiskStats failed with result NOT_SUPPORTED and size 0
06-16 00:34:57.632   534   534 I AmzHdmiServiceCallback: power status is 3
06-16 00:35:40.612   534   534 I chatty  : uid=1000 system_server identical 6 lines
06-16 00:35:47.773   534   534 I AmzHdmiServiceCallback: power status is 3
06-16 00:35:51.677   392   463 E storaged: getDiskStats failed with result NOT_SUPPORTED and size 0
06-16 00:35:54.954   534   534 I AmzHdmiServiceCallback: power status is 3
06-16 00:36:37.934   534   534 I chatty  : uid=1000 system_server identical 6 lines
06-16 00:36:45.092   534   534 I AmzHdmiServiceCallback: power status is 3
06-16 00:36:51.678   392   463 E storaged: getDiskStats failed with result NOT_SUPPORTED and size 0
06-16 00:36:52.273   534   534 I AmzHdmiServiceCallback: power status is 3
06-16 00:37:42.413   534   534 I chatty  : uid=1000 system_server identical 7 lines
06-16 00:37:49.593   534   534 I AmzHdmiServiceCallback: power status is 3
06-16 00:37:51.678   392   463 E storaged: getDiskStats failed with result NOT_SUPPORTED and size 0
06-16 00:37:56.752   534   534 I AmzHdmiServiceCallback: power status is 3
06-16 00:38:39.732   534   534 I chatty  : uid=1000 system_server identical 6 lines
06-16 00:38:46.893   534   534 I AmzHdmiServiceCallback: power status is 3
06-16 00:38:51.679   392   463 E storaged: getDiskStats failed with result NOT_SUPPORTED and size 0
06-16 00:38:54.072   534   534 I AmzHdmiServiceCallback: power status is 3
06-16 00:39:44.212   534   534 I chatty  : uid=1000 system_server identical 7 lines
06-16 00:39:51.393   534   534 I AmzHdmiServiceCallback: power status is 3
06-16 00:39:51.680   392   463 E storaged: getDiskStats failed with result NOT_SUPPORTED and size 0
06-16 00:39:58.552   534   534 I AmzHdmiServiceCallback: power status is 3
06-16 00:40:41.533   534   534 I chatty  : uid=1000 system_server identical 6 lines
06-16 00:40:48.693   534   534 I AmzHdmiServiceCallback: power status is 3
06-16 00:40:51.680   392   463 E storaged: getDiskStats failed with result NOT_SUPPORTED and size 0
06-16 00:40:55.873   534   534 I AmzHdmiServiceCallback: power status is 3
06-16 00:41:24.533   534   534 I chatty  : uid=1000 system_server identical 4 lines
06-16 00:41:31.692   534   534 I AmzHdmiServiceCallback: power status is 3
06-16 00:41:36.329   370   370 I perfmonitord:StatUtil: CPUUtilization is at 0%
06-16 00:41:36.329   370   370 I perfmonitord:StatUtil: MemoryUtilization is at 65%
06-16 00:41:38.852   534   534 I AmzHdmiServiceCallback: power status is 3
06-16 00:41:46.013   534   534 I AmzHdmiServiceCallback: power status is 3
06-16 00:41:51.681   392   463 E storaged: getDiskStats failed with result NOT_SUPPORTED and size 0
06-16 00:41:53.193   534   534 I AmzHdmiServiceCallback: power status is 3
06-16 00:42:43.332   534   534 I chatty  : uid=1000 system_server identical 7 lines
06-16 00:42:50.512   534   534 I AmzHdmiServiceCallback: power status is 3
06-16 00:42:51.681   392   463 E storaged: getDiskStats failed with result NOT_SUPPORTED and size 0
06-16 00:42:57.673   534   534 I AmzHdmiServiceCallback: power status is 3
06-16 00:43:40.653   534   534 I chatty  : uid=1000 system_server identical 6 lines
06-16 00:43:47.813   534   534 I AmzHdmiServiceCallback: power status is 3
06-16 00:43:51.682   392   463 E storaged: getDiskStats failed with result NOT_SUPPORTED and size 0
06-16 00:43:54.992   534   534 I AmzHdmiServiceCallback: power status is 3
06-16 00:44:09.312   534   534 I chatty  : uid=1000 system_server identical 2 lines
06-16 00:44:16.472   534   534 I AmzHdmiServiceCallback: power status is 3
06-16 00:44:23.059   534   555 E BatteryExternalStatsWorker: no controller energy info supplied for wifi
06-16 00:44:23.062   534   555 E BatteryExternalStatsWorker: no controller energy info supplied for telephony
06-16 00:44:23.653   534   534 I AmzHdmiServiceCallback: power status is 3
06-16 00:44:37.972   534   534 I chatty  : uid=1000 system_server identical 2 lines
06-16 00:44:45.135   534   534 I AmzHdmiServiceCallback: power status is 3
06-16 00:44:51.683   392   463 E storaged: getDiskStats failed with result NOT_SUPPORTED and size 0
06-16 00:44:52.314   534   534 I AmzHdmiServiceCallback: power status is 3
06-16 00:45:42.452   534   534 I chatty  : uid=1000 system_server identical 7 lines
06-16 00:45:49.614   534   534 I AmzHdmiServiceCallback: power status is 3
06-16 00:45:51.684   392   463 E storaged: getDiskStats failed with result NOT_SUPPORTED and size 0
06-16 00:45:56.793   534   534 I AmzHdmiServiceCallback: power status is 3
06-16 00:46:39.772   534   534 I chatty  : uid=1000 system_server identical 6 lines
06-16 00:46:46.933   534   534 I AmzHdmiServiceCallback: power status is 3
06-16 00:46:51.684   392   463 E storaged: getDiskStats failed with result NOT_SUPPORTED and size 0
06-16 00:46:54.092   534   534 I AmzHdmiServiceCallback: power status is 3
06-16 00:47:44.253   534   534 I chatty  : uid=1000 system_server identical 7 lines
06-16 00:47:51.413   534   534 I AmzHdmiServiceCallback: power status is 3
06-16 00:47:51.685   392   463 E storaged: getDiskStats failed with result NOT_SUPPORTED and size 0
06-16 00:47:58.572   534   534 I AmzHdmiServiceCallback: power status is 3
06-16 00:48:41.562   534   534 I chatty  : uid=1000 system_server identical 6 lines
06-16 00:48:48.743   534   534 I AmzHdmiServiceCallback: power status is 3
06-16 00:48:51.685   392   463 E storaged: getDiskStats failed with result NOT_SUPPORTED and size 0
06-16 00:48:55.902   534   534 I AmzHdmiServiceCallback: power status is 3
06-16 00:49:38.892   534   534 I chatty  : uid=1000 system_server identical 6 lines
06-16 00:49:46.052   534   534 I AmzHdmiServiceCallback: power status is 3
06-16 00:49:51.686   392   463 E storaged: getDiskStats failed with result NOT_SUPPORTED and size 0
06-16 00:49:53.213   534   534 I AmzHdmiServiceCallback: power status is 3
06-16 00:50:43.362   534   534 I chatty  : uid=1000 system_server identical 7 lines
06-16 00:50:50.543   534   534 I AmzHdmiServiceCallback: power status is 3
06-16 00:50:51.687   392   463 E storaged: getDiskStats failed with result NOT_SUPPORTED and size 0
06-16 00:50:57.702   534   534 I AmzHdmiServiceCallback: power status is 3
06-16 00:51:26.362   534   534 I chatty  : uid=1000 system_server identical 4 lines
06-16 00:51:33.522   534   534 I AmzHdmiServiceCallback: power status is 3
06-16 00:51:37.654   370   370 I perfmonitord:StatUtil: CPUUtilization is at 0%
06-16 00:51:37.654   370   370 I perfmonitord:StatUtil: MemoryUtilization is at 65%
06-16 00:51:40.683   534   534 I AmzHdmiServiceCallback: power status is 3
06-16 00:51:47.843   534   534 I AmzHdmiServiceCallback: power status is 3
06-16 00:51:51.688   392   463 E storaged: getDiskStats failed with result NOT_SUPPORTED and size 0
06-16 00:51:55.022   534   534 I AmzHdmiServiceCallback: power status is 3
06-16 00:52:38.002   534   534 I chatty  : uid=1000 system_server identical 6 lines
06-16 00:52:45.163   534   534 I AmzHdmiServiceCallback: power status is 3
06-16 00:52:51.688   392   463 E storaged: getDiskStats failed with result NOT_SUPPORTED and size 0
06-16 00:52:52.333   534   534 I AmzHdmiServiceCallback: power status is 3
06-16 00:53:42.492   534   534 I chatty  : uid=1000 system_server identical 7 lines
06-16 00:53:49.653   534   534 I AmzHdmiServiceCallback: power status is 3
06-16 00:53:51.689   392   463 E storaged: getDiskStats failed with result NOT_SUPPORTED and size 0
06-16 00:53:56.812   534   534 I AmzHdmiServiceCallback: power status is 3
06-16 00:54:39.812   534   534 I chatty  : uid=1000 system_server identical 6 lines
06-16 00:54:46.973   534   534 I AmzHdmiServiceCallback: power status is 3
06-16 00:54:51.690   392   463 E storaged: getDiskStats failed with result NOT_SUPPORTED and size 0
06-16 00:54:54.134   534   534 I AmzHdmiServiceCallback: power status is 3
06-16 00:55:44.282   534   534 I chatty  : uid=1000 system_server identical 7 lines
06-16 00:55:51.443   534   534 I AmzHdmiServiceCallback: power status is 3
06-16 00:55:51.690   392   463 E storaged: getDiskStats failed with result NOT_SUPPORTED and size 0
06-16 00:55:58.622   534   534 I AmzHdmiServiceCallback: power status is 3
06-16 00:56:41.602   534   534 I chatty  : uid=1000 system_server identical 6 lines
06-16 00:56:48.763   534   534 I AmzHdmiServiceCallback: power status is 3
06-16 00:56:51.691   392   463 E storaged: getDiskStats failed with result NOT_SUPPORTED and size 0
06-16 00:56:55.943   534   534 I AmzHdmiServiceCallback: power status is 3
06-16 00:57:38.922   534   534 I chatty  : uid=1000 system_server identical 6 lines
06-16 00:57:46.082   534   534 I AmzHdmiServiceCallback: power status is 3
06-16 00:57:51.691   392   463 E storaged: getDiskStats failed with result NOT_SUPPORTED and size 0
06-16 00:57:53.243   534   534 I AmzHdmiServiceCallback: power status is 3
06-16 00:58:36.242   534   534 I chatty  : uid=1000 system_server identical 6 lines
06-16 00:58:43.402   534   534 I AmzHdmiServiceCallback: power status is 3
06-16 00:58:46.639   534   553 I ActivityManager: Start proc 16248:com.amazon.venezia/u0a162 for service com.amazon.venezia/com.amazon.sdk.availability.UploadMeasurementsSyncAdapter$SyncAdapterService
06-16 00:58:49.971   534  1618 I ActivityManager: Killing 14649:com.amazon.prism.android.service:remote/u0a119 (adj 903): empty for 3355s
06-16 00:58:49.998   534  2489 W AmzDisplayModeConverter: Display.Mode cannot be mapped to auto, please use getHighestPriorityMode to get a valid id
06-16 00:58:50.563   534   534 I AmzHdmiServiceCallback: power status is 3
06-16 00:58:51.692   392   463 E storaged: getDiskStats failed with result NOT_SUPPORTED and size 0
06-16 00:58:57.723   534   534 I AmzHdmiServiceCallback: power status is 3
06-16 00:59:40.722   534   534 I chatty  : uid=1000 system_server identical 6 lines
06-16 00:59:47.883   534   534 I AmzHdmiServiceCallback: power status is 3
06-16 00:59:51.693   392   463 E storaged: getDiskStats failed with result NOT_SUPPORTED and size 0
06-16 00:59:55.042   534   534 I AmzHdmiServiceCallback: power status is 3
06-16 01:00:38.032   534   534 I chatty  : uid=1000 system_server identical 6 lines
06-16 01:00:45.192   534   534 I AmzHdmiServiceCallback: power status is 3
06-16 01:00:51.694   392   463 E storaged: getDiskStats failed with result NOT_SUPPORTED and size 0
06-16 01:00:52.353   534   534 I AmzHdmiServiceCallback: power status is 3
06-16 01:01:28.192   534   534 I chatty  : uid=1000 system_server identical 5 lines
06-16 01:01:35.352   534   534 I AmzHdmiServiceCallback: power status is 3
06-16 01:01:38.979   370   370 I perfmonitord:StatUtil: CPUUtilization is at 0%
06-16 01:01:38.980   370   370 I perfmonitord:StatUtil: MemoryUtilization is at 67%
06-16 01:01:42.512   534   534 I AmzHdmiServiceCallback: power status is 3
06-16 01:01:49.673   534   534 I AmzHdmiServiceCallback: power status is 3
06-16 01:01:51.694   392   463 E storaged: getDiskStats failed with result NOT_SUPPORTED and size 0
06-16 01:01:56.853   534   534 I AmzHdmiServiceCallback: power status is 3
06-16 01:02:39.832   534   534 I chatty  : uid=1000 system_server identical 6 lines
06-16 01:02:46.992   534   534 I AmzHdmiServiceCallback: power status is 3
06-16 01:02:51.695   392   463 E storaged: getDiskStats failed with result NOT_SUPPORTED and size 0
06-16 01:02:54.172   534   534 I AmzHdmiServiceCallback: power status is 3
06-16 01:03:44.312   534   534 I chatty  : uid=1000 system_server identical 7 lines
06-16 01:03:51.473   534   534 I AmzHdmiServiceCallback: power status is 3
06-16 01:03:51.696   392   463 E storaged: getDiskStats failed with result NOT_SUPPORTED and size 0
06-16 01:03:58.653   534   534 I AmzHdmiServiceCallback: power status is 3
06-16 01:04:41.642   534   534 I chatty  : uid=1000 system_server identical 6 lines
06-16 01:04:48.792   534   534 I AmzHdmiServiceCallback: power status is 3
06-16 01:04:51.696   392   463 E storaged: getDiskStats failed with result NOT_SUPPORTED and size 0
06-16 01:04:55.972   534   534 I AmzHdmiServiceCallback: power status is 3
06-16 01:05:38.953   534   534 I chatty  : uid=1000 system_server identical 6 lines
06-16 01:05:46.112   534   534 I AmzHdmiServiceCallback: power status is 3
06-16 01:05:51.697   392   463 E storaged: getDiskStats failed with result NOT_SUPPORTED and size 0
06-16 01:05:53.293   534   534 I AmzHdmiServiceCallback: power status is 3
06-16 01:06:43.432   534   534 I chatty  : uid=1000 system_server identical 7 lines
06-16 01:06:50.593   534   534 I AmzHdmiServiceCallback: power status is 3
06-16 01:06:51.698   392   463 E storaged: getDiskStats failed with result NOT_SUPPORTED and size 0
06-16 01:06:57.773   534   534 I AmzHdmiServiceCallback: power status is 3
06-16 01:07:40.752   534   534 I chatty  : uid=1000 system_server identical 6 lines
06-16 01:07:47.913   534   534 I AmzHdmiServiceCallback: power status is 3
06-16 01:07:51.698   392   463 E storaged: getDiskStats failed with result NOT_SUPPORTED and size 0
06-16 01:07:55.092   534   534 I AmzHdmiServiceCallback: power status is 3
06-16 01:08:38.072   534   534 I chatty  : uid=1000 system_server identical 6 lines
06-16 01:08:45.233   534   534 I AmzHdmiServiceCallback: power status is 3
06-16 01:08:47.209   534   550 I UsageStatsService: User[0] Rolling over usage stats
06-16 01:08:47.271   534   550 I UsageStatsService: User[0] Rollover scheduled @ 2026-06-17 01:08:47(1781676527187)
06-16 01:08:47.271   534   550 I UsageStatsService: User[0] Rolling over usage stats complete. Took 62 milliseconds
06-16 01:08:51.699   392   463 E storaged: getDiskStats failed with result NOT_SUPPORTED and size 0
06-16 01:08:52.413   534   534 I AmzHdmiServiceCallback: power status is 3
06-16 01:09:42.552   534   534 I chatty  : uid=1000 system_server identical 7 lines
06-16 01:09:49.713   534   534 I AmzHdmiServiceCallback: power status is 3
06-16 01:09:51.700   392   463 E storaged: getDiskStats failed with result NOT_SUPPORTED and size 0
06-16 01:09:56.892   534   534 I AmzHdmiServiceCallback: power status is 3
06-16 01:10:39.872   534   534 I chatty  : uid=1000 system_server identical 6 lines
06-16 01:10:47.032   534   534 I AmzHdmiServiceCallback: power status is 3
06-16 01:10:51.700   392   463 E storaged: getDiskStats failed with result NOT_SUPPORTED and size 0
06-16 01:10:54.193   534   534 I AmzHdmiServiceCallback: power status is 3
06-16 01:11:30.032   534   534 I chatty  : uid=1000 system_server identical 5 lines
06-16 01:11:37.192   534   534 I AmzHdmiServiceCallback: power status is 3
06-16 01:11:40.309   370   370 I perfmonitord:StatUtil: CPUUtilization is at 1%
06-16 01:11:40.310   370   370 I perfmonitord:StatUtil: MemoryUtilization is at 66%
06-16 01:11:44.352   534   534 I AmzHdmiServiceCallback: power status is 3
06-16 01:11:51.512   534   534 I AmzHdmiServiceCallback: power status is 3
06-16 01:11:51.701   392   463 E storaged: getDiskStats failed with result NOT_SUPPORTED and size 0
06-16 01:11:58.692   534   534 I AmzHdmiServiceCallback: power status is 3
06-16 01:12:41.672   534   534 I chatty  : uid=1000 system_server identical 6 lines
06-16 01:12:48.832   534   534 I AmzHdmiServiceCallback: power status is 3
06-16 01:12:51.702   392   463 E storaged: getDiskStats failed with result NOT_SUPPORTED and size 0
06-16 01:12:55.992   534   534 I AmzHdmiServiceCallback: power status is 3
06-16 01:13:38.982   534   534 I chatty  : uid=1000 system_server identical 6 lines
06-16 01:13:46.144   534   534 I AmzHdmiServiceCallback: power status is 3
06-16 01:13:51.702   392   463 E storaged: getDiskStats failed with result NOT_SUPPORTED and size 0
06-16 01:13:53.323   534   534 I AmzHdmiServiceCallback: power status is 3
