06-16 03:07:56.863  2814  3153 I SettingsClient: Disabling interacting
06-16 03:07:56.864  2814  3153 I ServiceConnectionManager: unbindService(), context => com.amazon.tv.launcher.BuellerApplication@fc54330
06-16 03:07:56.865  2814  2814 I SceneNodePresenter: SceneNodePresenter onStop() is called by class com.amazon.tv.launcher.ui.sceneflow.presenters.model1.AlexaNavHintNodePresenterDI
06-16 03:07:56.865  2814  2814 I SceneNodePresenter: SceneNodePresenter onStop() is called by class com.amazon.tv.launcher.featuredrotator.ui.jarvis.FeaturedRotatorFragment
06-16 03:07:56.866  2814  2814 I NavigationNodePresenter: onStop is called, mInSleepMode: false
06-16 03:07:56.866  2814  2814 I SceneNodePresenter: SceneNodePresenter onStop() is called by class com.amazon.tv.launcher.ui.sceneflow.presenters.common.NavigationNodePresenterDI
06-16 03:07:56.867  2814  3153 I AlexaInteractionStateOb: Settings client torn down
06-16 03:07:56.881  2814  2814 I NavMenuController: Removed CDA App Items listener.
06-16 03:07:56.881  2814  2814 I NavMenuController: remove listeners stopManagingData 
06-16 03:07:56.881  2814  2814 I CdaController: FTV-CDA: Removing ConsumerEventListener com.amazon.tv.launcher.ui.datacontroller.CdaBasedRecentDataController$ConsumerEventListenerForYAC@f943e2a for home @@ myAppsAndGames and actor: amxxxxxxxxxxxxxxxxxxxxxxxxxxxxxxxxxxxxxxxxxxxxxxxxxxxxxxxxxxxxxxxxxxxxxxxxxxxxxxxxxxxxxxxxxxxxx
06-16 03:07:56.907  2814  2814 I SceneNodePresenter: SceneNodePresenter onStop() is called by class com.amazon.tv.launcher.ui.sceneflow.presenters.model1.NavMenuScreenNodePresenterDI
06-16 03:07:56.912  2814  2814 I GridLTSEventManager: postEmptySnapShot: Snapshot:
06-16 03:07:56.912  2814  2814 I GridLTSEventManager: 1: [1, 0.0, M] [3, 0.0, M] [2, 0.0, M] 
06-16 03:07:56.912  2814  2814 I GridLTSEventManager: 3: [3, 0.0, M] [2, 0.0, M] [1, 0.0, M] [5, 0.0, M] [4, 0.0, M] 
06-16 03:07:56.912  2814  2814 I GridLTSEventManager: 2: [1, 0.0, M] [2, 0.0, M] 
06-16 03:07:56.913  2814  3131 I cevicheLTSPlugin.BaseEventHandler: Received an event from Launcher of typeScreenVisibilityEvent
06-16 03:07:56.913  2814  2814 I RowVisibilityMetricsRep: ProcessVisiblityEvent isInFg: false
06-16 03:07:56.916  2814 22641 I FrameworkUtils: isAppInteractive: isAppInteractive=true, displayId=0, displayState=2, isInteractive=true}
06-16 03:07:56.916  2814 22641 I FRFocusFeatureManager: Set isFRLaunchFirstTime: false
06-16 03:07:56.916  2814 22641 I FRFocusFeatureManager: Set frFocusedFirstTime: false
06-16 03:07:56.916  2814  3132 I LTSEventHandler: Launcher screen exits, clearing HintContext!
06-16 03:07:56.980  1520  1800 I BatchCreator: enqueueBatchForTransmission - enqueueBatchForTransmission;
06-16 03:07:56.997 22945 22945 I com.amazon.alexamediaplayer.runtime.ftv/FeatureSetCache: Caching feature IsolateApplication as false
06-16 03:07:56.997 22945 22945 I com.amazon.alexamediaplayer.runtime.ftv/ClientToCentralTrustLogicImpl: Current package is: com.amazon.alexamediaplayer.runtime.ftv. Directly trust central package: com.amazon.imp, since it is system MAP library
06-16 03:07:57.030 22945 23105 E com.amazon.alexamediaplayer.runtime.ftv/PlatformUtils: Could not initialize FidoAuthenticatorJSBridge because Fido client could not be initialized
06-16 03:07:57.041 22945 22945 I com.amazon.alexamediaplayer.runtime.ftv/LocalKeyValueStore: Create DE shared preference, OS supports direct boot.
06-16 03:07:57.043 22959 22970 I n.bueller.musi: Background concurrent copying GC freed 72975(4MB) AllocSpace objects, 20(6MB) LOS objects, 49% free, 2MB/5MB, paused 7.549ms total 176.655ms
06-16 03:07:57.046  1937  3266 I chatty  : uid=10163(com.amazon.vizzini) SettingsHelperT expire 1 line
06-16 03:07:57.074 22959 22959 W MediaSessionCompat: Couldn't find a unique registered media button receiver in the given context.
06-16 03:07:57.076 22945 22945 I com.amazon.alexamediaplayer.runtime.ftv/TrustedPackageManager: Trying to use default signature based package trust logic. This should be on 3P device
06-16 03:07:57.078 22945 22945 I com.amazon.alexamediaplayer.runtime.ftv/TrustedPackageManager: Setting package trust logic as: signature based package trust logic
06-16 03:07:57.079 22945 22945 W untime.ftv:smb: Class com.amazon.identity.auth.device.framework.AmazonDeviceInfo failed lock verification and will run slower.
06-16 03:07:57.079 22945 22945 W untime.ftv:smb: Common causes for lock verification issues are non-optimized dex code
06-16 03:07:57.079 22945 22945 W untime.ftv:smb: and incorrect proguard optimizations.
06-16 03:07:57.108 22945 22956 I untime.ftv:smb: Background concurrent copying GC freed 118837(7MB) AllocSpace objects, 25(6MB) LOS objects, 50% free, 3MB/7MB, paused 185us total 287.548ms
06-16 03:07:57.110   534   534 W Looper  : Slow dispatch took 101ms main h=com.android.server.notification.NotificationManagerService$WorkerHandler c=null m=3
06-16 03:07:57.118  1520  1800 I BoundedBatchFileQueue: batch file added: 1781597277065_us-east-1_0001
06-16 03:07:57.124 22945 23105 W MinervaServiceWrapper: record : MinervaService not yet bound. Buffered Metric Event String. Buffer Size: 1
06-16 03:07:57.129   534   914 I chatty  : uid=1000(system) ConnectivityThr expire 2 lines
06-16 03:07:57.131  2559  2638 I ArcusSyncManager/RemoteDeviceManagerArcus: onCapabilitiesChanged arcusId: arn:aws:remote-config:us-west-2:875023860230:appConfig:aenxb37n
06-16 03:07:57.132  2559  2638 I ArcusSyncManager/RemoteDeviceManagerArcus: onCapabilitiesChanged arcusId: arn:aws:remote-config:us-west-2:875023860230:appConfig:aenxb37n
06-16 03:07:57.132  2814  3155 I NetworkMonitorStates: Network capabilities changed: 100, hasValidatedInternet=true, validatedNetworks: [100]
06-16 03:07:57.137 22945 23105 W com.amazon.alexamediaplayer.runtime.ftv/WhatsAppAutoreadPluginHelper: WhatsAppAutoreadPlugin is not supported for this package: com.amazon.alexamediaplayer.runtime.ftv
06-16 03:07:57.139  2814  2814 I BuellerApplication: Received on trim from framework, level is 80
06-16 03:07:57.139  2814  2814 I BuellerApplication:  should trim frozen image false
06-16 03:07:57.139  2814  2814 W BuellerApplication: TRIM_MEMORY_COMPLETE
06-16 03:07:57.140  2814  2814 I MediaBrowseInMemoryCacheImpl: Cache size before trim: 279
06-16 03:07:57.140  2814  2814 I MediaBrowseInMemoryCacheImpl: Cache size after trim: 279
06-16 03:07:57.141  2814  2814 I BuellerApplication: Trim memory has completed
06-16 03:07:57.142 22945 23105 W MinervaServiceWrapper: record : MinervaService not yet bound. Buffered Metric Event String. Buffer Size: 2
06-16 03:07:57.142  2814  2814 I MediaBrowseServiceImpl: Received notice that MediaBrowseServiceImpl is to trim memory. Trim memory level: 80
06-16 03:07:57.144  2814  3155 I NetworkMonitorStates: checkInternetState: validatedNetworks=[100], result=Available
06-16 03:07:57.144  2814  3155 I NetworkMonitorStates: updateInternetState: Available -> Available
06-16 03:07:57.158  2814  3096 I ImageTrimMemoryHandler: Processing trimMemory level=80, availablePriority=3, cachedPriority=3, bytesInMemoryCache=2 MB, bytesInUse=7 MB
06-16 03:07:57.161  2814  3096 I ImagePriorityLru: Releasing 0 cached items, and 0 available items, bytesInUse=7 MB, bytesOnlyInCache=2 MB
06-16 03:07:57.175 22945 23111 I com.amazon.alexamediaplayer.runtime.ftv/DataStorageFactoryImpl: Creating new DataStorageFactoryImpl
06-16 03:07:57.176 22945 23111 I com.amazon.alexamediaplayer.runtime.ftv/MAPInitTasks: Get DataStorage instance for initialization
06-16 03:07:57.176 22945 23111 I com.amazon.alexamediaplayer.runtime.ftv/DataStorageFactoryImpl: Initializing new DataStorage
06-16 03:07:57.179 22945 23111 I com.amazon.alexamediaplayer.runtime.ftv/ClientToCentralTrustLogicImpl: Current package is: com.amazon.alexamediaplayer.runtime.ftv. Directly trust central package: com.amazon.imp, since it is system MAP library
06-16 03:07:57.187 22945 23111 I com.amazon.alexamediaplayer.runtime.ftv/ClientToCentralTrustLogicImpl: Current package is: com.amazon.alexamediaplayer.runtime.ftv. Directly trust central package: com.amazon.imp, since it is system MAP library
06-16 03:07:57.192 22945 23111 I com.amazon.alexamediaplayer.runtime.ftv/IsolatedModeSwitcher: App does not support client driven runtime isolation.
06-16 03:07:57.193 22945 23111 I com.amazon.alexamediaplayer.runtime.ftv/ClientToCentralTrustLogicImpl: Current package is: com.amazon.alexamediaplayer.runtime.ftv. Directly trust central package: com.amazon.imp, since it is system MAP library
06-16 03:07:57.198 22945 23111 I com.amazon.alexamediaplayer.runtime.ftv/ClientToCentralTrustLogicImpl: Current package is: com.amazon.alexamediaplayer.runtime.ftv. Directly trust central package: com.amazon.imp, since it is system MAP library
06-16 03:07:57.200  1978  1978 I whad-MediaSessionClient: onActiveSessionsChanged: started, controllers=0
06-16 03:07:57.213  1045  1435 I Avrcp   : Skipping update due to invalid playback state
06-16 03:07:57.227 22945 23111 I com.amazon.alexamediaplayer.runtime.ftv/DeviceAttributeCache: Setting device attribute CentralAPK to true
06-16 03:07:57.239 22945 23111 I com.amazon.alexamediaplayer.runtime.ftv/DataStorageFactoryImpl: Creating and using new CentralAccountManagerDataStorage
06-16 03:07:57.244 22945 23111 I com.amazon.alexamediaplayer.runtime.ftv/LocalKeyValueStore: Create DE shared preference, OS supports direct boot.
06-16 03:07:57.245 22945 23111 I com.amazon.alexamediaplayer.runtime.ftv/LocalKeyValueStore: Create DE shared preference, OS supports direct boot.
06-16 03:07:57.245 22945 23111 I com.amazon.alexamediaplayer.runtime.ftv/MAPInitTasks: Initialize DataStorage instance
06-16 03:07:57.245 22945 23111 I com.amazon.alexamediaplayer.runtime.ftv/MAPInitTasks: Setup DataStorage instance
06-16 03:07:57.246 22945 23111 I com.amazon.alexamediaplayer.runtime.ftv/ClientToCentralTrustLogicImpl: Current package is: com.amazon.alexamediaplayer.runtime.ftv. Directly trust central package: com.amazon.imp, since it is system MAP library
06-16 03:07:57.247  1978  1978 I WhadService: onActiveSessionsChanged:No active WHA media session, isConfident=true
06-16 03:07:57.248 22945 23111 I com.amazon.alexamediaplayer.runtime.ftv/ClientToCentralTrustLogicImpl: Current package is: com.amazon.alexamediaplayer.runtime.ftv. Directly trust central package: com.amazon.imp, since it is system MAP library
06-16 03:07:57.248  1045  1435 E bt_btif : register_notification_rsp: Avrcp device is not connected, handle: 0x0
06-16 03:07:57.248  1045  1435 I chatty  : uid=1002(bluetooth) BluetoothAvrcpH identical 8 lines
06-16 03:07:57.248  1045  1435 E bt_btif : register_notification_rsp: Avrcp device is not connected, handle: 0x0
06-16 03:07:57.251 22945 23111 I com.amazon.alexamediaplayer.runtime.ftv/ClientToCentralTrustLogicImpl: Current package is: com.amazon.alexamediaplayer.runtime.ftv. Directly trust central package: com.amazon.imp, since it is system MAP library
06-16 03:07:57.254 22945 23111 I chatty  : uid=10070 com.amazon.alexamediaplayer.runtime.ftv:smbs identical 15 lines
06-16 03:07:57.263 22945 22945 I chatty  : uid=10070 com.amazon.alexamediaplayer.runtime.ftv:smbs expire 10 lines
06-16 03:07:57.274  2814  3096 I ImagePriorityLru: Releasing 16 cached items, and 33 available items, bytesInUse=7 MB, bytesOnlyInCache=0 bytes
06-16 03:07:57.289  1937  3534 I chatty  : uid=10163(com.amazon.vizzini) mandQueueWorker expire 8 lines
06-16 03:07:57.332  1978  2184 I WhadWrapper: whadOnClusterPlaybackStateChangedCallback, isPlaying=false, deviceCount=1
06-16 03:07:57.333  1978  2184 I whad    : AudioDistributionManager:processClusterPlaybackStateChanged:outputDeviceType=3,isPlaying=0,mIsPlaying=0, isconfident=1
06-16 03:07:57.333  1978  2184 I whad    : ActiveClientStateManager:onPlaybackSessionEnded:Potential duplicate call, skipping active client reset
06-16 03:07:57.357  1195  1725 I com.amazon.imp/SSODeviceInfo[0]: Amazon Device Info will try to get central device serial
06-16 03:07:57.357  1195  1725 I com.amazon.imp/AmazonDeviceSecurityFactoryImpl[0]: Use device hardware auth.
06-16 03:07:57.383 22959 22959 I Choreographer: Skipped 116 frames!  The application may be doing too much work on its main thread.
06-16 03:07:57.384  1937  2134 I chatty  : uid=10163(com.amazon.vizzini) Binder:1937_3 expire 13 lines
06-16 03:07:57.420 22880 22880 I EMP_1.0.29753.0_CsmClientsCallbacksImpl: UpdateDeviceContextQueueRequest: Finished invoking request (0) on retry (1).
06-16 03:07:57.420 22880 22941 I EMP_1.0.29753.0_MediaControllerCreationAttempt: Connected to MediaBrowserService ComponentInfo{com.amazon.bueller.music/com.amazon.music.media.playback.MediaBrowserService}.
06-16 03:07:57.420 22880 22880 I EMP_1.0.29753.0_BaseQueueRequest: UpdateDeviceContextQueueRequest: Executing request (1). Retry number (0).
06-16 03:07:57.420 22880 22880 I EMP_1.0.29753.0_UpdateDeviceContextQueueRequest: Attempting to update device context for namespace: [ExternalMediaPlayer], name: [ExternalMediaPlayerState].
06-16 03:07:57.429 22945 23111 I untime.ftv:smb: Rejecting re-init on previously-failed class java.lang.Class<com.amazon.identity.auth.device.framework.LWASSOPluginHelper$LWASSODependencyImpl>: java.lang.NoClassDefFoundError: Failed resolution of: Lcom/amazon/identity/mobi/lwasso/api/LWASSODependency;
06-16 03:07:57.429 22945 23111 I untime.ftv:smb:   at void com.amazon.identity.auth.device.framework.MAPInitTasks.performInitOperations() (MAPInitTasks.java:125)
06-16 03:07:57.429 22945 23111 I untime.ftv:smb:   at void com.amazon.identity.auth.device.api.MAPInit$2.run() (MAPInit.java:1)
06-16 03:07:57.429 22945 23111 I untime.ftv:smb:   at void com.amazon.identity.auth.device.utils.ThreadUtils$1.run() (ThreadUtils.java:2)
06-16 03:07:57.429 22945 23111 I untime.ftv:smb:   at void java.util.concurrent.ThreadPoolExecutor.runWorker(java.util.concurrent.ThreadPoolExecutor$Worker) (ThreadPoolExecutor.java:1167)
06-16 03:07:57.429 22945 23111 I untime.ftv:smb:   at void java.util.concurrent.ThreadPoolExecutor$Worker.run() (ThreadPoolExecutor.java:641)
06-16 03:07:57.429 22945 23111 I untime.ftv:smb:   at void java.lang.Thread.run() (Thread.java:764)
06-16 03:07:57.429 22945 23111 I untime.ftv:smb: Caused by: java.lang.ClassNotFoundException: Didn't find class "com.amazon.identity.mobi.lwasso.api.LWASSODependency" on path: DexPathList[[zip file "/system/framework/org.apache.http.legacy.boot.jar", zip file "/system/priv-app/MetricsApi/MetricsApi.apk", zip file "/system/priv-app/MinervaApi/MinervaApi.apk", zip file "/system/framework/FireOSPhoenixSDKNeoJavaServiceApi.jar", zip file "/system/framework/com.amazon.identity.auth.device.jar", zip file "/data/app/com.amazon.alexamediaplayer.runtime.ftv-vA6TUIoqRP0abhcKAEJ8ew==/base.apk"],nativeLibraryDirectories=[/data/app/com.amazon.alexamediaplayer.runtime.ftv-vA6TUIoqRP0abhcKAEJ8ew==/lib/arm, /data/app/com.amazon.alexamediaplayer.runtime.ftv-vA6TUIoqRP0abhcKAEJ8ew==/base.apk!/lib/armeabi-v7a, /system/lib]]
06-16 03:07:57.430 22945 23111 I untime.ftv:smb:   at java.lang.Class dalvik.system.BaseDexClassLoader.findClass(java.lang.String) (BaseDexClassLoader.java:134)
06-16 03:07:57.430 22945 23111 I untime.ftv:smb:   at java.lang.Class java.lang.ClassLoader.loadClass(java.lang.String, boolean) (ClassLoader.java:379)
06-16 03:07:57.430 22945 23111 I untime.ftv:smb:   at java.lang.Class java.lang.ClassLoader.loadClass(java.lang.String) (ClassLoader.java:312)
06-16 03:07:57.430 22945 23111 I untime.ftv:smb:   at void com.amazon.identity.auth.device.framework.MAPInitTasks.performInitOperations() (MAPInitTasks.java:125)
06-16 03:07:57.430 22945 23111 I untime.ftv:smb:   at void com.amazon.identity.auth.device.api.MAPInit$2.run() (MAPInit.java:1)
06-16 03:07:57.430 22945 23111 I untime.ftv:smb:   at void com.amazon.identity.auth.device.utils.ThreadUtils$1.run() (ThreadUtils.java:2)
06-16 03:07:57.430 22945 23111 I untime.ftv:smb:   at void java.util.concurrent.ThreadPoolExecutor.runWorker(java.util.concurrent.ThreadPoolExecutor$Worker) (ThreadPoolExecutor.java:1167)
06-16 03:07:57.430 22945 23111 I untime.ftv:smb:   at void java.util.concurrent.ThreadPoolExecutor$Worker.run() (ThreadPoolExecutor.java:641)
06-16 03:07:57.430 22945 23111 I untime.ftv:smb:   at void java.lang.Thread.run() (Thread.java:764)
06-16 03:07:57.430 22945 23111 I untime.ftv:smb: 
06-16 03:07:57.430 22945 23111 I untime.ftv:smb: Rejecting re-init on previously-failed class java.lang.Class<com.amazon.identity.auth.device.framework.LWASSOPluginHelper$LWASSODependencyImpl>: java.lang.NoClassDefFoundError: Failed resolution of: Lcom/amazon/identity/mobi/lwasso/api/LWASSODependency;
06-16 03:07:57.430 22945 23111 I untime.ftv:smb:   at void com.amazon.identity.auth.device.framework.MAPInitTasks.performInitOperations() (MAPInitTasks.java:125)
06-16 03:07:57.430 22945 23111 I untime.ftv:smb:   at void com.amazon.identity.auth.device.api.MAPInit$2.run() (MAPInit.java:1)
06-16 03:07:57.430 22945 23111 I untime.ftv:smb:   at void com.amazon.identity.auth.device.utils.ThreadUtils$1.run() (ThreadUtils.java:2)
06-16 03:07:57.430 22945 23111 I untime.ftv:smb:   at void java.util.concurrent.ThreadPoolExecutor.runWorker(java.util.concurrent.ThreadPoolExecutor$Worker) (ThreadPoolExecutor.java:1167)
06-16 03:07:57.430 22945 23111 I untime.ftv:smb:   at void java.util.concurrent.ThreadPoolExecutor$Worker.run() (ThreadPoolExecutor.java:641)
06-16 03:07:57.430 22945 23111 I untime.ftv:smb:   at void java.lang.Thread.run() (Thread.java:764)
06-16 03:07:57.430 22945 23111 I untime.ftv:smb: Caused by: java.lang.ClassNotFoundException: Didn't find class "com.amazon.identity.mobi.lwasso.api.LWASSODependency" on path: DexPathList[[zip file "/system/framework/org.apache.http.legacy.boot.jar", zip file "/system/priv-app/MetricsApi/MetricsApi.apk", zip file "/system/priv-app/MinervaApi/MinervaApi.apk", zip file "/system/framework/FireOSPhoenixSDKNeoJavaServiceApi.jar", zip file "/system/framework/com.amazon.identity.auth.device.jar", zip file "/data/app/com.amazon.alexamediaplayer.runtime.ftv-vA6TUIoqRP0abhcKAEJ8ew==/base.apk"],nativeLibraryDirectories=[/data/app/com.amazon.alexamediaplayer.runtime.ftv-vA6TUIoqRP0abhcKAEJ8ew==/lib/arm, /data/app/com.amazon.alexamediaplayer.runtime.ftv-vA6TUIoqRP0abhcKAEJ8ew==/base.apk!/lib/armeabi-v7a, /system/lib]]
06-16 03:07:57.430 22945 23111 I untime.ftv:smb:   at java.lang.Class dalvik.system.BaseDexClassLoader.findClass(java.lang.String) (BaseDexClassLoader.java:134)
06-16 03:07:57.430 22945 23111 I untime.ftv:smb:   at java.lang.Class java.lang.ClassLoader.loadClass(java.lang.String, boolean) (ClassLoader.java:379)
06-16 03:07:57.430 22945 23111 I untime.ftv:smb:   at java.lang.Class java.lang.ClassLoader.loadClass(java.lang.String) (ClassLoader.java:312)
06-16 03:07:57.430 22945 23111 I untime.ftv:smb:   at void com.amazon.identity.auth.device.framework.MAPInitTasks.performInitOperations() (MAPInitTasks.java:125)
06-16 03:07:57.430 22945 23111 I untime.ftv:smb:   at void com.amazon.identity.auth.device.api.MAPInit$2.run() (MAPInit.java:1)
06-16 03:07:57.430 22945 23111 I untime.ftv:smb:   at void com.amazon.identity.auth.device.utils.ThreadUtils$1.run() (ThreadUtils.java:2)
06-16 03:07:57.430 22945 23111 I untime.ftv:smb:   at void java.util.concurrent.ThreadPoolExecutor.runWorker(java.util.concurrent.ThreadPoolExecutor$Worker) (ThreadPoolExecutor.java:1167)
06-16 03:07:57.430 22945 23111 I untime.ftv:smb:   at void java.util.concurrent.ThreadPoolExecutor$Worker.run() (ThreadPoolExecutor.java:641)
06-16 03:07:57.430 22945 23111 I untime.ftv:smb:   at void java.lang.Thread.run() (Thread.java:764)
06-16 03:07:57.430 22945 23111 I untime.ftv:smb: 
06-16 03:07:57.433 22945 23111 W com.amazon.alexamediaplayer.runtime.ftv/WhatsAppAutoreadPluginHelper: WhatsAppAutoreadPlugin is not supported for this package: com.amazon.alexamediaplayer.runtime.ftv
06-16 03:07:57.436 22945 23111 W MinervaServiceWrapper: record : MinervaService not yet bound. Buffered Metric Event String. Buffer Size: 3
06-16 03:07:57.440 22880 22880 I EMP_1.0.29753.0_CsmClientsCallbacksImpl: UpdateDeviceContextQueueRequest: Finished invoking request (1) on retry (0).
06-16 03:07:57.441 22880 22880 I EMP_1.0.29753.0_BaseQueueRequest: UpdateDeviceContextQueueRequest: Executing request (2). Retry number (0).
06-16 03:07:57.441 22880 22880 I EMP_1.0.29753.0_UpdateDeviceContextQueueRequest: Attempting to update device context for namespace: [Alexa.PlaybackStateReporter], name: [playbackState].
06-16 03:07:57.443   289   353 W /system/bin/netd: dnssd_clientstub DNSServiceProcessResult called with NULL DNSServiceRef
06-16 03:07:57.445  1045  1435 I Avrcp   : Skipping update due to invalid playback state
06-16 03:07:57.445  1978  1978 I WhadService: onActiveSessionsChanged:No active WHA media session, isConfident=true
06-16 03:07:57.445  1978  1978 I whad-MediaSessionClient: onActiveSessionsChanged: started, controllers=0
06-16 03:07:57.447  1978  2184 I WhadWrapper: whadOnClusterPlaybackStateChangedCallback, isPlaying=false, deviceCount=1
06-16 03:07:57.447  1978  2184 I whad    : AudioDistributionManager:processClusterPlaybackStateChanged:outputDeviceType=3,isPlaying=0,mIsPlaying=0, isconfident=1
06-16 03:07:57.447  1978  2184 I whad    : ActiveClientStateManager:onPlaybackSessionEnded:Potential duplicate call, skipping active client reset
06-16 03:07:57.453 22880 22941 I EMP_1.0.29753.0_PlayerMediaControllerCallback: Media session ready.
06-16 03:07:57.471  1937  1937 I chatty  : uid=10163(com.amazon.vizzini) expire 11 lines
06-16 03:07:57.480 22945 22945 I AMBS_BuildModelUtil: Device isFTV = true.
06-16 03:07:57.481 22945 22945 I AMBS_AlexaMediaBrowserService: setSessionActivity
06-16 03:07:57.510 22945 22945 I NativeLibrary: Successfully loaded AVSCommon_jni
06-16 03:07:57.515 22880 22880 I EMP_1.0.29753.0_CsmClientsCallbacksImpl: UpdateDeviceContextQueueRequest: Finished invoking request (2) on retry (0).
06-16 03:07:57.515 22880 22880 I EMP_1.0.29753.0_BaseQueueRequest: UpdateDeviceContextQueueRequest: Executing request (3). Retry number (0).
06-16 03:07:57.516 22880 22880 I EMP_1.0.29753.0_UpdateDeviceContextQueueRequest: Attempting to update device context for namespace: [ExternalMediaPlayer], name: [ExternalMediaPlayerState].
06-16 03:07:57.540 22945 22945 I AMBS_ClusterManager: initialize whas client
06-16 03:07:57.545 22945 22945 E WholeHomeAudioServiceClient: Failed to bind to WHAS
06-16 03:07:57.546 22945 22945 I AMBS_ClusterManager: Request to remove SWHAGS State from cluster *
06-16 03:07:57.546 22945 23128 I AMBS_ClusterManager: Removing swhags Spotify State from cluster *
06-16 03:07:57.554 22945 23128 I WholeHomeAudioServiceClient: Removing device component state. deviceInterface: Spotify; cluster: *
06-16 03:07:57.553 22880 22880 I EMP_1.0.29753.0_CsmClientsCallbacksImpl: UpdateDeviceContextQueueRequest: Finished invoking request (3) on retry (0).
06-16 03:07:57.556 22880 22880 I EMP_1.0.29753.0_BaseQueueRequest: UpdateDeviceContextQueueRequest: Executing request (4). Retry number (0).
06-16 03:07:57.556 22880 22880 I EMP_1.0.29753.0_UpdateDeviceContextQueueRequest: Attempting to update device context for namespace: [Alexa.PlaybackStateReporter], name: [playbackState].
06-16 03:07:57.566 22945 22945 I NativeLibrary: Successfully loaded AVSCommon_jni
06-16 03:07:57.575 22945 22945 I NativeLibrary: Successfully loaded AVSCommon_jni
06-16 03:07:57.591 22880 22941 I EMP_1.0.29753.0_DeviceContextManager: Add device context for namespace: [Alexa.PlaybackStateReporter], name: [playbackState], payload: [[REDACTED]]
06-16 03:07:57.596 22880 22941 I SPCH-RequestQueue: Request (4) is already running, returning.
06-16 03:07:57.598   534  2482 I ActivityManager: Process com.android.proxyhandler (pid 23013) has died: cch+1CEM 
06-16 03:07:57.600 22880 22941 I EMP_1.0.29753.0_DeviceContextManager: Add device context for namespace: [ExternalMediaPlayer], name: [ExternalMediaPlayerState], payload: [[REDACTED]]
06-16 03:07:57.600 22880 22941 I SPCH-RequestQueue: Request (4) is already running, returning.
06-16 03:07:57.605   290   290 I Zygote  : Process 23013 exited due to signal 9 (Killed)
06-16 03:07:57.606  2814  3131 I cevicheLTSPlugin.ItemVisibilityHandler: Reporting ScreenVisibilityEvent to AdManager - T1 treatment
06-16 03:07:57.608 22880 22941 I EMP_1.0.29753.0_DeviceContextManager: Add device context for namespace: [Alexa.PlaybackStateReporter], name: [playbackState], payload: [[REDACTED]]
06-16 03:07:57.609 22880 22941 I SPCH-RequestQueue: Request (4) is already running, returning.
06-16 03:07:57.610 22880 22941 I EMP_1.0.29753.0_DeviceContextManager: Add device context for namespace: [ExternalMediaPlayer], name: [ExternalMediaPlayerState], payload: [[REDACTED]]
06-16 03:07:57.610 22880 22941 I SPCH-RequestQueue: Request (4) is already running, returning.
06-16 03:07:57.611 22880 22941 I EMP_1.0.29753.0_PlayerMediaControllerCallback: Media session ready.
06-16 03:07:57.611 22880 22941 W EMP_1.0.29753.0_PlayerMediaControllerCallback: Ignoring repeated onSessionReady invocation.
06-16 03:07:57.628 22945 22945 I AMBS_ChannelVolumeController: getUnduckedVolume: streamMaxVolume = 15 streamVolume = 15 unduckedVol = 100
06-16 03:07:57.629 22880 22880 I EMP_1.0.29753.0_CsmClientsCallbacksImpl: UpdateDeviceContextQueueRequest: Finished invoking request (4) on retry (0).
06-16 03:07:57.630 22880 22880 I EMP_1.0.29753.0_BaseQueueRequest: UpdateDeviceContextQueueRequest: Executing request (5). Retry number (0).
06-16 03:07:57.630 22945 22945 I NativeLibrary: Successfully loaded AVSCommon_jni
06-16 03:07:57.630 22880 22880 I EMP_1.0.29753.0_UpdateDeviceContextQueueRequest: Attempting to update device context for namespace: [ExternalMediaPlayer], name: [ExternalMediaPlayerState].
06-16 03:07:57.650 22880 22880 I EMP_1.0.29753.0_CsmClientsCallbacksImpl: UpdateDeviceContextQueueRequest: Finished invoking request (5) on retry (0).
06-16 03:07:57.650 22880 22880 I EMP_1.0.29753.0_BaseQueueRequest: RemoveDeviceContextQueueRequest: Executing request (6). Retry number (0).
06-16 03:07:57.650 22880 22880 I EMP_1.0.29753.0_RemoveDeviceContextQueueRequest: Attempting to remove device context for namespace: [Alexa.PlaybackStateReporter], name: [PlaybackState].
06-16 03:07:57.652 22988 22988 I com.amazon.adep/MAPInit: Initializing MAP (130050002 / MAPAndroidLib-1.3.52235.0) for app com.amazon.adep. MAP release version: 20260228N
06-16 03:07:57.660 22880 22880 I EMP_1.0.29753.0_CsmClientsCallbacksImpl: RemoveDeviceContextQueueRequest: Finished invoking request (6) on retry (0).
06-16 03:07:57.660 22880 22880 I EMP_1.0.29753.0_BaseQueueRequest: UpdateDeviceContextQueueRequest: Executing request (7). Retry number (0).
06-16 03:07:57.660 22880 22880 I EMP_1.0.29753.0_UpdateDeviceContextQueueRequest: Attempting to update device context for namespace: [Alexa.PlaybackStateReporter], name: [playbackState].
06-16 03:07:57.688 22880 22880 I EMP_1.0.29753.0_CsmClientsCallbacksImpl: UpdateDeviceContextQueueRequest: Finished invoking request (7) on retry (0).
06-16 03:07:57.688 22880 22880 I EMP_1.0.29753.0_BaseQueueRequest: UpdateDeviceContextQueueRequest: Executing request (8). Retry number (0).
06-16 03:07:57.688 22880 22880 I EMP_1.0.29753.0_UpdateDeviceContextQueueRequest: Attempting to update device context for namespace: [ExternalMediaPlayer], name: [ExternalMediaPlayerState].
06-16 03:07:57.689 22988 22988 I com.amazon.adep/MetricsHelper: FireOS Minerva metrics is supported
06-16 03:07:57.693 22945 23117 E System  : TRACE Starting certificate trust
06-16 03:07:57.697 22988 22988 I com.amazon.adep/MAPInit: Running MAPInit on main thread: true
06-16 03:07:57.707 22880 22880 I EMP_1.0.29753.0_CsmClientsCallbacksImpl: UpdateDeviceContextQueueRequest: Finished invoking request (8) on retry (0).
06-16 03:07:57.708 22880 22880 I EMP_1.0.29753.0_BaseQueueRequest: UpdateDeviceContextQueueRequest: Executing request (9). Retry number (0).
06-16 03:07:57.708 22880 22880 I EMP_1.0.29753.0_UpdateDeviceContextQueueRequest: Attempting to update device context for namespace: [Alexa.PlaybackStateReporter], name: [playbackState].
06-16 03:07:57.711 22988 22988 I com.amazon.adep/ClientToCentralTrustLogicImpl: Current package is: com.amazon.adep. Directly trust central package: com.amazon.imp, since it is system MAP library
06-16 03:07:57.714 22988 22988 I chatty  : uid=10067(com.amazon.adep) identical 1 line
06-16 03:07:57.728 22988 22988 I com.amazon.adep/ClientToCentralTrustLogicImpl: Current package is: com.amazon.adep. Directly trust central package: com.amazon.imp, since it is system MAP library
06-16 03:07:57.731 22880 22880 I EMP_1.0.29753.0_CsmClientsCallbacksImpl: UpdateDeviceContextQueueRequest: Finished invoking request (9) on retry (0).
06-16 03:07:57.732 22880 22880 I EMP_1.0.29753.0_BaseQueueRequest: UpdateDeviceContextQueueRequest: Executing request (10). Retry number (0).
06-16 03:07:57.732 22880 22880 I EMP_1.0.29753.0_UpdateDeviceContextQueueRequest: Attempting to update device context for namespace: [ExternalMediaPlayer], name: [ExternalMediaPlayerState].
06-16 03:07:57.746 22988 22988 I com.amazon.adep/ClientToCentralTrustLogicImpl: Current package is: com.amazon.adep. Directly trust central package: com.amazon.imp, since it is system MAP library
06-16 03:07:57.748 22988 22988 I com.amazon.adep/IsolatedModeSwitcher: App does not support client driven runtime isolation.
06-16 03:07:57.748 22988 22988 I com.amazon.adep/ClientToCentralTrustLogicImpl: Current package is: com.amazon.adep. Directly trust central package: com.amazon.imp, since it is system MAP library
06-16 03:07:57.750 22988 22988 I com.amazon.adep/ClientToCentralTrustLogicImpl: Current package is: com.amazon.adep. Directly trust central package: com.amazon.imp, since it is system MAP library
06-16 03:07:57.751 22988 22988 I com.amazon.adep/FeatureSetCache: Caching feature IsolateApplication as false
06-16 03:07:57.752 22988 22988 I com.amazon.adep/ClientToCentralTrustLogicImpl: Current package is: com.amazon.adep. Directly trust central package: com.amazon.imp, since it is system MAP library
06-16 03:07:57.760 22880 22880 I EMP_1.0.29753.0_CsmClientsCallbacksImpl: UpdateDeviceContextQueueRequest: Finished invoking request (10) on retry (0).
06-16 03:07:57.767 22988 23131 E com.amazon.adep/PlatformUtils: Could not initialize FidoAuthenticatorJSBridge because Fido client could not be initialized
06-16 03:07:57.806  1937  1962 I chatty  : uid=10163(com.amazon.vizzini) HeapTaskDaemon expire 1 line
06-16 03:07:57.810  1937  1959 I chatty  : uid=10163(com.amazon.vizzini) ReferenceQueueD expire 1 line
06-16 03:07:57.842  2814  2907 I DiskCleanupTask: .dl: 35 MB
06-16 03:07:57.844  2814  2907 I DiskCleanupTask: .dl_persistent: 16 KB
06-16 03:07:57.844  2814  2907 I DiskCleanupTask: ContentURIImageCache: 0 bytes
06-16 03:07:57.896   534   552 W Looper  : Slow dispatch took 279ms android.ui h=com.android.server.am.ActivityManagerService$UiHandler c=null m=53
06-16 03:07:57.896   534   552 W Looper  : Slow delivery took 273ms android.ui h=com.android.server.policy.PhoneWindowManager$PolicyHandler c=com.android.server.policy.PhoneWindowManager$20@7798c61 m=0
06-16 03:07:57.896   534   552 W Looper  : Drained
06-16 03:07:57.898   534   550 W TextServicesManagerService: no available spell checker services found
06-16 03:07:57.902 22945 22945 I ServiceConnectionManager: Attempting to bind service, setting context => com.amazon.alexamediaplayer.runtime.ftv.AMPRuntimeFTV@e6f9043
06-16 03:07:57.903  2814  2814 I BuellerApplication: Received on trim from framework, level is 80
06-16 03:07:57.903 22945 23120 E ServiceConnectionManager: No Service available on device to bind for intent Intent { act=com.amazon.userperceivedfatals.BIND }
06-16 03:07:57.903  2814  2814 I BuellerApplication:  should trim frozen image false
06-16 03:07:57.903  2814  2814 W BuellerApplication: TRIM_MEMORY_COMPLETE
06-16 03:07:57.903  2814  2814 I MediaBrowseInMemoryCacheImpl: Cache size before trim: 279
06-16 03:07:57.903  2814  2814 I MediaBrowseInMemoryCacheImpl: Cache size after trim: 279
06-16 03:07:57.903  2814  2814 I BuellerApplication: Trim memory has completed
06-16 03:07:57.903  2814  2814 I MediaBrowseServiceImpl: Received notice that MediaBrowseServiceImpl is to trim memory. Trim memory level: 80
06-16 03:07:57.904 22988 23131 W MinervaServiceWrapper: record : MinervaService not yet bound. Buffered Metric Event String. Buffer Size: 1
06-16 03:07:57.904  2814  3096 I ImageTrimMemoryHandler: Processing trimMemory level=80, availablePriority=3, cachedPriority=3, bytesInMemoryCache=0 bytes, bytesInUse=36 KB
06-16 03:07:57.904  2814  3096 I ImagePriorityLru: Releasing 0 cached items, and 0 available items, bytesInUse=36 KB, bytesOnlyInCache=0 bytes
06-16 03:07:57.904  2814  3096 I ImagePriorityLru: Releasing 0 cached items, and 0 available items, bytesInUse=36 KB, bytesOnlyInCache=0 bytes
06-16 03:07:57.906 22945 22945 I NativeLibrary: Successfully loaded AVSCommon_jni
06-16 03:07:57.911  1195 22657 I com.amazon.imp/CorPfmLogic[0]: COR is empty: false, PFM is empty: false
06-16 03:07:57.911  1195 22657 I com.amazon.imp/CorPfmLogic[0]: Current time: 1781597277911 
06-16 03:07:57.911  1195 22657 I com.amazon.imp/CorPfmLogic[0]:  cor/pfm last updated time: 1781595934531 
06-16 03:07:57.911  1195 22657 I com.amazon.imp/CorPfmLogic[0]:  TTL: 86400000 
06-16 03:07:57.911  1195 22657 I com.amazon.imp/CorPfmLogic[0]:  Jitter: -73595
06-16 03:07:57.911  1195 22657 I com.amazon.imp/CorPfmLogic[0]: COR or PFM isn't expired.
06-16 03:07:57.911  1195 22657 I com.amazon.imp/CorPfmLogic[0]: COR PFM has already been fetched. Returning current COR/PFM
06-16 03:07:57.911  1195 22657 I com.amazon.imp/CustomerAttributeStoreLogic[0]: Callback with value empty: false
06-16 03:07:57.921 22988 23131 W com.amazon.adep/WhatsAppAutoreadPluginHelper: WhatsAppAutoreadPlugin is not supported for this package: com.amazon.adep
06-16 03:07:57.930 22988 23131 W MinervaServiceWrapper: record : MinervaService not yet bound. Buffered Metric Event String. Buffer Size: 2
06-16 03:07:57.932 22988 23133 I com.amazon.adep/DataStorageFactoryImpl: Creating new DataStorageFactoryImpl
06-16 03:07:57.933 22988 23133 I com.amazon.adep/MAPInitTasks: Get DataStorage instance for initialization
06-16 03:07:57.933 22988 23133 I com.amazon.adep/DataStorageFactoryImpl: Initializing new DataStorage
06-16 03:07:57.936 22988 23133 I com.amazon.adep/ClientToCentralTrustLogicImpl: Current package is: com.amazon.adep. Directly trust central package: com.amazon.imp, since it is system MAP library
06-16 03:07:57.941 22988 23133 I com.amazon.adep/ClientToCentralTrustLogicImpl: Current package is: com.amazon.adep. Directly trust central package: com.amazon.imp, since it is system MAP library
06-16 03:07:57.947 22988 23133 I com.amazon.adep/IsolatedModeSwitcher: App does not support client driven runtime isolation.
06-16 03:07:57.948 22988 23133 I com.amazon.adep/ClientToCentralTrustLogicImpl: Current package is: com.amazon.adep. Directly trust central package: com.amazon.imp, since it is system MAP library
06-16 03:07:57.955 22988 23133 I com.amazon.adep/ClientToCentralTrustLogicImpl: Current package is: com.amazon.adep. Directly trust central package: com.amazon.imp, since it is system MAP library
06-16 03:07:57.959 22988 23133 I com.amazon.adep/DeviceAttributeCache: Setting device attribute CentralAPK to true
06-16 03:07:57.960 22988 22988 I Ceviche : [main][Ceviche] Initialized Ceviche (Ceviche-1.0.3726.0) for com.amazon.adep
06-16 03:07:57.976 22988 23133 I com.amazon.adep/DataStorageFactoryImpl: Creating and using new CentralAccountManagerDataStorage
06-16 03:07:57.978 22988 23136 W MinervaServiceWrapper: record : MinervaService not yet bound. Buffered Metric Event String. Buffer Size: 3
06-16 03:07:57.982 22988 23133 I com.amazon.adep/LocalKeyValueStore: Create DE shared preference, OS supports direct boot.
06-16 03:07:57.990 22988 23133 I com.amazon.adep/LocalKeyValueStore: Create DE shared preference, OS supports direct boot.
06-16 03:07:57.990 22988 23133 I com.amazon.adep/MAPInitTasks: Initialize DataStorage instance
06-16 03:07:57.990 22988 23133 I com.amazon.adep/MAPInitTasks: Setup DataStorage instance
06-16 03:07:57.992 22988 23133 I com.amazon.adep/ClientToCentralTrustLogicImpl: Current package is: com.amazon.adep. Directly trust central package: com.amazon.imp, since it is system MAP library
06-16 03:07:57.996 22988 23133 I chatty  : uid=10067(com.amazon.adep) identical 7 lines
06-16 03:07:57.997 22988 23133 I com.amazon.adep/ClientToCentralTrustLogicImpl: Current package is: com.amazon.adep. Directly trust central package: com.amazon.imp, since it is system MAP library
06-16 03:07:58.016  1195 22657 I com.amazon.imp/CorPfmLogic[0]: COR is empty: false, PFM is empty: false
06-16 03:07:58.016  1195 22657 I com.amazon.imp/CorPfmLogic[0]: Current time: 1781597278016 
06-16 03:07:58.016  1195 22657 I com.amazon.imp/CorPfmLogic[0]:  cor/pfm last updated time: 1781595934531 
06-16 03:07:58.016  1195 22657 I com.amazon.imp/CorPfmLogic[0]:  TTL: 86400000 
06-16 03:07:58.016  1195 22657 I com.amazon.imp/CorPfmLogic[0]:  Jitter: 26697294
06-16 03:07:58.016  1195 22657 I com.amazon.imp/CorPfmLogic[0]: COR or PFM isn't expired.
06-16 03:07:58.016  1195 22657 I com.amazon.imp/CorPfmLogic[0]: COR PFM has already been fetched. Returning current COR/PFM
06-16 03:07:58.016  1195 22657 I com.amazon.imp/CustomerAttributeStoreLogic[0]: Callback with value empty: false
06-16 03:07:58.025 22988 23133 I com.amazon.adep/ClientToCentralTrustLogicImpl: Current package is: com.amazon.adep. Directly trust central package: com.amazon.imp, since it is system MAP library
06-16 03:07:58.045 22988 23133 I com.amazon.adep/IsolatedModeSwitcher: App does not support client driven runtime isolation.
06-16 03:07:58.046 22988 23133 I com.amazon.adep/TrustedPackageManager: Trying to use default signature based package trust logic. This should be on 3P device
06-16 03:07:58.046 22988 23133 I com.amazon.adep/TrustedPackageManager: Setting package trust logic as: signature based package trust logic
06-16 03:07:58.047 22988 23133 W com.amazon.ade: Class com.amazon.identity.auth.device.framework.AmazonDeviceInfo failed lock verification and will run slower.
06-16 03:07:58.048 22988 23133 W com.amazon.ade: Common causes for lock verification issues are non-optimized dex code
06-16 03:07:58.048 22988 23133 W com.amazon.ade: and incorrect proguard optimizations.
06-16 03:07:58.113  2814  3157 W Ceviche : [Metrics-SPE2][EventTracker] EventMetadata is null for event: com.amazon.ceviche.Event@4a25bea
06-16 03:07:58.125 22988 23133 I com.amazon.adep/AmazonSerialNumber: MAP Client side on FireOS 7+ calls IPC to get the DSN.
06-16 03:07:58.137  1195  1725 I com.amazon.imp/SSODeviceInfo[0]: Amazon Device Info will try to get central device serial
06-16 03:07:58.137  1195  1725 I com.amazon.imp/AmazonDeviceSecurityFactoryImpl[0]: Use device hardware auth.
06-16 03:07:58.142   534   550 W system_server: Unknown chunk type '200'.
06-16 03:07:58.159   534   550 W system_server: resources.arsc in APK '/system/priv-app/DeviceClientPlatformContractsFramework/DeviceClientPlatformContractsFramework.apk' is compressed.
06-16 03:07:58.167 22988 23133 I com.amazon.adep/LocalKeyValueStore: Create DE shared preference, OS supports direct boot.
06-16 03:07:58.175 22988 23133 I com.amazon.adep/LocalKeyValueStore: Create DE shared preference, OS supports direct boot.
06-16 03:07:58.207 22988 23133 I com.amazon.adep/LocalKeyValueStore: Create DE shared preference, OS supports direct boot.
06-16 03:07:58.217  1564  1564 I main.wifi_score: dump_wifi_score_ctxt(): is2g=0, is11ac=1, is11ax=0, chan_bw=80, nss=2, bcn_rssi=-78, data_rssi=-77, tx_ok=367211, tx_failed=106714, cca_idle_pct=97
06-16 03:07:58.217  1564  1564 I main.wifi_score: dump_wifi_score_ctxt(): last_tx_stats: sgi=0, pream=2, mcs=4, ss=2, bw=2
06-16 03:07:58.257 22945 22945 I NativeLibrary: Successfully loaded SpotifyESDKAdapter_jni
06-16 03:07:58.259 22988 23133 I com.amazon.adep/ClientToCentralTrustLogicImpl: Current package is: com.amazon.adep. Directly trust central package: com.amazon.imp, since it is system MAP library
06-16 03:07:58.260 22988 23133 I com.amazon.adep/ClientToCentralTrustLogicImpl: Current package is: com.amazon.adep. Directly trust central package: com.amazon.imp, since it is system MAP library
06-16 03:07:58.262 22988 23133 I com.amazon.adep/MAPInitTasks: Start update legacy authportal domain in database if needed
06-16 03:07:58.264 22988 23133 I com.amazon.ade: Rejecting re-init on previously-failed class java.lang.Class<com.amazon.identity.auth.device.framework.LWASSOPluginHelper$LWASSODependencyImpl>: java.lang.NoClassDefFoundError: Failed resolution of: Lcom/amazon/identity/mobi/lwasso/api/LWASSODependency;
06-16 03:07:58.264 22988 23133 I com.amazon.ade:   at void com.amazon.identity.auth.device.framework.MAPInitTasks.performInitOperations() (MAPInitTasks.java:125)
06-16 03:07:58.264 22988 23133 I com.amazon.ade:   at void com.amazon.identity.auth.device.api.MAPInit$2.run() (MAPInit.java:1)
06-16 03:07:58.264 22988 23133 I com.amazon.ade:   at void com.amazon.identity.auth.device.utils.ThreadUtils$1.run() (ThreadUtils.java:2)
06-16 03:07:58.264 22988 23133 I com.amazon.ade:   at void java.util.concurrent.ThreadPoolExecutor.runWorker(java.util.concurrent.ThreadPoolExecutor$Worker) (ThreadPoolExecutor.java:1167)
06-16 03:07:58.264 22988 23133 I com.amazon.ade:   at void java.util.concurrent.ThreadPoolExecutor$Worker.run() (ThreadPoolExecutor.java:641)
06-16 03:07:58.264 22988 23133 I com.amazon.ade:   at void java.lang.Thread.run() (Thread.java:764)
06-16 03:07:58.264 22988 23133 I com.amazon.ade: Caused by: java.lang.ClassNotFoundException: Didn't find class "com.amazon.identity.mobi.lwasso.api.LWASSODependency" on path: DexPathList[[zip file "/system/framework/com.amazon.ceviche.sdk.jar", zip file "/system/framework/com.amazon.identity.auth.device.jar", zip file "/system/priv-app/MetricsApi/MetricsApi.apk", zip file "/system/priv-app/MinervaApi/MinervaApi.apk", zip file "/system/priv-app/com.amazon.adep/com.amazon.adep.apk"],nativeLibraryDirectories=[/system/priv-app/com.amazon.adep/lib/arm, /system/priv-app/com.amazon.adep/com.amazon.adep.apk!/lib/armeabi-v7a, /system/lib, /system/priv-app/MetricsApi/MetricsApi.apk!/lib/armeabi-v7a, /system/priv-app/MinervaApi/MinervaApi.apk!/lib/armeabi-v7a, /system/lib]]
06-16 03:07:58.264 22988 23133 I com.amazon.ade:   at java.lang.Class dalvik.system.BaseDexClassLoader.findClass(java.lang.String) (BaseDexClassLoader.java:134)
06-16 03:07:58.264 22988 23133 I com.amazon.ade:   at java.lang.Class java.lang.ClassLoader.loadClass(java.lang.String, boolean) (ClassLoader.java:379)
06-16 03:07:58.264 22988 23133 I com.amazon.ade:   at java.lang.Class java.lang.ClassLoader.loadClass(java.lang.String) (ClassLoader.java:312)
06-16 03:07:58.264 22988 23133 I com.amazon.ade:   at void com.amazon.identity.auth.device.framework.MAPInitTasks.performInitOperations() (MAPInitTasks.java:125)
06-16 03:07:58.264 22988 23133 I com.amazon.ade:   at void com.amazon.identity.auth.device.api.MAPInit$2.run() (MAPInit.java:1)
06-16 03:07:58.264 22988 23133 I com.amazon.ade:   at void com.amazon.identity.auth.device.utils.ThreadUtils$1.run() (ThreadUtils.java:2)
06-16 03:07:58.264 22988 23133 I com.amazon.ade:   at void java.util.concurrent.ThreadPoolExecutor.runWorker(java.util.concurrent.ThreadPoolExecutor$Worker) (ThreadPoolExecutor.java:1167)
06-16 03:07:58.264 22988 23133 I com.amazon.ade:   at void java.util.concurrent.ThreadPoolExecutor$Worker.run() (ThreadPoolExecutor.java:641)
06-16 03:07:58.264 22988 23133 I com.amazon.ade:   at void java.lang.Thread.run() (Thread.java:764)
06-16 03:07:58.264 22988 23133 I com.amazon.ade: 
06-16 03:07:58.265 22988 23133 I com.amazon.ade: Rejecting re-init on previously-failed class java.lang.Class<com.amazon.identity.auth.device.framework.LWASSOPluginHelper$LWASSODependencyImpl>: java.lang.NoClassDefFoundError: Failed resolution of: Lcom/amazon/identity/mobi/lwasso/api/LWASSODependency;
06-16 03:07:58.265 22988 23133 I com.amazon.ade:   at void com.amazon.identity.auth.device.framework.MAPInitTasks.performInitOperations() (MAPInitTasks.java:125)
06-16 03:07:58.265 22988 23133 I com.amazon.ade:   at void com.amazon.identity.auth.device.api.MAPInit$2.run() (MAPInit.java:1)
06-16 03:07:58.265 22988 23133 I com.amazon.ade:   at void com.amazon.identity.auth.device.utils.ThreadUtils$1.run() (ThreadUtils.java:2)
06-16 03:07:58.265 22988 23133 I com.amazon.ade:   at void java.util.concurrent.ThreadPoolExecutor.runWorker(java.util.concurrent.ThreadPoolExecutor$Worker) (ThreadPoolExecutor.java:1167)
06-16 03:07:58.265 22988 23133 I com.amazon.ade:   at void java.util.concurrent.ThreadPoolExecutor$Worker.run() (ThreadPoolExecutor.java:641)
06-16 03:07:58.265 22988 23133 I com.amazon.ade:   at void java.lang.Thread.run() (Thread.java:764)
06-16 03:07:58.265 22988 23133 I com.amazon.ade: Caused by: java.lang.ClassNotFoundException: Didn't find class "com.amazon.identity.mobi.lwasso.api.LWASSODependency" on path: DexPathList[[zip file "/system/framework/com.amazon.ceviche.sdk.jar", zip file "/system/framework/com.amazon.identity.auth.device.jar", zip file "/system/priv-app/MetricsApi/MetricsApi.apk", zip file "/system/priv-app/MinervaApi/MinervaApi.apk", zip file "/system/priv-app/com.amazon.adep/com.amazon.adep.apk"],nativeLibraryDirectories=[/system/priv-app/com.amazon.adep/lib/arm, /system/priv-app/com.amazon.adep/com.amazon.adep.apk!/lib/armeabi-v7a, /system/lib, /system/priv-app/MetricsApi/MetricsApi.apk!/lib/armeabi-v7a, /system/priv-app/MinervaApi/MinervaApi.apk!/lib/armeabi-v7a, /system/lib]]
06-16 03:07:58.265 22988 23133 I com.amazon.ade:   at java.lang.Class dalvik.system.BaseDexClassLoader.findClass(java.lang.String) (BaseDexClassLoader.java:134)
06-16 03:07:58.265 22988 23133 I com.amazon.ade:   at java.lang.Class java.lang.ClassLoader.loadClass(java.lang.String, boolean) (ClassLoader.java:379)
06-16 03:07:58.265 22988 23133 I com.amazon.ade:   at java.lang.Class java.lang.ClassLoader.loadClass(java.lang.String) (ClassLoader.java:312)
06-16 03:07:58.265 22988 23133 I com.amazon.ade:   at void com.amazon.identity.auth.device.framework.MAPInitTasks.performInitOperations() (MAPInitTasks.java:125)
06-16 03:07:58.265 22988 23133 I com.amazon.ade:   at void com.amazon.identity.auth.device.api.MAPInit$2.run() (MAPInit.java:1)
06-16 03:07:58.266 22988 23133 I com.amazon.ade:   at void com.amazon.identity.auth.device.utils.ThreadUtils$1.run() (ThreadUtils.java:2)
06-16 03:07:58.266 22988 23133 I com.amazon.ade:   at void java.util.concurrent.ThreadPoolExecutor.runWorker(java.util.concurrent.ThreadPoolExecutor$Worker) (ThreadPoolExecutor.java:1167)
06-16 03:07:58.266 22988 23133 I com.amazon.ade:   at void java.util.concurrent.ThreadPoolExecutor$Worker.run() (ThreadPoolExecutor.java:641)
06-16 03:07:58.266 22988 23133 I com.amazon.ade:   at void java.lang.Thread.run() (Thread.java:764)
06-16 03:07:58.266 22988 23133 I com.amazon.ade: 
06-16 03:07:58.267 22988 23133 W com.amazon.adep/WhatsAppAutoreadPluginHelper: WhatsAppAutoreadPlugin is not supported for this package: com.amazon.adep
06-16 03:07:58.272  2814  2907 I DiskCleanupTask: Total cache directory size is 35 MB
06-16 03:07:58.272  2814  2907 I DiskCleanupTask: Checking database file...
06-16 03:07:58.274 22945 22945 I AMBS_SpotifyMediaSessionPlayer: Initializing Spotify Config:
06-16 03:07:58.274 22945 22945 I AMBS_SpotifyMediaSessionPlayer: [REDACTED]
06-16 03:07:58.275 22945 22945 I NativeLibrary: Successfully loaded AVSCommon_jni
06-16 03:07:58.275 22945 22945 W SpotifyMediaSessionPlayer: [1] W Logger:debugLogLevelSpecifiedWhenDebugLogsCompiledOut:level=DEBUG9:
06-16 03:07:58.275 22945 22945 W SpotifyMediaSessionPlayer: 
06-16 03:07:58.275 22945 22945 W SpotifyMediaSessionPlayer: WARNING: By default DEBUG logs are compiled out of RELEASE builds.
06-16 03:07:58.275 22945 22945 W SpotifyMediaSessionPlayer: To enable debug logs, rebuild in DEBUG mode by using the cmake parameter -DCMAKE_BUILD_TYPE=DEBUG or (if you *really* want debug logs in a RELEASE build) use the cmake parameter -DACSDK_DEBUG_LOG=ON.
06-16 03:07:58.275 22945 22945 I SpotifyMediaSessionPlayer: [1] I AlexaClientSdkInit:initialize:sdkversion=0.0.0
06-16 03:07:58.280 22945 22945 I SpotifyMediaSessionPlayer: [1] I AlexaClientSdkInit:initialize:curlVersion=8.12.1
06-16 03:07:58.281  2814  2907 I DiskCleanupTask: producer.db-shm: 32 KB
06-16 03:07:58.282  2814  2907 I DiskCleanupTask: ContinueWatchingItemDB-wal: 36 KB
06-16 03:07:58.282  2814  2907 I DiskCleanupTask: LauncherPersistentDB-shm: 32 KB
06-16 03:07:58.282 22988 23133 W MinervaServiceWrapper: record : MinervaService not yet bound. Buffered Metric Event String. Buffer Size: 4
06-16 03:07:58.282  2814  2907 I DiskCleanupTask: arn:aws:remote-config:us-west-2:541693914820:appConfig:aziejdrs_ConfigurationCache.db: 16 KB
06-16 03:07:58.282  2814  2907 I DiskCleanupTask: CardDeviceAgentDB: 172 KB
06-16 03:07:58.282  2814  2907 I DiskCleanupTask: arn:aws:remote-config:us-west-2:455205533140:appConfig:apiz0o87_ConfigurationCache.db: 16 KB
06-16 03:07:58.283  2814  2907 I DiskCleanupTask: mbcache.db-wal: 512 KB
06-16 03:07:58.283  2814  2907 I DiskCleanupTask: producer.db: 20 KB
06-16 03:07:58.283  2814  2907 I DiskCleanupTask: LauncherPersistentDB: 40 KB
06-16 03:07:58.283  2814  2907 I DiskCleanupTask: RecentCdaCardBackupDB: 24 KB
06-16 03:07:58.283  2814  2907 I DiskCleanupTask: LauncherPersistentDB-wal: 0 bytes
06-16 03:07:58.290  2814  2907 I DiskCleanupTask: arn:aws:remote-config:us-west-2:541693914820:appConfig:att2x7wd_ConfigurationCache.db: 16 KB
06-16 03:07:58.290  2814  2907 I DiskCleanupTask: producer.db-wal: 402 KB
