06-16 02:54:04.144 21641 21729 I .tv.settings.v: Caused by: java.lang.ClassNotFoundException: Didn't find class "com.amazon.identity.mobi.lwasso.api.LWASSODependency" on path: DexPathList[[zip file "/system/framework/FireTvSysappsLib.jar", zip file "/system/framework/com.amazon.tv.ftvkarmalibrary.jar", zip file "/system/framework/com.amazon.identity.auth.device.jar", zip file "/system/priv-app/DeviceSoftwareOTAContracts/DeviceSoftwareOTAContracts.apk", zip file "/system/priv-app/MinervaApi/MinervaApi.apk", zip file "/system/priv-app/MetricsApi/MetricsApi.apk", zip file "/system/framework/com.amazon.ceviche.sdk.jar", zip file "/system/framework/com.amazon.naatyam.lib.jar", zip file "/system/priv-app/amazon.jackson-19/amazon.jackson-19.apk", zip file "/system/framework/com.amazon.prism.sdk.jar", zip file "/system/framework/connectivity_manager_api.jar", zip file "/system/framework/com.amazon.pact.jar", zip file "/system/framework/com.fireos.sdk.ftve.settings.jar", zip file "/system/framework/com.amazon.ftvcapabilitylibrary.jar", zip file "/system/framework/o
06-16 02:54:04.144 21641 21729 I .tv.settings.v:   at java.lang.Class dalvik.system.BaseDexClassLoader.findClass(java.lang.String) (BaseDexClassLoader.java:134)
06-16 02:54:04.144 21641 21729 I .tv.settings.v:   at java.lang.Class java.lang.ClassLoader.loadClass(java.lang.String, boolean) (ClassLoader.java:379)
06-16 02:54:04.144 21641 21729 I .tv.settings.v:   at java.lang.Class java.lang.ClassLoader.loadClass(java.lang.String) (ClassLoader.java:312)
06-16 02:54:04.144 21641 21729 I .tv.settings.v:   at void com.amazon.identity.auth.device.framework.MAPInitTasks.performInitOperations() (MAPInitTasks.java:125)
06-16 02:54:04.144 21641 21729 I .tv.settings.v:   at void com.amazon.identity.auth.device.api.MAPInit$2.run() (MAPInit.java:1)
06-16 02:54:04.144 21641 21729 I .tv.settings.v:   at void com.amazon.identity.auth.device.utils.ThreadUtils$1.run() (ThreadUtils.java:2)
06-16 02:54:04.144 21641 21729 I .tv.settings.v:   at void java.util.concurrent.ThreadPoolExecutor.runWorker(java.util.concurrent.ThreadPoolExecutor$Worker) (ThreadPoolExecutor.java:1167)
06-16 02:54:04.144 21641 21729 I .tv.settings.v:   at void java.util.concurrent.ThreadPoolExecutor$Worker.run() (ThreadPoolExecutor.java:641)
06-16 02:54:04.144 21641 21729 I .tv.settings.v:   at void java.lang.Thread.run() (Thread.java:764)
06-16 02:54:04.144 21641 21729 I .tv.settings.v: 
06-16 02:54:04.145 21641 21729 W com.amazon.tv.settings.v2/WhatsAppAutoreadPluginHelper: WhatsAppAutoreadPlugin is not supported for this package: com.amazon.tv.settings.v2
06-16 02:54:04.149 21641 21729 W MinervaServiceWrapper: record : MinervaService not yet bound. Buffered Metric Event String. Buffer Size: 3
06-16 02:54:04.157  2814 24124 I SettingsClient: Disabling interacting
06-16 02:54:04.167 21641 21641 I ST-WeblabManager: Evaluating weblab treatment for FTV_SYSAPPS_CONFIG_DRIVEN_LANGUAGE_LIST_959961
06-16 02:54:04.167 21641 21641 I ST-WeblabManager: Received treatment : C for weblab : FTV_SYSAPPS_CONFIG_DRIVEN_LANGUAGE_LIST_959961
06-16 02:54:04.169 21641 21641 I ST-MinervaMetricHelper: Creating Minerva Client
06-16 02:54:04.170 21641 21641 I com.amazon.tv.settings.v2/LocalKeyValueStore: Create DE shared preference, OS supports direct boot.
06-16 02:54:04.183  2814 24124 I ServiceConnectionManager: unbindService(), context => com.amazon.tv.launcher.BuellerApplication@fc54330
06-16 02:54:04.185 21641 21668 I ST-AppUninstallHelper: UI Uninstall supported
06-16 02:54:04.185 21641 21668 I ST-SystemAppUninstallIn: uninstall supported app list: [com.amazon.bueller.music, com.amazon.minitv.android.app, com.amazon.spiderpork, com.amazon.bueller.photos]
06-16 02:54:04.186  2814 24124 I AlexaInteractionStateOb: Settings client torn down
06-16 02:54:04.186   534   634 I AmazonProfileService: Event is not filtered because it is not in filter key list.
06-16 02:54:04.187   534   634 I KeyMapManagerUtil: Unknown remote sku id 8. Fetch remote sku id from system property
06-16 02:54:04.189  1637  1682 E amzn_neo_service_api:..: handle_key_event_callback: Got empty key-event
06-16 02:54:04.189  1637  1682 I com_amazon_devicecont..: Received Key name: DPAD_DOWN, code: 20, action: 1
06-16 02:54:04.194  1081  1101 I PeriodicKPIReporter: Shutdown was invoked.
06-16 02:54:04.195 21363 21379 I actix_web::middleware..: 192.168.100.30 "POST /v1/FireTV?action=dpad_down HTTP/2.0" 200 20 "-" "FireTV/1226006764 CFNetwork/3860.600.12 Darwin/25.5.0" 0.009730
06-16 02:54:04.195 21641 21641 E ST-MinervaMetricHelper: Cannot find User Identity.
06-16 02:54:04.195 21641 21641 E MetricEvent: The arguments for adding String key-value pair should not be null. metricGroupId: wvdtkq44, schemaId: 3pnn/2/02330400, metricEventId: 9689cf2a-46b1-423d-8c7d-4262b1a72b23
06-16 02:54:04.199 21641 21752 E AmazonMinervaClient: Metric Event contains 1 null string values. metricGroupId: wvdtkq44, schemaId: 3pnn/2/02330400, metricEventId: 9689cf2a-46b1-423d-8c7d-4262b1a72b23
06-16 02:54:04.200 21641 21752 W MinervaServiceWrapper: record : MinervaService not yet bound. Buffered Metric Event String. Buffer Size: 4
06-16 02:54:04.202 21679 21737 I com.amazon.prism.android.service/ClientToCentralTrustLogicImpl: Current package is: com.amazon.prism.android.service. Directly trust central package: com.amazon.imp, since it is system MAP library
06-16 02:54:04.204 21679 21737 I com.amazon.prism.android.service/ClientToCentralTrustLogicImpl: Current package is: com.amazon.prism.android.service. Directly trust central package: com.amazon.imp, since it is system MAP library
06-16 02:54:04.205 21455 21487 I AmazonAppstore.AppsGridAdapterController: Loading apps grid: system app menu provider took (1129).
06-16 02:54:04.206 21641 21641 I Utils   : isRegionBasedLanguageListEnabled = false
06-16 02:54:04.206 21679 21737 I com.amazon.prism.android.service/MAPInitTasks: Start update legacy authportal domain in database if needed
06-16 02:54:04.208 21679 21737 I .service:remot: Rejecting re-init on previously-failed class java.lang.Class<com.amazon.identity.auth.device.framework.LWASSOPluginHelper$LWASSODependencyImpl>: java.lang.NoClassDefFoundError: Failed resolution of: Lcom/amazon/identity/mobi/lwasso/api/LWASSODependency;
06-16 02:54:04.208 21679 21737 I .service:remot:   at void com.amazon.identity.auth.device.framework.MAPInitTasks.performInitOperations() (MAPInitTasks.java:125)
06-16 02:54:04.208 21679 21737 I .service:remot:   at void com.amazon.identity.auth.device.api.MAPInit$2.run() (MAPInit.java:1)
06-16 02:54:04.208 21679 21737 I .service:remot:   at void com.amazon.identity.auth.device.utils.ThreadUtils$1.run() (ThreadUtils.java:2)
06-16 02:54:04.208 21679 21737 I .service:remot:   at void java.util.concurrent.ThreadPoolExecutor.runWorker(java.util.concurrent.ThreadPoolExecutor$Worker) (ThreadPoolExecutor.java:1167)
06-16 02:54:04.208 21679 21737 I .service:remot:   at void java.util.concurrent.ThreadPoolExecutor$Worker.run() (ThreadPoolExecutor.java:641)
06-16 02:54:04.208 21679 21737 I .service:remot:   at void java.lang.Thread.run() (Thread.java:764)
06-16 02:54:04.208 21679 21737 I .service:remot: Caused by: java.lang.ClassNotFoundException: Didn't find class "com.amazon.identity.mobi.lwasso.api.LWASSODependency" on path: DexPathList[[zip file "/system/priv-app/MinervaApi/MinervaApi.apk", zip file "/system/priv-app/MetricsApi/MetricsApi.apk", zip file "/system/priv-app/DeviceMessagingAndroidInternalSDK/DeviceMessagingAndroidInternalSDK.apk", zip file "/system/framework/com.amazon.identity.auth.device.jar", zip file "/system/framework/com.amazon.h2contracts.jar", zip file "/system/framework/com.amazon.h2shared.jar", zip file "/system/priv-app/com.amazon.prism.android.service/com.amazon.prism.android.service.apk"],nativeLibraryDirectories=[/system/priv-app/com.amazon.prism.android.service/lib/arm, /system/lib, /system/lib]]
06-16 02:54:04.208 21679 21737 I .service:remot:   at java.lang.Class dalvik.system.BaseDexClassLoader.findClass(java.lang.String) (BaseDexClassLoader.java:134)
06-16 02:54:04.208 21679 21737 I .service:remot:   at java.lang.Class java.lang.ClassLoader.loadClass(java.lang.String, boolean) (ClassLoader.java:379)
06-16 02:54:04.209 21679 21737 I .service:remot:   at java.lang.Class java.lang.ClassLoader.loadClass(java.lang.String) (ClassLoader.java:312)
06-16 02:54:04.209 21679 21737 I .service:remot:   at void com.amazon.identity.auth.device.framework.MAPInitTasks.performInitOperations() (MAPInitTasks.java:125)
06-16 02:54:04.209 21679 21737 I .service:remot:   at void com.amazon.identity.auth.device.api.MAPInit$2.run() (MAPInit.java:1)
06-16 02:54:04.209 21679 21737 I .service:remot:   at void com.amazon.identity.auth.device.utils.ThreadUtils$1.run() (ThreadUtils.java:2)
06-16 02:54:04.209 21679 21737 I .service:remot:   at void java.util.concurrent.ThreadPoolExecutor.runWorker(java.util.concurrent.ThreadPoolExecutor$Worker) (ThreadPoolExecutor.java:1167)
06-16 02:54:04.209 21679 21737 I .service:remot:   at void java.util.concurrent.ThreadPoolExecutor$Worker.run() (ThreadPoolExecutor.java:641)
06-16 02:54:04.209 21679 21737 I .service:remot:   at void java.lang.Thread.run() (Thread.java:764)
06-16 02:54:04.209 21679 21737 I .service:remot: 
06-16 02:54:04.216  1937  3266 I chatty  : uid=10163(com.amazon.vizzini) SettingsHelperT expire 1 line
06-16 02:54:04.221 21679 21737 I .service:remot: Rejecting re-init on previously-failed class java.lang.Class<com.amazon.identity.auth.device.framework.LWASSOPluginHelper$LWASSODependencyImpl>: java.lang.NoClassDefFoundError: Failed resolution of: Lcom/amazon/identity/mobi/lwasso/api/LWASSODependency;
06-16 02:54:04.221 21679 21737 I .service:remot:   at void com.amazon.identity.auth.device.framework.MAPInitTasks.performInitOperations() (MAPInitTasks.java:125)
06-16 02:54:04.221 21679 21737 I .service:remot:   at void com.amazon.identity.auth.device.api.MAPInit$2.run() (MAPInit.java:1)
06-16 02:54:04.222 21679 21737 I .service:remot:   at void com.amazon.identity.auth.device.utils.ThreadUtils$1.run() (ThreadUtils.java:2)
06-16 02:54:04.222 21679 21737 I .service:remot:   at void java.util.concurrent.ThreadPoolExecutor.runWorker(java.util.concurrent.ThreadPoolExecutor$Worker) (ThreadPoolExecutor.java:1167)
06-16 02:54:04.222 21679 21737 I .service:remot:   at void java.util.concurrent.ThreadPoolExecutor$Worker.run() (ThreadPoolExecutor.java:641)
06-16 02:54:04.222 21679 21737 I .service:remot:   at void java.lang.Thread.run() (Thread.java:764)
06-16 02:54:04.222 21679 21737 I .service:remot: Caused by: java.lang.ClassNotFoundException: Didn't find class "com.amazon.identity.mobi.lwasso.api.LWASSODependency" on path: DexPathList[[zip file "/system/priv-app/MinervaApi/MinervaApi.apk", zip file "/system/priv-app/MetricsApi/MetricsApi.apk", zip file "/system/priv-app/DeviceMessagingAndroidInternalSDK/DeviceMessagingAndroidInternalSDK.apk", zip file "/system/framework/com.amazon.identity.auth.device.jar", zip file "/system/framework/com.amazon.h2contracts.jar", zip file "/system/framework/com.amazon.h2shared.jar", zip file "/system/priv-app/com.amazon.prism.android.service/com.amazon.prism.android.service.apk"],nativeLibraryDirectories=[/system/priv-app/com.amazon.prism.android.service/lib/arm, /system/lib, /system/lib]]
06-16 02:54:04.222 21679 21737 I .service:remot:   at java.lang.Class dalvik.system.BaseDexClassLoader.findClass(java.lang.String) (BaseDexClassLoader.java:134)
06-16 02:54:04.222 21679 21737 I .service:remot:   at java.lang.Class java.lang.ClassLoader.loadClass(java.lang.String, boolean) (ClassLoader.java:379)
06-16 02:54:04.222 21679 21737 I .service:remot:   at java.lang.Class java.lang.ClassLoader.loadClass(java.lang.String) (ClassLoader.java:312)
06-16 02:54:04.222 21679 21737 I .service:remot:   at void com.amazon.identity.auth.device.framework.MAPInitTasks.performInitOperations() (MAPInitTasks.java:125)
06-16 02:54:04.222 21679 21737 I .service:remot:   at void com.amazon.identity.auth.device.api.MAPInit$2.run() (MAPInit.java:1)
06-16 02:54:04.222 21679 21737 I .service:remot:   at void com.amazon.identity.auth.device.utils.ThreadUtils$1.run() (ThreadUtils.java:2)
06-16 02:54:04.222 21679 21737 I .service:remot:   at void java.util.concurrent.ThreadPoolExecutor.runWorker(java.util.concurrent.ThreadPoolExecutor$Worker) (ThreadPoolExecutor.java:1167)
06-16 02:54:04.222 21679 21737 I .service:remot:   at void java.util.concurrent.ThreadPoolExecutor$Worker.run() (ThreadPoolExecutor.java:641)
06-16 02:54:04.222 21679 21737 I .service:remot:   at void java.lang.Thread.run() (Thread.java:764)
06-16 02:54:04.222 21679 21737 I .service:remot: 
06-16 02:54:04.223 21679 21737 W com.amazon.prism.android.service/WhatsAppAutoreadPluginHelper: WhatsAppAutoreadPlugin is not supported for this package: com.amazon.prism.android.service
06-16 02:54:04.230  2814  2814 I SceneNodePresenter: SceneNodePresenter onStop() is called by class com.amazon.tv.launcher.ui.sceneflow.presenters.model1.AlexaNavHintNodePresenterDI
06-16 02:54:04.231  2814  2814 I SceneNodePresenter: SceneNodePresenter onStop() is called by class com.amazon.tv.launcher.featuredrotator.ui.jarvis.FeaturedRotatorFragment
06-16 02:54:04.231  2814  2814 I NavigationNodePresenter: onStop is called, mInSleepMode: false
06-16 02:54:04.231  2814  2814 I SceneNodePresenter: SceneNodePresenter onStop() is called by class com.amazon.tv.launcher.ui.sceneflow.presenters.common.NavigationNodePresenterDI
06-16 02:54:04.232  2814  2814 I NavMenuController: Removed CDA App Items listener.
06-16 02:54:04.232  2814  2814 I NavMenuController: remove listeners stopManagingData 
06-16 02:54:04.232  2814  2814 I CdaController: FTV-CDA: Removing ConsumerEventListener com.amazon.tv.launcher.ui.datacontroller.CdaBasedRecentDataController$ConsumerEventListenerForYAC@f943e2a for home @@ myAppsAndGames and actor: amxxxxxxxxxxxxxxxxxxxxxxxxxxxxxxxxxxxxxxxxxxxxxxxxxxxxxxxxxxxxxxxxxxxxxxxxxxxxxxxxxxxxxxxxxxxxx
06-16 02:54:04.234  2814  2814 I SceneNodePresenter: SceneNodePresenter onStop() is called by class com.amazon.tv.launcher.ui.sceneflow.presenters.model1.NavMenuScreenNodePresenterDI
06-16 02:54:04.240  1520  1800 I BoundedBatchFileQueue: batch file added: 1781596444239_us-east-1_0001
06-16 02:54:04.254 21679 21710 I alta.HouseholdManager: com.amazon.prism.android.service creates HouseholdManager
06-16 02:54:04.263  2814  2814 I GridLTSEventManager: postEmptySnapShot: Snapshot:
06-16 02:54:04.263  2814  2814 I GridLTSEventManager: 1: [1, 0.0, M] [3, 0.0, M] [2, 0.0, M] 
06-16 02:54:04.263  2814  2814 I GridLTSEventManager: 3: [3, 0.0, M] [2, 0.0, M] [1, 0.0, M] [5, 0.0, M] [4, 0.0, M] 
06-16 02:54:04.263  2814  2814 I GridLTSEventManager: 2: [1, 0.0, M] [2, 0.0, M] 
06-16 02:54:04.267  1637  1682 E amzn_neo_service_api:..: handle_key_event_callback: Got empty key-event
06-16 02:54:04.267  1637  1682 I com_amazon_devicecont..: Received Key name: DPAD_DOWN, code: 20, action: 0
06-16 02:54:04.267  1081  1101 I PeriodicKPIReporter: Shutdown was invoked.
06-16 02:54:04.268   534   634 I KeyMapManagerUtil: Unknown remote sku id 8. Fetch remote sku id from system property
06-16 02:54:04.268  1195 20545 I com.amazon.imp/CustomerAttributeStoreLogic[0]: Callback with value empty: false
06-16 02:54:04.269 21363 21379 I actix_web::middleware..: 192.168.100.30 "POST /v1/FireTV?action=dpad_down HTTP/2.0" 200 20 "-" "FireTV/1226006764 CFNetwork/3860.600.12 Darwin/25.5.0" 0.016682
06-16 02:54:04.271 21641 21641 E LocaleListProvider: Alexa Supported locale info not available, using default DLS pairs
06-16 02:54:04.275 21641 21753 I AlexaSupportedLocaleMan: Fetching Alexa supported locales information from Vizzini
06-16 02:54:04.285  2814 21702 I FrameworkUtils: isAppInteractive: isAppInteractive=true, displayId=0, displayState=2, isInteractive=true}
06-16 02:54:04.285  2814 21702 I FRFocusFeatureManager: Set isFRLaunchFirstTime: false
06-16 02:54:04.285  2814 21702 I FRFocusFeatureManager: Set frFocusedFirstTime: false
06-16 02:54:04.289  1937  3693 I chatty  : uid=10163(com.amazon.vizzini) Binder:1937_A expire 1 line
06-16 02:54:04.295 21641 21641 I MinervaMetricHelper: Creating Minerva Client
06-16 02:54:04.297 21641 21641 I LocaleListProvider: Refreshing alexa Supported locale info
06-16 02:54:04.316 21455 21489 I AmazonAppstore.HarmfulAppsInfoFetcher: No harmful apps info available.
06-16 02:54:04.318 21455 21489 I AmazonAppstore.AppsGridAdapterController: Loading apps grid: harmful apps list took (1242)
06-16 02:54:04.318 21641 21740 I LocaleSettingManager: Initial value: LocaleSetting(primaryLocale=en_US, secondaryLocales=null)
06-16 02:54:04.318 21641 21756 W MinervaServiceWrapper: record : MinervaService not yet bound. Buffered Metric Event String. Buffer Size: 5
06-16 02:54:04.332 21641 21756 W MinervaServiceWrapper: record : MinervaService not yet bound. Buffered Metric Event String. Buffer Size: 6
06-16 02:54:04.346  1937  1964 I chatty  : uid=10163(com.amazon.vizzini) Binder:1937_2 expire 9 lines
06-16 02:54:04.368   534   634 I KeyMapManagerUtil: Unknown remote sku id 8. Fetch remote sku id from system property
06-16 02:54:04.369  1637  1682 E amzn_neo_service_api:..: handle_key_event_callback: Got empty key-event
06-16 02:54:04.369  1637  1682 I com_amazon_devicecont..: Received Key name: DPAD_DOWN, code: 20, action: 1
06-16 02:54:04.372  1081  1101 I PeriodicKPIReporter: Shutdown was invoked.
06-16 02:54:04.374 21363 21379 I actix_web::middleware..: 192.168.100.30 "POST /v1/FireTV?action=dpad_down HTTP/2.0" 200 20 "-" "FireTV/1226006764 CFNetwork/3860.600.12 Darwin/25.5.0" 0.009304
06-16 02:54:04.374  4466  4466 I AMPR_2.1.72803.0_AMPVolumeController: onDeviceVolumeChanged
06-16 02:54:04.390  4466  4466 I AMBS_SpeakerManager: onDeviceVolumeChange
06-16 02:54:04.390  4466  4466 I AMBS_ChannelVolumeController: getSpeakerSettings
06-16 02:54:04.394  4466  4466 I AMBS_ChannelVolumeController: getUnduckedVolume: streamMaxVolume = 15 streamVolume = 15 unduckedVol = 100
06-16 02:54:04.394  4466  4466 I AMBS_ChannelVolumeController: getSpeakerSettings: 100, false
06-16 02:54:04.394  4466  4466 I AMBS_SpeakerManager: Speaker Settings for channel AVS_SPEAKER_VOLUME : vol = 100 mute = false
06-16 02:54:04.395  2814  3131 I cevicheLTSPlugin.BaseEventHandler: Received an event from Launcher of typeScreenVisibilityEvent
06-16 02:54:04.396  2814  2814 I RowVisibilityMetricsRep: ProcessVisiblityEvent isInFg: false
06-16 02:54:04.398  2814  3132 I LTSEventHandler: Launcher screen exits, clearing HintContext!
06-16 02:54:04.412 21641 21759 I com.amazon.tv.settings.v2/LocalKeyValueStore: Create DE shared preference, OS supports direct boot.
06-16 02:54:04.417 21641 21641 I EU-EUClientLib: EUClientLib initialized
06-16 02:54:04.465  1195 20545 I com.amazon.imp/CustomerAttributeStoreLogic[0]: Callback with value empty: false
06-16 02:54:04.469   534   634 I KeyMapManagerUtil: Unknown remote sku id 8. Fetch remote sku id from system property
06-16 02:54:04.470  1637  1682 E amzn_neo_service_api:..: handle_key_event_callback: Got empty key-event
06-16 02:54:04.470  1637  1682 I com_amazon_devicecont..: Received Key name: DPAD_DOWN, code: 20, action: 0
06-16 02:54:04.473  1081  1101 I PeriodicKPIReporter: Shutdown was invoked.
06-16 02:54:04.474 21363 21379 I actix_web::middleware..: 192.168.100.30 "POST /v1/FireTV?action=dpad_down HTTP/2.0" 200 20 "-" "FireTV/1226006764 CFNetwork/3860.600.12 Darwin/25.5.0" 0.006922
06-16 02:54:04.475 21641 21752 W MinervaServiceWrapper: record : MinervaService not yet bound. Buffered Metric Event String. Buffer Size: 7
06-16 02:54:04.478 21455 21486 W .amazon.venezi: Unknown chunk type '200'.
06-16 02:54:04.522 21679 21754 I PrismService: [Thread-10][RemoteConfigManagerFactory] Initialized new remote config manager instance
06-16 02:54:04.542 21641 21641 I Ceviche : [main][Ceviche] Initialized Ceviche (Ceviche-1.0.3726.0) for com.amazon.tv.settings.v2
06-16 02:54:04.551   534   634 I KeyMapManagerUtil: Unknown remote sku id 8. Fetch remote sku id from system property
06-16 02:54:04.552  1081  1101 I PeriodicKPIReporter: Shutdown was invoked.
06-16 02:54:04.553 21363 21379 I actix_web::middleware..: 192.168.100.30 "POST /v1/FireTV?action=dpad_down HTTP/2.0" 200 20 "-" "FireTV/1226006764 CFNetwork/3860.600.12 Darwin/25.5.0" 0.005901
06-16 02:54:04.553  1637  1682 E amzn_neo_service_api:..: handle_key_event_callback: Got empty key-event
06-16 02:54:04.553  1637  1682 I com_amazon_devicecont..: Received Key name: DPAD_DOWN, code: 20, action: 1
06-16 02:54:04.560  2814  3131 I cevicheLTSPlugin.ItemVisibilityHandler: Reporting ScreenVisibilityEvent to AdManager - T1 treatment
06-16 02:54:04.587  2814  2814 I BuellerApplication: Received on trim from framework, level is 60
06-16 02:54:04.587  2814  2814 I BuellerApplication:  should trim frozen image false
06-16 02:54:04.588  2814  3096 I ImageTrimMemoryHandler: Processing trimMemory level=60, availablePriority=2, cachedPriority=2, bytesInMemoryCache=16 MB, bytesInUse=7 MB
06-16 02:54:04.588  2814  2814 I BuellerApplication: TRIM_MEMORY_MODERATE
06-16 02:54:04.589  2814  2814 I MediaBrowseInMemoryCacheImpl: Cache size before trim: 279
06-16 02:54:04.589  2814  2814 I MediaBrowseInMemoryCacheImpl: Cache size after trim: 279
06-16 02:54:04.589  2814  2814 I BuellerApplication: Trim memory has completed
06-16 02:54:04.589  2814  2814 I MediaBrowseServiceImpl: Received notice that MediaBrowseServiceImpl is to trim memory. Trim memory level: 60
06-16 02:54:04.597 21455 21486 I AmazonAppstore.LockerProvider: Successfully injected locker provider
06-16 02:54:04.601  2814  3096 I ImagePriorityLru: Releasing 1 cached items, and 0 available items, bytesInUse=7 MB, bytesOnlyInCache=16 MB
06-16 02:54:04.606 21641 21753 I AlexaSupportedLocaleMan: Initial value: AlexaSupportedLocaleInfo(mAlexaLocales=[es_ES, en_AU, ja_JP, es_MX, fr_CA, nl_NL, pt_BR, de_DE, en_IN, hi_IN, es_US, it_IT, fr_FR, en_US, en_CA, en_GB], mDLSPairsSupported=[], mAlexaFallbackLocaleMap={sv_SE=en_US, pl_PL=en_US, de_AT=de_DE}, mRecommendedDLSPairs=[LocaleSetting(primaryLocale=es_US, secondaryLocales=[en_US]), LocaleSetting(primaryLocale=en_US, secondaryLocales=[es_US])])
06-16 02:54:04.606 21641 21753 I AlexaSupportedLocaleMan: Fetching Alexa supported locales information from Vizzini
06-16 02:54:04.614 21679 21698 I PrismService: [Binder:21679_4][Profiler] DEPRECATED.DEPRECATED took 329 ms
06-16 02:54:04.616  2814  2814 I Choreographer: Skipped 54 frames!  The application may be doing too much work on its main thread.
06-16 02:54:04.622 21455 21693 I AmazonAppstore.Prism/ListEnrolledProfiles: Received response
06-16 02:54:04.624 21641 21753 I AlexaSupportedLocaleMan: invalidate -- content changed (false) value (AlexaSupportedLocaleInfo(mAlexaLocales=[es_ES, en_AU, ja_JP, es_MX, fr_CA, nl_NL, pt_BR, de_DE, en_IN, hi_IN, es_US, it_IT, fr_FR, en_US, en_CA, en_GB], mDLSPairsSupported=[], mAlexaFallbackLocaleMap={sv_SE=en_US, pl_PL=en_US, de_AT=de_DE}, mRecommendedDLSPairs=[LocaleSetting(primaryLocale=es_US, secondaryLocales=[en_US]), LocaleSetting(primaryLocale=en_US, secondaryLocales=[es_US])]))
06-16 02:54:04.625 21455 21693 I [PRISM] : Scheduling unbinding from Prism Service for: com.amazon.venezia
06-16 02:54:04.626 21455 21529 I AmazonAppstore.Prism/PrismClientImpl: ListEnrolledProfilesResponse onSuccess callback received.
06-16 02:54:04.626 21455 21529 I AmazonAppstore.SharedPrefs: AFTV.SharedPref.Write.Latency: 0
06-16 02:54:04.627 21455 21529 I AmazonAppstore.YACMinervaMetrics: Emitting Perf Metric with : RefreshEnrolledProfileFuture.Success Value : 1475ms
06-16 02:54:04.628 21455 21764 I AmazonAppstore.SharedPrefs: AFTV.SharedPref.Read.Latency: 0
06-16 02:54:04.629 21455 21764 I AmazonAppstore.SharedPrefs: AFTV.SharedPref.Write.Latency: 0
06-16 02:54:04.633 21455 21529 I AmazonAppstore.CORPolicy: Forcing isFullExperience to true, as that is the only supported experience.
06-16 02:54:04.658   534   634 I KeyMapManagerUtil: Unknown remote sku id 8. Fetch remote sku id from system property
06-16 02:54:04.658  1637  1682 E amzn_neo_service_api:..: handle_key_event_callback: Got empty key-event
06-16 02:54:04.658  1637  1682 I com_amazon_devicecont..: Received Key name: DPAD_DOWN, code: 20, action: 0
06-16 02:54:04.669  1081  1101 I PeriodicKPIReporter: Shutdown was invoked.
06-16 02:54:04.669 21363 21379 I actix_web::middleware..: 192.168.100.30 "POST /v1/FireTV?action=dpad_down HTTP/2.0" 200 20 "-" "FireTV/1226006764 CFNetwork/3860.600.12 Darwin/25.5.0" 0.013649
06-16 02:54:04.679 21641 21749 E System  : TRACE Starting certificate trust
06-16 02:54:04.681 21641 21767 I [PRISM] : Eagerly binding to PrismService
06-16 02:54:04.689 21641 21767 I [PRISM] : Binding to Prism Service from: com.amazon.tv.settings.v2
06-16 02:54:04.689 21641 21767 I [PRISM] : Scheduling unbinding from Prism Service for: com.amazon.tv.settings.v2
06-16 02:54:04.691 21641 21767 I [PRISM] : Profile manager has been initialized
06-16 02:54:04.694 21641 21767 I ST-ProfileManager: Initializing ProfileManager
06-16 02:54:04.709 21679 21741 I PrismService: [Thread-8][MinervaMetricRecorder] Minerva event App.OnCreate recording successful
06-16 02:54:04.712   534   543 I system_server: Background concurrent copying GC freed 190753(6MB) AllocSpace objects, 9(436KB) LOS objects, 27% free, 15MB/21MB, paused 418us total 490.980ms
06-16 02:54:04.705 21641 21641 I RRO-InstallationInfoSer: Serialized Installation info: InstallationInfo(targetLocale=en_US, installationState=SUCCESS, installReason=INCONSISTENCY_RESOLUTION, updateTimeMs=1781475363673)
06-16 02:54:04.712 21641 21641 I RRO-InstallationInfoSer: Installation info is valid.
06-16 02:54:04.733   534   634 I KeyMapManagerUtil: Unknown remote sku id 8. Fetch remote sku id from system property
06-16 02:54:04.734  1081  1101 I PeriodicKPIReporter: Shutdown was invoked.
06-16 02:54:04.734  1637  1682 E amzn_neo_service_api:..: handle_key_event_callback: Got empty key-event
06-16 02:54:04.734  1637  1682 I com_amazon_devicecont..: Received Key name: DPAD_DOWN, code: 20, action: 1
06-16 02:54:04.735 21641 21766 W MinervaServiceWrapper: record : MinervaService not yet bound. Buffered Metric Event String. Buffer Size: 8
06-16 02:54:04.735 21363 21379 I actix_web::middleware..: 192.168.100.30 "POST /v1/FireTV?action=dpad_down HTTP/2.0" 200 20 "-" "FireTV/1226006764 CFNetwork/3860.600.12 Darwin/25.5.0" 0.004238
06-16 02:54:04.753 21641 21641 I ST-DynamicLocaleConfig: COP value passed to arcus: null
06-16 02:54:04.753 21455 21486 I AmazonAppstore.Library/LibraryContentProvider: getLibraryMetadata: retrieved 9 app results
06-16 02:54:04.753 21641 21641 I ST-DynamicLocaleConfig: Using Prod configuration
06-16 02:54:04.753 21641 21641 I LocaleSettingManager: Informing listeners about content changes
06-16 02:54:04.753 21641 21641 I AlexaSupportedLocaleMan: Informing listeners about content changes
06-16 02:54:04.756 21641 21641 I [PRISM] : Connected to Prism Service
06-16 02:54:04.764 20123 20123 I Firebat : TrimMemoryCommandLogger - level=MODERATE
06-16 02:54:04.766 20123 20123 I Firebat : Reporting metric [metricName=CommandRouter, metricSubName=TrimMemoryCommandLogger-ProcessingDuration, value=2.00]
06-16 02:54:04.769 21455 21486 I AmazonAppstore.ChannelMetadataRetriever: getChannelsFromDatabase called
06-16 02:54:04.783  2814  3096 I ImagePriorityLru: Releasing 78 cached items, and 21 available items, bytesInUse=7 MB, bytesOnlyInCache=2 MB
06-16 02:54:04.788 21455 21486 I AmazonAppstore.ChannelMetadataRetriever: getChannelsFromDatabase: returning 0 channels
06-16 02:54:04.801 20123 20123 I Firebat : TrimMemoryCommandLogger - level=MODERATE
06-16 02:54:04.801 20123 20123 I Firebat : Reporting metric [metricName=CommandRouter, metricSubName=TrimMemoryCommandLogger-ProcessingDuration, value=0.00]
06-16 02:54:04.806  1195 20545 I com.amazon.imp/CorPfmLogic[0]: COR is empty: false, PFM is empty: false
06-16 02:54:04.806  1195 20545 I com.amazon.imp/CorPfmLogic[0]: Current time: 1781596444806 
06-16 02:54:04.806  1195 20545 I com.amazon.imp/CorPfmLogic[0]:  cor/pfm last updated time: 1781595934531 
06-16 02:54:04.806  1195 20545 I com.amazon.imp/CorPfmLogic[0]:  TTL: 86400000 
06-16 02:54:04.806  1195 20545 I com.amazon.imp/CorPfmLogic[0]:  Jitter: 27791494
06-16 02:54:04.806  1195 20545 I com.amazon.imp/CorPfmLogic[0]: COR or PFM isn't expired.
06-16 02:54:04.806  1195 20545 I com.amazon.imp/CorPfmLogic[0]: COR PFM has already been fetched. Returning current COR/PFM
06-16 02:54:04.806  1195 20545 I com.amazon.imp/CustomerAttributeStoreLogic[0]: Callback with value empty: false
06-16 02:54:04.807 21455 21486 I AmazonAppstore.Library/ShortcutMetadataRetriever: getShortcuts called
06-16 02:54:04.819 21641 21772 I ArcusConfigManagerSyncT: RemoteConfiguration Initialized
06-16 02:54:04.819 21641 21641 I ST-DynamicLocaleConfigA: Dynamic locales config fetched successfully.
06-16 02:54:04.821 21455 21486 I AmazonAppstore.Library/ShortcutMetadataRetriever: Appstore has the permission needed to launch a resolved activity.
06-16 02:54:04.821 21455 21486 I AmazonAppstore.CORPolicy: Forcing isFullExperience to true, as that is the only supported experience.
06-16 02:54:04.822 21455 21486 I AmazonAppstore.Library/ShortcutMetadataRetriever: Appstore has the permission needed to launch a resolved activity.
06-16 02:54:04.822 21455 21486 I AmazonAppstore.Library/ShortcutMetadataRetriever: getShortcuts: returning 2 shortcuts
06-16 02:54:04.824 21641 21641 I ST-DynamicLocaleConfigA: locale info: LocaleInfo(localeSetting=LocaleSetting(primaryLocale=es_US, secondaryLocales=null), title=Espa├▒ol, regionName=Estados Unidos, menusAndTextHeading=Menus & Text, alexaVoiceHeading=Alexa Voice, menusAndTextLanguage=Espa├▒ol, alexaVoiceLanguage=null, menusAndTextHeadingAccessibilityDescription=Menus & Text, alexaVoiceHeadingAccessibilityDescription=Alexa Voice, menusAndTextLanguageAccessibilityDescription=null, alexaVoiceLanguageAccessibilityDescription=null, metricName=language_es_us_key, titleContentDescription=Espa├▒ol, regionContentDescription=null, isRegionNameAccessibilityUnSupported=false, placeAfter=en-US, isRecommended=false, recommendedRank=100)
06-16 02:54:04.825 21641 21641 I LocaleListProvider: Refreshing alexa Supported locale info
06-16 02:54:04.829 21455 21486 I AmazonAppstore.SharedPrefs: AFTV.SharedPref.Read.Latency: 1
06-16 02:54:04.833 21679 21741 I PrismService: [Thread-8][MinervaMetricRecorder] Minerva event CacheHit.ListEnrolledProfiles recording successful
06-16 02:54:04.835 21455 21486 I AmazonAppstore.TvServiceMetadataRetriever: getSelectedTvServices: returning 0 selected providers
06-16 02:54:04.839 21641 21753 I AlexaSupportedLocaleMan: Fetching Alexa supported locales information from Vizzini
06-16 02:54:04.839  2814  2908 I DiskCleanupTask: .dl: 35 MB
06-16 02:54:04.840   534   634 I KeyMapManagerUtil: Unknown remote sku id 8. Fetch remote sku id from system property
06-16 02:54:04.841  1637  1682 E amzn_neo_service_api:..: handle_key_event_callback: Got empty key-event
06-16 02:54:04.841  1637  1682 I com_amazon_devicecont..: Received Key name: DPAD_DOWN, code: 20, action: 0
06-16 02:54:04.844  1081  1101 I PeriodicKPIReporter: Shutdown was invoked.
06-16 02:54:04.844 21363 21379 I actix_web::middleware..: 192.168.100.30 "POST /v1/FireTV?action=dpad_down HTTP/2.0" 200 20 "-" "FireTV/1226006764 CFNetwork/3860.600.12 Darwin/25.5.0" 0.006894
06-16 02:54:04.846  2814  2908 I DiskCleanupTask: .dl_persistent: 16 KB
06-16 02:54:04.846  2814  2908 I DiskCleanupTask: ContentURIImageCache: 0 bytes
06-16 02:54:04.855 21455 21486 W AmazonAppstore.Library/LibraryInOrder: Failed to find channel (null), returning -1 for position.
06-16 02:54:04.855 21455 21486 I chatty  : uid=10162(com.amazon.venezia) LONG-BGPool #3 identical 14 lines
06-16 02:54:04.863 20123 20123 I Firebat : TrimMemoryCommandLogger - level=MODERATE
06-16 02:54:04.863 21641 21641 W AlexaSupportedLocaleInfo: No Alexa locale found for the locale:fr_BE
06-16 02:54:04.863 20123 20123 I Firebat : Reporting metric [metricName=CommandRouter, metricSubName=TrimMemoryCommandLogger-ProcessingDuration, value=0.00]
06-16 02:54:04.863 21641 21641 W AlexaSupportedLocaleInfo: No Alexa locale found for the locale:fr_BE
06-16 02:54:04.863 21641 21641 W AlexaSupportedLocaleInfo: No Alexa locale found for the locale:nl_BE
06-16 02:54:04.863 21641 21641 W AlexaSupportedLocaleInfo: No Alexa locale found for the locale:nl_BE
06-16 02:54:04.863 21641 21641 W AlexaSupportedLocaleInfo: No Alexa locale found for the locale:de_BE
06-16 02:54:04.863 21641 21641 W AlexaSupportedLocaleInfo: No Alexa locale found for the locale:de_BE
06-16 02:54:04.873  4466  4466 I AMPR_2.1.72803.0_AMPVolumeController: onDeviceVolumeChanged
06-16 02:54:04.880  4466  4466 I AMBS_SpeakerManager: onDeviceVolumeChange
06-16 02:54:04.880  4466  4466 I AMBS_ChannelVolumeController: getSpeakerSettings
06-16 02:54:04.883  4466  4466 I AMBS_ChannelVolumeController: getUnduckedVolume: streamMaxVolume = 15 streamVolume = 15 unduckedVol = 100
06-16 02:54:04.883  4466  4466 I AMBS_ChannelVolumeController: getSpeakerSettings: 100, false
06-16 02:54:04.883  4466  4466 I AMBS_SpeakerManager: Speaker Settings for channel AVS_SPEAKER_VOLUME : vol = 100 mute = false
06-16 02:54:04.937 21455 21455 I chatty  : uid=10162(com.amazon.venezia) expire 4 lines
06-16 02:54:04.941 21455 21775 I chatty  : uid=10162(com.amazon.venezia) pool-16-thread- expire 2 lines
06-16 02:54:04.951 21679 21741 I PrismService: [Thread-8][MinervaMetricRecorder] Minerva event LIST_ENROLLED_PROFILES recording successful
06-16 02:54:04.963   327 21046 I Node    : dolby-audio-meter, AdapterPcmSystem adapter audio meter: channel 0; audio level: 0.207
06-16 02:54:04.963   327 21046 I Node    : dolby-audio-meter, AdapterPcmSystem adapter audio meter: channel 1; audio level: 0.252
06-16 02:54:04.963   327 21046 I Node    : dolby-audio-meter, AdapterPcmOut adapter audio meter: channel 0; audio level: 0.984
06-16 02:54:04.963   327 21046 I Node    : dolby-audio-meter, AdapterPcmOut adapter audio meter: channel 1; audio level: 0.984
06-16 02:54:04.967 21455 21465 I chatty  : uid=10162(com.amazon.venezia) HeapTaskDaemon expire 1 line
06-16 02:54:04.988  1195 20545 I com.amazon.imp/CorPfmLogic[0]: COR is empty: false, PFM is empty: false
06-16 02:54:04.989  1195 20545 I com.amazon.imp/CorPfmLogic[0]: Current time: 1781596444988 
06-16 02:54:04.989  1195 20545 I com.amazon.imp/CorPfmLogic[0]:  cor/pfm last updated time: 1781595934531 
06-16 02:54:04.989  1195 20545 I com.amazon.imp/CorPfmLogic[0]:  TTL: 86400000 
06-16 02:54:04.989  1195 20545 I com.amazon.imp/CorPfmLogic[0]:  Jitter: 30105140
06-16 02:54:04.989  1195 20545 I com.amazon.imp/CorPfmLogic[0]: COR or PFM isn't expired.
06-16 02:54:04.989  1195 20545 I com.amazon.imp/CorPfmLogic[0]: COR PFM has already been fetched. Returning current COR/PFM
06-16 02:54:04.989  1195 20545 I com.amazon.imp/CustomerAttributeStoreLogic[0]: Callback with value empty: false
06-16 02:54:04.992   534   634 I KeyMapManagerUtil: Unknown remote sku id 8. Fetch remote sku id from system property
06-16 02:54:04.992 21641 21753 I AlexaSupportedLocaleMan: invalidate -- content changed (false) value (AlexaSupportedLocaleInfo(mAlexaLocales=[es_ES, en_AU, ja_JP, es_MX, fr_CA, nl_NL, pt_BR, de_DE, en_IN, hi_IN, es_US, it_IT, fr_FR, en_US, en_CA, en_GB], mDLSPairsSupported=[], mAlexaFallbackLocaleMap={sv_SE=en_US, pl_PL=en_US, de_AT=de_DE}, mRecommendedDLSPairs=[LocaleSetting(primaryLocale=es_US, secondaryLocales=[en_US]), LocaleSetting(primaryLocale=en_US, secondaryLocales=[es_US])]))
06-16 02:54:04.993  1081  1101 I PeriodicKPIReporter: Shutdown was invoked.
06-16 02:54:04.994  1637  1682 E amzn_neo_service_api:..: handle_key_event_callback: Got empty key-event
06-16 02:54:04.994 21363 21379 I actix_web::middleware..: 192.168.100.30 "POST /v1/FireTV?action=dpad_down HTTP/2.0" 200 20 "-" "FireTV/1226006764 CFNetwork/3860.600.12 Darwin/25.5.0" 0.003461
06-16 02:54:04.994  1637  1682 I com_amazon_devicecont..: Received Key name: DPAD_DOWN, code: 20, action: 1
06-16 02:54:05.027  2814  3156 W Ceviche : [Metrics-SPE1][EventTracker] EventMetadata is null for event: com.amazon.ceviche.Event@8e4575f
06-16 02:54:05.030 21455 21455 I chatty  : uid=10162(com.amazon.venezia) expire 6 lines
06-16 02:54:05.037   534   634 I KeyMapManagerUtil: Unknown remote sku id 8. Fetch remote sku id from system property
06-16 02:54:05.038  1081  1101 I PeriodicKPIReporter: Shutdown was invoked.
06-16 02:54:05.038 21363 21379 I actix_web::middleware..: 192.168.100.30 "POST /v1/FireTV?action=dpad_down HTTP/2.0" 200 20 "-" "FireTV/1226006764 CFNetwork/3860.600.12 Darwin/25.5.0" 0.003931
06-16 02:54:05.038  1637  1682 E amzn_neo_service_api:..: handle_key_event_callback: Got empty key-event
06-16 02:54:05.038  1637  1682 I com_amazon_devicecont..: Received Key name: DPAD_DOWN, code: 20, action: 0
06-16 02:54:05.070  2814  2908 I DiskCleanupTask: Total cache directory size is 35 MB
06-16 02:54:05.070  2814  2908 I DiskCleanupTask: Checking database file...
06-16 02:54:05.071  2814  2908 I DiskCleanupTask: producer.db-shm: 32 KB
06-16 02:54:05.071  2814  2908 I DiskCleanupTask: ContinueWatchingItemDB-wal: 36 KB
06-16 02:54:05.072  2814  2908 I DiskCleanupTask: LauncherPersistentDB-shm: 32 KB
06-16 02:54:05.072  2814  2908 I DiskCleanupTask: arn:aws:remote-config:us-west-2:541693914820:appConfig:aziejdrs_ConfigurationCache.db: 16 KB
06-16 02:54:05.072  2814  2908 I DiskCleanupTask: CardDeviceAgentDB: 172 KB
06-16 02:54:05.072  2814  2908 I DiskCleanupTask: arn:aws:remote-config:us-west-2:455205533140:appConfig:apiz0o87_ConfigurationCache.db: 16 KB
06-16 02:54:05.072  2814  2908 I DiskCleanupTask: mbcache.db-wal: 512 KB
06-16 02:54:05.072  2814  2908 I DiskCleanupTask: producer.db: 20 KB
06-16 02:54:05.073  2814  2908 I DiskCleanupTask: LauncherPersistentDB: 40 KB
06-16 02:54:05.073  2814  2908 I DiskCleanupTask: RecentCdaCardBackupDB: 24 KB
06-16 02:54:05.073  2814  2908 I DiskCleanupTask: LauncherPersistentDB-wal: 0 bytes
06-16 02:54:05.073  2814  2908 I DiskCleanupTask: arn:aws:remote-config:us-west-2:541693914820:appConfig:att2x7wd_ConfigurationCache.db: 16 KB
06-16 02:54:05.073  2814  2908 I DiskCleanupTask: producer.db-wal: 402 KB
06-16 02:54:05.073  2814  2908 I DiskCleanupTask: arn:aws:remote-config:us-west-2:541693914820:appConfig:a0n5bwx7_ConfigurationCache.db: 16 KB
06-16 02:54:05.073  2814  2908 I DiskCleanupTask: RecentCdaCardBackupDB-shm: 32 KB
06-16 02:54:05.073  2814  2908 I DiskCleanupTask: CardDeviceAgentDB-shm: 32 KB
06-16 02:54:05.074  2814  2908 I DiskCleanupTask: CardDeviceAgentDB-wal: 498 KB
06-16 02:54:05.074  2814  2908 I DiskCleanupTask: arn:aws:remote-config:us-west-2:541693914820:appConfig:aoio3k0i_ConfigurationCache.db: 36 KB
06-16 02:54:05.074  2814  2908 I DiskCleanupTask: ContinueWatchingItemDB-shm: 32 KB
06-16 02:54:05.074  2814  2908 I DiskCleanupTask: mbcache.db-shm: 32 KB
06-16 02:54:05.074  2814  2908 I DiskCleanupTask: arn:aws:remote-config:us-west-2:541693914820:appConfig:ayo68shj_ConfigurationCache.db: 16 KB
06-16 02:54:05.074  2814  2908 I DiskCleanupTask: RecentCdaCardBackupDB-wal: 406 KB
06-16 02:54:05.074  2814  2908 I DiskCleanupTask: mbcache.db: 20 MB
06-16 02:54:05.074  2814  2908 I DiskCleanupTask: ContinueWatchingItemDB: 4 KB
06-16 02:54:05.078  2814  2908 I DiskCleanupTask: Total database directory size is 22 MB
06-16 02:54:05.078  2814  2908 I BuellerApplication: Notified of having no active activities
06-16 02:54:05.078  2814  2908 I AivConnectorManager: Attempting to release AivConnector
06-16 02:54:05.079  2814  2908 I WholeHomeAudioManager: unbindService() called
06-16 02:54:05.139   534  2480 I ActivityManager: Fully drawn com.amazon.venezia/.grid.AppsGridLauncherActivity: +3s661ms (total +3s624ms)
06-16 02:54:05.141   534   981 I LaunchTimeProcessor: cold_app_draw_time of com.amazon.venezia is 3645ms with activity = com.amazon.venezia/.grid.AppsGridLauncherActivity, app_version = 428948010, prev_activity = com.amazon.venezia/.deeplink.UriMatchActivity, isChild = false, context = S1T0A1D0I0L0E0M9999R10
06-16 02:54:05.152   534   981 I LaunchTimeProcessor: cool_activity_draw_time of com.amazon.venezia is 3645ms with activity = com.amazon.venezia/.grid.AppsGridLauncherActivity, app_version = 428948010, prev_activity = com.amazon.venezia/.deeplink.UriMatchActivity, isChild = false, context = S1T0A1D0I0L0E0M9999R10
06-16 02:54:05.185   534   634 I KeyMapManagerUtil: Unknown remote sku id 8. Fetch remote sku id from system property
06-16 02:54:05.186  1081  1101 I PeriodicKPIReporter: Shutdown was invoked.
06-16 02:54:05.186  1637  1682 E amzn_neo_service_api:..: handle_key_event_callback: Got empty key-event
06-16 02:54:05.187  1637  1682 I com_amazon_devicecont..: Received Key name: DPAD_DOWN, code: 20, action: 1
06-16 02:54:05.202 21363 21379 I actix_web::middleware..: 192.168.100.30 "POST /v1/FireTV?action=dpad_down HTTP/2.0" 200 20 "-" "FireTV/1226006764 CFNetwork/3860.600.12 Darwin/25.5.0" 0.018058
06-16 02:54:05.237   534   634 I KeyMapManagerUtil: Unknown remote sku id 8. Fetch remote sku id from system property
06-16 02:54:05.237  1637  1682 E amzn_neo_service_api:..: handle_key_event_callback: Got empty key-event
06-16 02:54:05.237  1637  1682 I com_amazon_devicecont..: Received Key name: DPAD_DOWN, code: 20, action: 0
06-16 02:54:05.240  1081  1101 I PeriodicKPIReporter: Shutdown was invoked.
06-16 02:54:05.242 21363 21379 I actix_web::middleware..: 192.168.100.30 "POST /v1/FireTV?action=dpad_down HTTP/2.0" 200 20 "-" "FireTV/1226006764 CFNetwork/3860.600.12 Darwin/25.5.0" 0.007459
06-16 02:54:05.248 21455 21605 I chatty  : uid=10162(com.amazon.venezia) AmazonKeyEventL expire 2 lines
06-16 02:54:05.288   338  1927 I APM_AudioPolicyManager: startOutput() output 13, stream 1, session 33, caller pid: 534, uid: 1000
06-16 02:54:05.304   327   532 I DolbyAudioStreamOut: write, new playback through Dolby proxy. Format=0x1, ChannelMask=0x3, SamplingRate=48000Hz isDirect 0
06-16 02:54:05.316   327   532 I DolbyAudioHwDeviceProxy: resumeDownstream() for device:0x400
06-16 02:54:05.318   338  1927 I APM_AudioPolicyManager: getOutputForAttr() device 0x400, sampling rate 48000, format 0x1, channel mask 0x3, flags 0x4 stream 0x1
06-16 02:54:05.318   338  1927 I APM_AudioPolicyManager:   getOutputForAttr() returns output 13 selectedDeviceId 36
06-16 02:54:05.318   338  1927 W AudioFlinger: createTrack_l(): mismatch between requested flags (00000004) and output flags (00000002)
06-16 02:54:05.319   327   511 I DolbyAudioStreamOut: getLatency() Total latency:147ms (Downstream(slider adjusted):63ms, DMA:134ms, tuning:-50ms, tuningBT:0ms), input format:0x1, sink:0x400, UxOutSetting:0, CurOutFormat:0x1
06-16 02:54:05.321   338  1927 I hash_map_utils: key: 'get_audio_delay' value: ''
06-16 02:54:05.322   534   904 W AudioTrack: AUDIO_OUTPUT_FLAG_FAST denied by server; frameCount 0 -> 4569
06-16 02:54:05.322   338  1927 I APM_AudioPolicyManager: startOutput() output 13, stream 1, session 41, caller pid: 534, uid: 1000
06-16 02:54:05.334   534   634 I KeyMapManagerUtil: Unknown remote sku id 8. Fetch remote sku id from system property
06-16 02:54:05.335  1637  1682 E amzn_neo_service_api:..: handle_key_event_callback: Got empty key-event
06-16 02:54:05.335  1637  1682 I com_amazon_devicecont..: Received Key name: DPAD_DOWN, code: 20, action: 1
06-16 02:54:05.339  1081  1101 I PeriodicKPIReporter: Shutdown was invoked.
06-16 02:54:05.340 21363 21379 I actix_web::middleware..: 192.168.100.30 "POST /v1/FireTV?action=dpad_down HTTP/2.0" 200 20 "-" "FireTV/1226006764 CFNetwork/3860.600.12 Darwin/25.5.0" 0.009918
06-16 02:54:05.356  1520  1800 I BatchCreator: enqueueBatchForTransmission - enqueueBatchForTransmission;
06-16 02:54:05.388  1520  1800 I BoundedBatchFileQueue: batch file added: 1781596445387_us-east-1_0001
06-16 02:54:05.517   534   634 I KeyMapManagerUtil: Unknown remote sku id 8. Fetch remote sku id from system property
06-16 02:54:05.517  1081  1101 I PeriodicKPIReporter: Shutdown was invoked.
06-16 02:54:05.517 21363 21379 I actix_web::middleware..: 192.168.100.30 "POST /v1/FireTV?action=dpad_down HTTP/2.0" 200 20 "-" "FireTV/1226006764 CFNetwork/3860.600.12 Darwin/25.5.0" 0.002638
06-16 02:54:05.518  1637  1682 E amzn_neo_service_api:..: handle_key_event_callback: Got empty key-event
06-16 02:54:05.518  1637  1682 I com_amazon_devicecont..: Received Key name: DPAD_DOWN, code: 20, action: 0
06-16 02:54:05.531   534   634 I KeyMapManagerUtil: Unknown remote sku id 8. Fetch remote sku id from system property
06-16 02:54:05.533  1637  1682 E amzn_neo_service_api:..: handle_key_event_callback: Got empty key-event
06-16 02:54:05.533  1637  1682 I com_amazon_devicecont..: Received Key name: DPAD_DOWN, code: 20, action: 1
06-16 02:54:05.535  1081  1101 I PeriodicKPIReporter: Shutdown was invoked.
06-16 02:54:05.535 21363 21379 I actix_web::middleware..: 192.168.100.30 "POST /v1/FireTV?action=dpad_down HTTP/2.0" 200 20 "-" "FireTV/1226006764 CFNetwork/3860.600.12 Darwin/25.5.0" 0.006472
06-16 02:54:05.538 21641 21657 W System  : A resource failed to call close. 
06-16 02:54:05.541 21641 21657 I chatty  : uid=10161(com.amazon.tv.settings.v2) FinalizerDaemon identical 2 lines
06-16 02:54:05.541 21641 21657 W System  : A resource failed to call close. 
06-16 02:54:05.550   338   499 I APM_AudioPolicyManager: stopOutput() output 13, stream 1, session 33, caller pid: 534, uid: 1000
06-16 02:54:05.516   534   634 I chatty  : uid=1000(system) InputReader identical 13 lines
06-16 02:54:05.531   534   634 I AmazonProfileService: Event is not filtered because it is not in filter key list.
06-16 02:54:05.556   534  1041 E TaskPersister: File error accessing recents directory (directory doesn't exist?).
06-16 02:54:05.669 21679 21690 W System  : A resource failed to call close. 
06-16 02:54:05.669 21679 21690 I chatty  : uid=10119(com.amazon.prism.android.service) FinalizerDaemon identical 1 line
06-16 02:54:05.669 21679 21690 W System  : A resource failed to call close. 
06-16 02:54:05.806   338   499 I APM_AudioPolicyManager: stopOutput() output 13, stream 1, session 41, caller pid: 534, uid: 1000
06-16 02:54:05.821  2814  3096 I ImageTrimMemoryHandler: Processed trimMemory level=60, bytesInMemoryCache=5 MB, bytesInUse=522 KB
06-16 02:54:06.055   370   370 I perfmonitord:StatUtil: CPUUtilization now below 95%. Usage - 58%. Total milliseconds above threshold - 2000
06-16 02:54:06.198   534   545 I WifiService: acquireWifiLock uid=10162 lockMode=1
06-16 02:54:06.216 21455 21782 I chatty  : uid=10162(com.amazon.venezia) expire 1 line
06-16 02:54:06.219  1564  1564 I main.wifi_score: dump_wifi_score_ctxt(): is2g=0, is11ac=1, is11ax=0, chan_bw=80, nss=2, bcn_rssi=-78, data_rssi=-77, tx_ok=362031, tx_failed=103773, cca_idle_pct=88
06-16 02:54:06.219  1564  1564 I main.wifi_score: dump_wifi_score_ctxt(): last_tx_stats: sgi=0, pream=0, mcs=24, ss=0, bw=0
06-16 02:54:06.225   534   545 I WifiService: acquireWifiLock uid=10162 lockMode=1
06-16 02:54:06.237 21455 21455 I AmazonAppstore.PdiBroadcastReceiver: Action received in PdiBroadcastReceiver = com.amazon.mas.client.application.events.STARTUP
06-16 02:54:06.237 21455 21455 I AmazonAppstore.PdiBroadcastReceiver: Received Application startup broadcast. Start PDIService to schedule cleanup work.
06-16 02:54:06.240 21455 21782 I AmazonAppstore.CometConfigReader: Successfully loaded 7 excluded device types from CometConfig.db
06-16 02:54:06.242 21455 21782 I AmazonAppstore.DeviceInformation: Requesting device type from MAP
06-16 02:54:06.242 21455 21782 I AmazonAppstore.MigrationHelper: Device type: A265XOI9586NML, is in exclusion list in comet: false, Migration required: true
06-16 02:54:06.245 21455 21455 I AmazonAppstore.PdiBroadcastReceiver: Received Application startup broadcast. Wake up download service
06-16 02:54:06.266 21455 21782 W AmazonAppstore.ServiceConfigService: SC_ACTION_BOOTSTRAP_CONFIG ignored if the ServiceLocator is NOT empty OR if either the primary AccountSummary is null.
06-16 02:54:06.284 21455 21783 I AmazonAppstore.AndroidKeystoreKeyProvider: Key already initialized in Keystore
06-16 02:54:06.299 21455 21783 I AmazonAppstore.CometConfigReader: Successfully loaded 7 excluded device types from CometConfig.db
06-16 02:54:06.300 21455 21783 I AmazonAppstore.DeviceInformation: Requesting device type from MAP
06-16 02:54:06.300 21455 21783 I AmazonAppstore.MigrationHelper: Device type: A265XOI9586NML, is in exclusion list in comet: false, Migration required: true
06-16 02:54:06.326   534   634 I AmazonProfileService: Event is not filtered because it is not in filter key list.
06-16 02:54:06.326   534   634 I KeyMapManagerUtil: Unknown remote sku id 8. Fetch remote sku id from system property
06-16 02:54:06.327  1637  1682 E amzn_neo_service_api:..: handle_key_event_callback: Got empty key-event
06-16 02:54:06.327  1637  1682 I com_amazon_devicecont..: Received Key name: DPAD_LEFT, code: 21, action: 0
06-16 02:54:06.330  1081  1101 I PeriodicKPIReporter: Shutdown was invoked.
06-16 02:54:06.330 21455 21455 I AmazonAppstore.AmazonDownloader: new amazon downloader created
06-16 02:54:06.331 21363 21379 I actix_web::middleware..: 192.168.100.30 "POST /v1/FireTV?action=dpad_left HTTP/2.0" 200 20 "-" "FireTV/1226006764 CFNetwork/3860.600.12 Darwin/25.5.0" 0.007414
06-16 02:54:06.334   534   634 I KeyMapManagerUtil: Unknown remote sku id 8. Fetch remote sku id from system property
06-16 02:54:06.335  1081  1679 I PeriodicKPIReporter: Shutdown was invoked.
06-16 02:54:06.336 21363 21379 I actix_web::middleware..: 192.168.100.30 "POST /v1/FireTV?action=dpad_left HTTP/2.0" 200 20 "-" "FireTV/1226006764 CFNetwork/3860.600.12 Darwin/25.5.0" 0.011808
