--------- beginning of system
06-15 23:21:27.541   370   370 I perfmonitord:SystemMemMonitor: lmk_kills_other = 0
06-15 23:21:27.541   370   370 I perfmonitord:SystemMemMonitor: lmk_kills_perceptible = 0
06-15 23:21:27.541   370   370 I perfmonitord:SystemMemMonitor: lmk_kills_persistent = 0
06-15 23:21:27.541   370   370 I perfmonitord:SystemMemMonitor: lmk_kills_visible = 0
06-15 23:21:31.303   534   534 I AmzHdmiServiceCallback: power status is 3
06-15 23:21:32.609   370 13463 I perfmonitord:ProcessRssMonitor: 
06-15 23:21:32.609   370 13463 I perfmonitord:ProcessRssMonitor: Process Name         PID   : RSS(kb)    RSWAP(kb)  Total RSS  
06-15 23:21:32.609   370 13463 I perfmonitord:ProcessRssMonitor: 
06-15 23:21:32.609   370 13463 I perfmonitord:ProcessRssMonitor: system_server        534   : 169748     11572      181320    
06-15 23:21:33.610   370 13463 I perfmonitord:ProcessRssMonitor: .amazon.venezia      10852 : 130724     5488       136212    
06-15 23:21:34.610   370 13463 I perfmonitord:ProcessRssMonitor: mazon.tv.livetv      10175 : 115468     5580       121048    
06-15 23:21:35.610   370 13463 I perfmonitord:ProcessRssMonitor: zon.tv.launcher      2814  : 100576     13896      114472    
06-15 23:21:36.610   370 13463 I perfmonitord:ProcessRssMonitor: s.kindleconnect      13178 : 98024      5588       103612    
06-15 23:21:37.610   370 13463 I perfmonitord:ProcessRssMonitor: .amazon.vizzini      1937  : 91040      8916       99956     
06-15 23:21:38.482   534   534 I AmzHdmiServiceCallback: power status is 3
06-15 23:21:38.610   370 13463 I perfmonitord:ProcessRssMonitor: .amazon.ceviche      7762  : 92344      5700       98044     
06-15 23:21:39.611   370 13463 I perfmonitord:ProcessRssMonitor: .bueller.photos      3363  : 87580      9512       97092     
06-15 23:21:40.611   370 13463 I perfmonitord:ProcessRssMonitor: vice.logmanager      13291 : 86588      5724       92312     
06-15 23:21:41.611   370 13463 I perfmonitord:ProcessRssMonitor: android.service      13247 : 86468      5740       92208     
06-15 23:21:42.611   370 13463 I perfmonitord:ProcessRssMonitor: ce.crashmanager      13044 : 85368      5756       91124     
06-15 23:21:43.611   370 13463 I perfmonitord:ProcessRssMonitor: ce.software.ota      11498 : 83916      5868       89784     
06-15 23:21:44.611   370 13463 I perfmonitord:ProcessRssMonitor: on.sync.service      13359 : 81216      5852       87068     
06-15 23:21:45.612   370 13463 I perfmonitord:ProcessRssMonitor: om.amazon.logan      13201 : 76828      5904       82732     
06-15 23:21:45.642   534   534 I AmzHdmiServiceCallback: power status is 3
06-15 23:21:46.612   370 13463 I perfmonitord:ProcessRssMonitor: device.services      1081  : 72408      7276       79684     
06-15 23:21:47.612   370 13463 I perfmonitord:ProcessRssMonitor: id.providers.tv      13149 : 72836      5984       78820     
06-15 23:21:48.612   370 13463 I perfmonitord:ProcessRssMonitor: om.amazon.diode      3245  : 71364      7156       78520     
06-15 23:21:49.612   370 13463 I perfmonitord:ProcessRssMonitor: iders.downloads      13094 : 71964      5996       77960     
06-15 23:21:50.613   370 13463 I perfmonitord:ProcessRssMonitor: on.providers.tv      10307 : 69732      6004       75736     
06-15 23:21:51.497   392   463 E storaged: getDiskStats failed with result NOT_SUPPORTED and size 0
06-15 23:21:51.613   370 13463 I perfmonitord:ProcessRssMonitor: id.proxyhandler      2858  : 65168      6424       71592     
06-15 23:21:52.613   370 13463 I perfmonitord:ProcessRssMonitor: om.amazon.tcomm      1953  : 58532      8224       66756     
06-15 23:21:52.803   534   534 I AmzHdmiServiceCallback: power status is 3
06-15 23:21:53.613   370 13463 I perfmonitord:ProcessRssMonitor: .client.metrics      1520  : 50944      8248       59192     
06-15 23:21:54.613   370 13463 I perfmonitord:ProcessRssMonitor: evice.messaging      1491  : 47444      9936       57380     
06-15 23:21:55.613   370 13463 I perfmonitord:ProcessRssMonitor: nk.core.android      8926  : 49556      7672       57228     
06-15 23:21:56.614   370 13463 I perfmonitord:ProcessRssMonitor: com.amazon.imp       1195  : 47136      6808       53944     
06-15 23:21:57.614   370 13463 I perfmonitord:ProcessRssMonitor: n.middleware.np      6506  : 35800      17108      52908     
06-15 23:21:58.614   370 13463 I perfmonitord:ProcessRssMonitor: m.amazon.tv.ime      1061  : 36356      14740      51096     
06-15 23:21:59.614   370 13463 I perfmonitord:ProcessRssMonitor: s.sdk.ftve.addp      18540 : 40924      8352       49276     
06-15 23:21:59.963   534   534 I AmzHdmiServiceCallback: power status is 3
06-15 23:22:00.614   370 13463 I perfmonitord:ProcessRssMonitor: com.amazon.whad      1978  : 37964      8608       46572     
06-15 23:22:01.615   370 13463 I perfmonitord:ProcessRssMonitor: yer.runtime.ftv      4466  : 28752      16412      45164     
06-15 23:22:02.615   370 13463 I perfmonitord:ProcessRssMonitor: ivitycontroller      2453  : 28840      13832      42672     
06-15 23:22:03.615   370 13463 I perfmonitord:ProcessRssMonitor: droid.bluetooth      1045  : 31636      8704       40340     
06-15 23:22:04.615   370 13463 I perfmonitord:ProcessRssMonitor: .rdmapplication      2559  : 25868      12580      38448     
06-15 23:22:05.615   370 13463 I perfmonitord:ProcessRssMonitor: id.ext.services      1478  : 23428      8832       32260     
06-15 23:22:06.615   370 13463 I perfmonitord:ProcessRssMonitor: main                 290   : 21192      7480       28672     
06-15 23:22:07.143   534   534 I AmzHdmiServiceCallback: power status is 3
06-15 23:22:07.616   370 13463 I perfmonitord:ProcessRssMonitor: ryconfigservice      2735  : 18604      8008       26612     
06-15 23:22:08.616   370 13463 I perfmonitord:ProcessRssMonitor: n.systemnotices      5786  : 17500      7600       25100     
06-15 23:22:09.616   370 13463 I perfmonitord:ProcessRssMonitor: webview_zygote       1096  : 12672      10908      23580     
06-15 23:22:10.616   370 13463 I perfmonitord:ProcessRssMonitor: audio@2.0-servi      327   : 2448       6496       8944      
06-15 23:22:11.616   370 13463 I perfmonitord:ProcessRssMonitor: logd                 214   : 7600       1024       8624      
06-15 23:22:12.616   370 13463 I perfmonitord:ProcessRssMonitor: surfaceflinger       341   : 2880       3576       6456      
06-15 23:22:13.617   370 13463 I perfmonitord:ProcessRssMonitor: audioserver          338   : 2832       3244       6076      
06-15 23:22:14.302   534   534 I AmzHdmiServiceCallback: power status is 3
06-15 23:22:14.617   370 13463 I perfmonitord:ProcessRssMonitor: wpa_supplicant       1035  : 4636       608        5244      
06-15 23:22:15.617   370 13463 I perfmonitord:ProcessRssMonitor: mediaserver          389   : 2752       2104       4856      
06-15 23:22:16.617   370 13463 I perfmonitord:ProcessRssMonitor: mediaextractor       387   : 2820       1976       4796      
06-15 23:22:17.617   370 13463 I perfmonitord:ProcessRssMonitor: omx@1.0-service      395   : 2440       2344       4784      
06-15 23:22:18.618   370 13463 I perfmonitord:ProcessRssMonitor: v.devicecontrol      1637  : 4052       712        4764      
06-15 23:22:19.618   370 13463 I perfmonitord:ProcessRssMonitor: storaged             392   : 4264       460        4724      
06-15 23:22:20.618   370 13463 I perfmonitord:ProcessRssMonitor: cameraserver         378   : 2944       1496       4440      
06-15 23:22:21.462   534   534 I AmzHdmiServiceCallback: power status is 3
06-15 23:22:21.618   370 13463 I perfmonitord:ProcessRssMonitor: mediametrics         388   : 3000       1384       4384      
06-15 23:22:22.618   370 13463 I perfmonitord:ProcessRssMonitor: keystore             384   : 3772       604        4376      
06-15 23:22:23.618   370 13463 I perfmonitord:ProcessRssMonitor: drmserver            379   : 2832       1420       4252      
06-15 23:22:24.619   370 13463 I perfmonitord:ProcessRssMonitor: /system/bin/netd     289   : 3468       652        4120      
06-15 23:22:25.619   370 13463 I perfmonitord:ProcessRssMonitor: /system/bin/installd 383   : 3028       1064       4092      
06-15 23:22:26.619   370 13463 I perfmonitord:ProcessRssMonitor: composer@2.1-se      317   : 2572       1488       4060      
06-15 23:22:27.619   370 13463 I perfmonitord:ProcessRssMonitor: drm@1.1-service      314   : 3040       900        3940      
06-15 23:22:28.619   370 13463 I perfmonitord:ProcessRssMonitor: perfmonitord         370   : 3408       448        3856      
06-15 23:22:28.622   534   534 I AmzHdmiServiceCallback: power status is 3
06-15 23:22:29.619   370 13463 I perfmonitord:ProcessRssMonitor: /system/bin/vold     220   : 3036       792        3828      
06-15 23:22:30.620   370 13463 I perfmonitord:ProcessRssMonitor: wificond             393   : 3212       604        3816      
06-15 23:22:31.620   370 13463 I perfmonitord:ProcessRssMonitor: perfstatsd           366   : 2744       1008       3752      
06-15 23:22:32.620   370 13463 I perfmonitord:ProcessRssMonitor: avsyncservice        396   : 2512       1148       3660      
06-15 23:22:33.620   370 13463 I perfmonitord:ProcessRssMonitor: hwservicemanage      217   : 3084       496        3580      
06-15 23:22:34.620   370 13463 I perfmonitord:ProcessRssMonitor: /system/bin/statsd   391   : 2792       724        3516      
06-15 23:22:35.620   370 13463 I perfmonitord:ProcessRssMonitor: allocator@2.0-s      316   : 2432       992        3424      
06-15 23:22:35.802   534   534 I AmzHdmiServiceCallback: power status is 3
06-15 23:22:36.621   370 13463 I perfmonitord:ProcessRssMonitor: cloud_pairing_s      260   : 2680       708        3388      
06-15 23:22:37.621   370 13463 I perfmonitord:ProcessRssMonitor: /system/bin/amazonfiled 371   : 2660       676        3336      
06-15 23:22:38.621   370 13463 I perfmonitord:ProcessRssMonitor: thermalserviced      342   : 2656       648        3304      
06-15 23:22:39.621   370 13463 I perfmonitord:ProcessRssMonitor: wifi@1.0-servic      325   : 2836       436        3272      
06-15 23:22:40.621   370 13463 I perfmonitord:ProcessRssMonitor: /system/bin/incidentd 382   : 2544       684        3228      
06-15 23:22:41.621   370 13463 I perfmonitord:ProcessRssMonitor: whad_cc              369   : 2588       612        3200      
06-15 23:22:42.622   370 13463 I perfmonitord:ProcessRssMonitor: provider@2.4-ex      307   : 2240       960        3200      
06-15 23:22:42.962   534   534 I AmzHdmiServiceCallback: power status is 3
06-15 23:22:43.622   370 13463 I perfmonitord:ProcessRssMonitor: amazonthermal@1      326   : 2260       932        3192      
06-15 23:22:44.622   370 13463 I perfmonitord:ProcessRssMonitor: mediadrmserver       386   : 2432       640        3072      
06-15 23:22:45.622   370 13463 I perfmonitord:ProcessRssMonitor: neo-init-runas       294   : 2680       392        3072      
06-15 23:22:46.622   370 13463 I perfmonitord:ProcessRssMonitor: keymaster@3.0-s      219   : 2536       516        3052      
06-15 23:22:47.623   370 13463 I perfmonitord:ProcessRssMonitor: cec@1.0-service      323   : 2444       588        3032      
06-15 23:22:48.623   370 13463 I perfmonitord:ProcessRssMonitor: gatekeeperd          401   : 2232       784        3016      
06-15 23:22:49.623   370 13463 I perfmonitord:ProcessRssMonitor: zon.dialservice      1638  : 2372       620        2992      
06-15 23:22:50.122   534   534 I AmzHdmiServiceCallback: power status is 3
06-15 23:22:50.623   370 13463 I perfmonitord:ProcessRssMonitor: inlocservice         262   : 2068       884        2952      
06-15 23:22:51.497   392   463 E storaged: getDiskStats failed with result NOT_SUPPORTED and size 0
06-15 23:22:51.623   370 13463 I perfmonitord:ProcessRssMonitor: wlan_stats           1564  : 2392       536        2928      
06-15 23:22:52.623   370 13463 I perfmonitord:ProcessRssMonitor: hdcp@1.0-servic      331   : 2156       760        2916      
06-15 23:22:53.624   370 13463 I perfmonitord:ProcessRssMonitor: fireosdha@1.0-s      330   : 2248       664        2912      
06-15 23:22:54.624   370 13463 I perfmonitord:ProcessRssMonitor: memtrack@1.0-se      319   : 2520       392        2912      
06-15 23:22:55.624   370 13463 I perfmonitord:ProcessRssMonitor: hdmitxinfo@1.0-      332   : 2436       448        2884      
06-15 23:22:56.624   370 13463 I perfmonitord:ProcessRssMonitor: health@2.0-serv      318   : 2432       428        2860      
06-15 23:22:57.283   534   534 I AmzHdmiServiceCallback: power status is 3
06-15 23:22:57.624   370 13463 I perfmonitord:ProcessRssMonitor: bluetooth@1.0-s      305   : 2400       460        2860      
06-15 23:22:58.624   370 13463 I perfmonitord:ProcessRssMonitor: drmprov@1.0-ser      329   : 2260       592        2852      
06-15 23:22:59.625   370 13463 I perfmonitord:ProcessRssMonitor: hdmi@1.1-servic      400   : 2396       440        2836      
06-15 23:23:00.625   370 13463 I perfmonitord:ProcessRssMonitor: usb@1.1-service      324   : 2284       548        2832      
06-15 23:23:01.625   370 13463 I perfmonitord:ProcessRssMonitor: idme@1.1-servic      333   : 2244       588        2832      
06-15 23:23:02.625   370 13463 I perfmonitord:ProcessRssMonitor: keymanage@1.0-s      335   : 2196       588        2784      
06-15 23:23:03.625   370 13463 I perfmonitord:ProcessRssMonitor: mediametrics@1.      334   : 2244       540        2784      
06-15 23:23:04.462   534   534 I AmzHdmiServiceCallback: power status is 3
06-15 23:23:04.626   370 13463 I perfmonitord:ProcessRssMonitor: allocator@1.0-s      304   : 2300       480        2780      
06-15 23:23:05.626   370 13463 I perfmonitord:ProcessRssMonitor: servicemanager       216   : 2376       396        2772      
06-15 23:23:06.626   370 13463 I perfmonitord:ProcessRssMonitor: logcat               7007  : 2404       324        2728      
06-15 23:23:07.626   370 13463 I perfmonitord:ProcessRssMonitor: drm@1.1-service      312   : 2068       648        2716      
06-15 23:23:08.626   370 13463 I perfmonitord:ProcessRssMonitor: gatekeeper@1.0-      315   : 2136       576        2712      
06-15 23:23:09.626   370 13463 I perfmonitord:ProcessRssMonitor: networkpower@1.      328   : 2152       536        2688      
06-15 23:23:10.627   370 13463 I perfmonitord:ProcessRssMonitor: vndservicemanag      218   : 2144       536        2680      
06-15 23:23:11.622   534   534 I AmzHdmiServiceCallback: power status is 3
06-15 23:23:11.627   370 13463 I perfmonitord:ProcessRssMonitor: neo-service-coo      295   : 2312       356        2668      
06-15 23:23:12.627   370 13463 I perfmonitord:ProcessRssMonitor: securetime           399   : 2272       388        2660      
06-15 23:23:13.627   370 13463 I perfmonitord:ProcessRssMonitor: kisd                 264   : 2144       460        2604      
06-15 23:23:14.627   370 13463 I perfmonitord:ProcessRssMonitor: configstore@1.1      310   : 2120       480        2600      
06-15 23:23:15.627   370 13463 I perfmonitord:ProcessRssMonitor: drm@1.1-service      313   : 1912       688        2600      
06-15 23:23:16.628   370 13463 I perfmonitord:ProcessRssMonitor: integrity_logge      407   : 2256       312        2568      
06-15 23:23:17.628   370 13463 I perfmonitord:ProcessRssMonitor: leakrecoveryd        364   : 1948       568        2516      
06-15 23:23:18.628   370 13463 I perfmonitord:ProcessRssMonitor: rpmb_svc             418   : 2048       436        2484      
06-15 23:23:18.782   534   534 I AmzHdmiServiceCallback: power status is 3
06-15 23:23:19.628   370 13463 I perfmonitord:ProcessRssMonitor: tombstoned           409   : 2068       376        2444      
06-15 23:23:20.628   370 13463 I perfmonitord:ProcessRssMonitor: iptables-restor      320   : 2128       288        2416      
06-15 23:23:21.628   370 13463 I perfmonitord:ProcessRssMonitor: ip6tables-resto      321   : 2104       288        2392      
06-15 23:23:22.629   370 13463 I perfmonitord:ProcessRssMonitor: lmkd                 215   : 2180       0          2180      
06-15 23:23:23.629   370 13463 I perfmonitord:ProcessRssMonitor: init                 1     : 1236       900        2136      
06-15 23:23:24.629   370 13463 I perfmonitord:ProcessRssMonitor: drm@1.0-service      311   : 748        884        1632      
06-15 23:23:25.629   370 13463 I perfmonitord:ProcessRssMonitor: ueventd              192   : 776        308        1084      
06-15 23:23:25.943   534   534 I AmzHdmiServiceCallback: power status is 3
06-15 23:23:26.629   370 13463 I perfmonitord:ProcessRssMonitor: init                 190   : 92         640        732       
06-15 23:23:27.630   370 13463 I perfmonitord:ProcessRssMonitor: init                 191   : 84         312        396       
06-15 23:23:28.630   370 13463 I perfmonitord:ProcessRssMonitor: watchdogd            336   : 180        128        308       
06-15 23:23:29.630   370 13463 I perfmonitord:ProcessRssMonitor: adbd                 363   : 28         172        200       
06-15 23:23:33.123   534   534 I AmzHdmiServiceCallback: power status is 3
06-15 23:23:40.282   534   534 I chatty  : uid=1000 system_server identical 1 line
06-15 23:23:47.443   534   534 I AmzHdmiServiceCallback: power status is 3
06-15 23:23:51.498   392   463 E storaged: getDiskStats failed with result NOT_SUPPORTED and size 0
06-15 23:23:54.602   534   534 I AmzHdmiServiceCallback: power status is 3
06-15 23:24:37.592   534   534 I chatty  : uid=1000 system_server identical 6 lines
06-15 23:24:44.752   534   534 I AmzHdmiServiceCallback: power status is 3
06-15 23:24:51.499   392   463 E storaged: getDiskStats failed with result NOT_SUPPORTED and size 0
06-15 23:24:51.933   534   534 I AmzHdmiServiceCallback: power status is 3
06-15 23:25:42.082   534   534 I chatty  : uid=1000 system_server identical 7 lines
06-15 23:25:49.243   534   534 I AmzHdmiServiceCallback: power status is 3
06-15 23:25:51.500   392   463 E storaged: getDiskStats failed with result NOT_SUPPORTED and size 0
06-15 23:25:56.402   534   534 I AmzHdmiServiceCallback: power status is 3
06-15 23:26:39.402   534   534 I chatty  : uid=1000 system_server identical 6 lines
06-15 23:26:46.562   534   534 I AmzHdmiServiceCallback: power status is 3
06-15 23:26:51.500   392   463 E storaged: getDiskStats failed with result NOT_SUPPORTED and size 0
06-15 23:26:53.722   534   534 I AmzHdmiServiceCallback: power status is 3
06-15 23:27:43.882   534   534 I chatty  : uid=1000 system_server identical 7 lines
06-15 23:27:51.052   534   534 I AmzHdmiServiceCallback: power status is 3
06-15 23:27:51.501   392   463 E storaged: getDiskStats failed with result NOT_SUPPORTED and size 0
06-15 23:27:58.212   534   534 I AmzHdmiServiceCallback: power status is 3
06-15 23:28:26.873   534   534 I chatty  : uid=1000 system_server identical 4 lines
06-15 23:28:34.032   534   534 I AmzHdmiServiceCallback: power status is 3
06-15 23:28:39.573   534   550 I UsageStatsService: User[0] Flushing usage stats to disk
06-15 23:28:41.193   534   534 I AmzHdmiServiceCallback: power status is 3
06-15 23:28:48.352   534   534 I AmzHdmiServiceCallback: power status is 3
06-15 23:28:51.502   392   463 E storaged: getDiskStats failed with result NOT_SUPPORTED and size 0
06-15 23:28:55.532   534   534 I AmzHdmiServiceCallback: power status is 3
06-15 23:29:38.513   534   534 I chatty  : uid=1000 system_server identical 6 lines
06-15 23:29:45.673   534   534 I AmzHdmiServiceCallback: power status is 3
06-15 23:29:51.502   392   463 E storaged: getDiskStats failed with result NOT_SUPPORTED and size 0
06-15 23:29:52.852   534   534 I AmzHdmiServiceCallback: power status is 3
06-15 23:30:42.992   534   534 I chatty  : uid=1000 system_server identical 7 lines
06-15 23:30:50.153   534   534 I AmzHdmiServiceCallback: power status is 3
06-15 23:30:51.503   392   463 E storaged: getDiskStats failed with result NOT_SUPPORTED and size 0
06-15 23:30:57.332   534   534 I AmzHdmiServiceCallback: power status is 3
06-15 23:31:18.813   534   534 I chatty  : uid=1000 system_server identical 3 lines
06-15 23:31:25.992   534   534 I AmzHdmiServiceCallback: power status is 3
06-15 23:31:26.918   370   370 I perfmonitord:StatUtil: CPUUtilization is at 0%
06-15 23:31:26.919   370   370 I perfmonitord:StatUtil: MemoryUtilization is at 68%
06-15 23:31:33.152   534   534 I AmzHdmiServiceCallback: power status is 3
06-15 23:31:40.312   534   534 I chatty  : uid=1000 system_server identical 1 line
06-15 23:31:47.473   534   534 I AmzHdmiServiceCallback: power status is 3
06-15 23:31:51.504   392   463 E storaged: getDiskStats failed with result NOT_SUPPORTED and size 0
06-15 23:31:54.652   534   534 I AmzHdmiServiceCallback: power status is 3
06-15 23:32:37.633   534   534 I chatty  : uid=1000 system_server identical 6 lines
06-15 23:32:44.792   534   534 I AmzHdmiServiceCallback: power status is 3
06-15 23:32:51.504   392   463 E storaged: getDiskStats failed with result NOT_SUPPORTED and size 0
06-15 23:32:51.953   534   534 I AmzHdmiServiceCallback: power status is 3
06-15 23:33:42.113   534   534 I chatty  : uid=1000 system_server identical 7 lines
06-15 23:33:49.273   534   534 I AmzHdmiServiceCallback: power status is 3
06-15 23:33:51.505   392   463 E storaged: getDiskStats failed with result NOT_SUPPORTED and size 0
06-15 23:33:56.452   534   534 I AmzHdmiServiceCallback: power status is 3
06-15 23:34:39.432   534   534 I chatty  : uid=1000 system_server identical 6 lines
06-15 23:34:46.592   534   534 I AmzHdmiServiceCallback: power status is 3
06-15 23:34:51.506   392   463 E storaged: getDiskStats failed with result NOT_SUPPORTED and size 0
06-15 23:34:53.753   534   534 I AmzHdmiServiceCallback: power status is 3
06-15 23:35:43.913   534   534 I chatty  : uid=1000 system_server identical 7 lines
06-15 23:35:51.072   534   534 I AmzHdmiServiceCallback: power status is 3
06-15 23:35:51.506   392   463 E storaged: getDiskStats failed with result NOT_SUPPORTED and size 0
06-15 23:35:58.253   534   534 I AmzHdmiServiceCallback: power status is 3
06-15 23:36:41.232   534   534 I chatty  : uid=1000 system_server identical 6 lines
06-15 23:36:48.393   534   534 I AmzHdmiServiceCallback: power status is 3
06-15 23:36:51.507   392   463 E storaged: getDiskStats failed with result NOT_SUPPORTED and size 0
06-15 23:36:55.572   534   534 I AmzHdmiServiceCallback: power status is 3
06-15 23:37:38.552   534   534 I chatty  : uid=1000 system_server identical 6 lines
06-15 23:37:45.712   534   534 I AmzHdmiServiceCallback: power status is 3
06-15 23:37:51.507   392   463 E storaged: getDiskStats failed with result NOT_SUPPORTED and size 0
06-15 23:37:52.873   534   534 I AmzHdmiServiceCallback: power status is 3
06-15 23:38:43.033   534   534 I chatty  : uid=1000 system_server identical 7 lines
06-15 23:38:50.193   534   534 I AmzHdmiServiceCallback: power status is 3
06-15 23:38:51.508   392   463 E storaged: getDiskStats failed with result NOT_SUPPORTED and size 0
06-15 23:38:57.352   534   534 I AmzHdmiServiceCallback: power status is 3
06-15 23:39:40.352   534   534 I chatty  : uid=1000 system_server identical 6 lines
06-15 23:39:47.513   534   534 I AmzHdmiServiceCallback: power status is 3
06-15 23:39:51.509   392   463 E storaged: getDiskStats failed with result NOT_SUPPORTED and size 0
06-15 23:39:54.672   534   534 I AmzHdmiServiceCallback: power status is 3
06-15 23:40:37.662   534   534 I chatty  : uid=1000 system_server identical 6 lines
06-15 23:40:44.843   534   534 I AmzHdmiServiceCallback: power status is 3
06-15 23:40:51.509   392   463 E storaged: getDiskStats failed with result NOT_SUPPORTED and size 0
06-15 23:40:52.002   534   534 I AmzHdmiServiceCallback: power status is 3
06-15 23:41:20.662   534   534 I chatty  : uid=1000 system_server identical 4 lines
06-15 23:41:27.822   534   534 I AmzHdmiServiceCallback: power status is 3
06-15 23:41:28.250   370   370 I perfmonitord:StatUtil: CPUUtilization is at 1%
06-15 23:41:28.250   370   370 I perfmonitord:StatUtil: MemoryUtilization is at 69%
06-15 23:41:34.983   534   534 I AmzHdmiServiceCallback: power status is 3
06-15 23:41:42.164   534   534 I chatty  : uid=1000 system_server identical 1 line
06-15 23:41:49.323   534   534 I AmzHdmiServiceCallback: power status is 3
06-15 23:41:51.510   392   463 E storaged: getDiskStats failed with result NOT_SUPPORTED and size 0
06-15 23:41:56.482   534   534 I AmzHdmiServiceCallback: power status is 3
06-15 23:42:39.462   534   534 I chatty  : uid=1000 system_server identical 6 lines
06-15 23:42:46.642   534   534 I AmzHdmiServiceCallback: power status is 3
06-15 23:42:51.511   392   463 E storaged: getDiskStats failed with result NOT_SUPPORTED and size 0
06-15 23:42:53.802   534   534 I AmzHdmiServiceCallback: power status is 3
06-15 23:43:43.962   534   534 I chatty  : uid=1000 system_server identical 7 lines
06-15 23:43:51.123   534   534 I AmzHdmiServiceCallback: power status is 3
06-15 23:43:51.511   392   463 E storaged: getDiskStats failed with result NOT_SUPPORTED and size 0
06-15 23:43:58.282   534   534 I AmzHdmiServiceCallback: power status is 3
06-15 23:44:12.623   534   534 I chatty  : uid=1000 system_server identical 2 lines
06-15 23:44:19.782   534   534 I AmzHdmiServiceCallback: power status is 3
06-15 23:44:23.031   534   555 E BatteryExternalStatsWorker: no controller energy info supplied for wifi
06-15 23:44:23.035   534   555 E BatteryExternalStatsWorker: no controller energy info supplied for telephony
06-15 23:44:26.943   534   534 I AmzHdmiServiceCallback: power status is 3
06-15 23:44:41.283   534   534 I chatty  : uid=1000 system_server identical 2 lines
06-15 23:44:48.442   534   534 I AmzHdmiServiceCallback: power status is 3
06-15 23:44:51.512   392   463 E storaged: getDiskStats failed with result NOT_SUPPORTED and size 0
06-15 23:44:55.603   534   534 I AmzHdmiServiceCallback: power status is 3
06-15 23:45:38.583   534   534 I chatty  : uid=1000 system_server identical 6 lines
06-15 23:45:45.763   534   534 I AmzHdmiServiceCallback: power status is 3
06-15 23:45:51.513   392   463 E storaged: getDiskStats failed with result NOT_SUPPORTED and size 0
06-15 23:45:52.923   534   534 I AmzHdmiServiceCallback: power status is 3
06-15 23:45:55.716   534   534 I ActivityManager: Killing 13044:com.amazon.device.crashmanager/u0a15 (adj 903): empty for 1803s
06-15 23:45:55.743   534  2083 W AmzDisplayModeConverter: Display.Mode cannot be mapped to auto, please use getHighestPriorityMode to get a valid id
06-15 23:45:56.853   534   553 I ActivityManager: Start proc 14124:com.amazon.aca/u0a65 for service com.amazon.aca/.avt.sync.ConfigSyncJobService
06-15 23:46:00.083   534   534 I AmzHdmiServiceCallback: power status is 3
06-15 23:46:14.423   534   534 I chatty  : uid=1000 system_server identical 2 lines
06-15 23:46:21.582   534   534 I AmzHdmiServiceCallback: power status is 3
06-15 23:46:27.747   534   534 I ActivityManager: Killing 13094:com.android.providers.downloads/u0a32 (adj 903): empty for 1825s
06-15 23:46:27.774   534  2484 W AmzDisplayModeConverter: Display.Mode cannot be mapped to auto, please use getHighestPriorityMode to get a valid id
06-15 23:46:28.743   534   534 I AmzHdmiServiceCallback: power status is 3
06-15 23:46:43.063   534   534 I chatty  : uid=1000 system_server identical 2 lines
06-15 23:46:50.244   534   534 I AmzHdmiServiceCallback: power status is 3
06-15 23:46:51.514   392   463 E storaged: getDiskStats failed with result NOT_SUPPORTED and size 0
06-15 23:46:57.402   534   534 I AmzHdmiServiceCallback: power status is 3
06-15 23:47:40.382   534   534 I chatty  : uid=1000 system_server identical 6 lines
06-15 23:47:47.563   534   534 I AmzHdmiServiceCallback: power status is 3
06-15 23:47:51.514   392   463 E storaged: getDiskStats failed with result NOT_SUPPORTED and size 0
06-15 23:47:54.723   534   534 I AmzHdmiServiceCallback: power status is 3
06-15 23:48:30.533   534   534 I chatty  : uid=1000 system_server identical 5 lines
06-15 23:48:37.712   534   534 I AmzHdmiServiceCallback: power status is 3
06-15 23:48:42.046   534   551 I ActivityManager: Killing 13201:com.amazon.logan/u0a43 (adj 903): empty for 1922s
06-15 23:48:42.047   534   551 I ActivityManager: Killing 10175:com.amazon.tv.livetv/u0a152 (adj 903): empty for 1927s
06-15 23:48:42.047   534   551 I ActivityManager: Killing 10307:com.amazon.providers.tv/u0a122 (adj 903): empty for 1927s
06-15 23:48:42.048   534   551 I ActivityManager: Killing 13149:com.android.providers.tv/u0a55 (adj 903): empty for 1927s
06-15 23:48:42.096   534  2486 W AmzDisplayModeConverter: Display.Mode cannot be mapped to auto, please use getHighestPriorityMode to get a valid id
06-15 23:48:42.102   534  2261 W AmzDisplayModeConverter: Display.Mode cannot be mapped to auto, please use getHighestPriorityMode to get a valid id
06-15 23:48:42.107   534   908 W AmzDisplayModeConverter: Display.Mode cannot be mapped to auto, please use getHighestPriorityMode to get a valid id
06-15 23:48:42.113   534  1618 W AmzDisplayModeConverter: Display.Mode cannot be mapped to auto, please use getHighestPriorityMode to get a valid id
06-15 23:48:42.120   534  2502 I ActivityManager: Killing 13178:com.amazon.ods.kindleconnect/u0a116 (adj 903): empty for 1922s
06-15 23:48:42.140   534  2478 W AmzDisplayModeConverter: Display.Mode cannot be mapped to auto, please use getHighestPriorityMode to get a valid id
06-15 23:48:44.873   534   534 I AmzHdmiServiceCallback: power status is 3
06-15 23:48:51.515   392   463 E storaged: getDiskStats failed with result NOT_SUPPORTED and size 0
06-15 23:48:52.032   534   534 I AmzHdmiServiceCallback: power status is 3
06-15 23:49:42.183   534   534 I chatty  : uid=1000 system_server identical 7 lines
06-15 23:49:49.363   534   534 I AmzHdmiServiceCallback: power status is 3
06-15 23:49:51.516   392   463 E storaged: getDiskStats failed with result NOT_SUPPORTED and size 0
06-15 23:49:56.522   534   534 I AmzHdmiServiceCallback: power status is 3
06-15 23:50:39.502   534   534 I chatty  : uid=1000 system_server identical 6 lines
06-15 23:50:46.682   534   534 I AmzHdmiServiceCallback: power status is 3
06-15 23:50:51.516   392   463 E storaged: getDiskStats failed with result NOT_SUPPORTED and size 0
06-15 23:50:53.843   534   534 I AmzHdmiServiceCallback: power status is 3
06-15 23:51:15.342   534   534 I chatty  : uid=1000 system_server identical 3 lines
06-15 23:51:22.503   534   534 I AmzHdmiServiceCallback: power status is 3
06-15 23:51:29.568   370   370 I perfmonitord:StatUtil: CPUUtilization is at 0%
06-15 23:51:29.569   370   370 I perfmonitord:StatUtil: MemoryUtilization is at 66%
06-15 23:51:29.662   534   534 I AmzHdmiServiceCallback: power status is 3
06-15 23:51:44.003   534   534 I chatty  : uid=1000 system_server identical 2 lines
06-15 23:51:51.163   534   534 I AmzHdmiServiceCallback: power status is 3
06-15 23:51:51.517   392   463 E storaged: getDiskStats failed with result NOT_SUPPORTED and size 0
06-15 23:51:58.322   534   534 I AmzHdmiServiceCallback: power status is 3
06-15 23:52:41.312   534   534 I chatty  : uid=1000 system_server identical 6 lines
06-15 23:52:48.472   534   534 I AmzHdmiServiceCallback: power status is 3
06-15 23:52:51.518   392   463 E storaged: getDiskStats failed with result NOT_SUPPORTED and size 0
06-15 23:52:55.652   534   534 I AmzHdmiServiceCallback: power status is 3
06-15 23:53:38.623   534   534 I chatty  : uid=1000 system_server identical 6 lines
06-15 23:53:45.803   534   534 I AmzHdmiServiceCallback: power status is 3
06-15 23:53:51.518   392   463 E storaged: getDiskStats failed with result NOT_SUPPORTED and size 0
06-15 23:53:52.963   534   534 I AmzHdmiServiceCallback: power status is 3
06-15 23:54:43.123   534   534 I chatty  : uid=1000 system_server identical 7 lines
06-15 23:54:50.282   534   534 I AmzHdmiServiceCallback: power status is 3
06-15 23:54:51.519   392   463 E storaged: getDiskStats failed with result NOT_SUPPORTED and size 0
06-15 23:54:57.443   534   534 I AmzHdmiServiceCallback: power status is 3
06-15 23:55:40.443   534   534 I chatty  : uid=1000 system_server identical 6 lines
06-15 23:55:47.603   534   534 I AmzHdmiServiceCallback: power status is 3
06-15 23:55:51.520   392   463 E storaged: getDiskStats failed with result NOT_SUPPORTED and size 0
06-15 23:55:54.762   534   534 I AmzHdmiServiceCallback: power status is 3
06-15 23:56:37.742   534   534 I chatty  : uid=1000 system_server identical 6 lines
06-15 23:56:44.922   534   534 I AmzHdmiServiceCallback: power status is 3
06-15 23:56:51.520   392   463 E storaged: getDiskStats failed with result NOT_SUPPORTED and size 0
06-15 23:56:52.082   534   534 I AmzHdmiServiceCallback: power status is 3
06-15 23:57:42.242   534   534 I chatty  : uid=1000 system_server identical 7 lines
06-15 23:57:49.402   534   534 I AmzHdmiServiceCallback: power status is 3
06-15 23:57:51.521   392   463 E storaged: getDiskStats failed with result NOT_SUPPORTED and size 0
06-15 23:57:56.562   534   534 I AmzHdmiServiceCallback: power status is 3
06-15 23:58:39.552   534   534 I chatty  : uid=1000 system_server identical 6 lines
06-15 23:58:46.713   534   534 I AmzHdmiServiceCallback: power status is 3
06-15 23:58:51.522   392   463 E storaged: getDiskStats failed with result NOT_SUPPORTED and size 0
06-15 23:58:53.892   534   534 I AmzHdmiServiceCallback: power status is 3
06-15 23:59:44.032   534   534 I chatty  : uid=1000 system_server identical 7 lines
06-15 23:59:51.193   534   534 I AmzHdmiServiceCallback: power status is 3
06-15 23:59:51.522   392   463 E storaged: getDiskStats failed with result NOT_SUPPORTED and size 0
06-15 23:59:58.362   534   534 I AmzHdmiServiceCallback: power status is 3
06-16 00:00:41.362   534   534 I chatty  : uid=1000 system_server identical 6 lines
06-16 00:00:48.522   534   534 I AmzHdmiServiceCallback: power status is 3
06-16 00:00:49.542   534  2478 W BroadcastQueue: Background execution not allowed: receiving Intent { act=android.intent.action.DATE_CHANGED flg=0x20200010 } to com.amazon.bueller.photos/com.amazon.gallery.thor.thisday.SystemTimeChangedReceiver
06-16 00:00:51.523   392   463 E storaged: getDiskStats failed with result NOT_SUPPORTED and size 0
06-16 00:00:55.682   534   534 I AmzHdmiServiceCallback: power status is 3
06-16 00:01:17.182   534   534 I chatty  : uid=1000 system_server identical 3 lines
06-16 00:01:24.342   534   534 I AmzHdmiServiceCallback: power status is 3
06-16 00:01:30.891   370   370 I perfmonitord:StatUtil: CPUUtilization is at 1%
06-16 00:01:30.892   370   370 I perfmonitord:StatUtil: MemoryUtilization is at 67%
06-16 00:01:31.503   534   534 I AmzHdmiServiceCallback: power status is 3
06-16 00:01:38.663   534   534 I chatty  : uid=1000 system_server identical 1 line
06-16 00:01:45.842   534   534 I AmzHdmiServiceCallback: power status is 3
06-16 00:01:51.524   392   463 E storaged: getDiskStats failed with result NOT_SUPPORTED and size 0
06-16 00:01:53.002   534   534 I AmzHdmiServiceCallback: power status is 3
06-16 00:02:35.983   534   534 I chatty  : uid=1000 system_server identical 6 lines
06-16 00:02:43.163   534   534 I AmzHdmiServiceCallback: power status is 3
06-16 00:02:46.868   534   553 I ActivityManager: Start proc 14609:com.amazon.tv.livetv/u0a152 for service com.amazon.tv.livetv/.cardmanagement.ProgramLineupJobService
06-16 00:02:47.708   534  2478 I AmazonProfileService: Registering callback
06-16 00:02:47.738   534   553 I ActivityManager: Start proc 14649:com.amazon.prism.android.service:remote/u0a119 for service com.amazon.prism.android.service/.PrismService
06-16 00:02:47.824   534   553 I ActivityManager: Start proc 14674:com.android.providers.tv/u0a55 for content provider com.android.providers.tv/.TvProvider
06-16 00:02:49.835   534  2481 I ActivityManager: Killing 13291:com.amazon.device.logmanager/1000 (adj 903): empty for 2729s
06-16 00:02:49.836   534  2481 I ActivityManager: Killing 13247:com.amazon.prism.android.service/u0a119 (adj 903): empty for 2736s
06-16 00:02:49.870   534  2502 W AmzDisplayModeConverter: Display.Mode cannot be mapped to auto, please use getHighestPriorityMode to get a valid id
06-16 00:02:49.878   534   544 W AmzDisplayModeConverter: Display.Mode cannot be mapped to auto, please use getHighestPriorityMode to get a valid id
06-16 00:02:49.973   534   553 I ActivityManager: Start proc 14748:com.amazon.providers.tv/u0a122 for content provider com.amazon.providers.tv/.FireTvProvider
06-16 00:02:50.323   534   534 I AmzHdmiServiceCallback: power status is 3
06-16 00:02:51.525   392   463 E storaged: getDiskStats failed with result NOT_SUPPORTED and size 0
06-16 00:02:57.483   534   534 I AmzHdmiServiceCallback: power status is 3
06-16 00:03:04.643   534   534 I chatty  : uid=1000 system_server identical 1 line
06-16 00:03:11.803   534   534 I AmzHdmiServiceCallback: power status is 3
06-16 00:03:18.431   534   544 I ActivityManager: Killing 13359:com.amazon.sync.service/u0a171 (adj 903): empty for 2670s
06-16 00:03:18.441   534   544 I ActivityManager: Killing 11498:com.amazon.device.software.ota/u0a24 (adj 903): empty for 2512s
06-16 00:03:18.459   534  2491 W AmzDisplayModeConverter: Display.Mode cannot be mapped to auto, please use getHighestPriorityMode to get a valid id
06-16 00:03:18.469   534  2491 W AmzDisplayModeConverter: Display.Mode cannot be mapped to auto, please use getHighestPriorityMode to get a valid id
06-16 00:03:18.982   534   534 I AmzHdmiServiceCallback: power status is 3
06-16 00:03:40.462   534   534 I chatty  : uid=1000 system_server identical 3 lines
06-16 00:03:47.643   534   534 I AmzHdmiServiceCallback: power status is 3
06-16 00:03:51.525   392   463 E storaged: getDiskStats failed with result NOT_SUPPORTED and size 0
06-16 00:03:54.809   534   534 I AmzHdmiServiceCallback: power status is 3
06-16 00:04:37.782   534   534 I chatty  : uid=1000 system_server identical 6 lines
06-16 00:04:44.963   534   534 I AmzHdmiServiceCallback: power status is 3
06-16 00:04:51.526   392   463 E storaged: getDiskStats failed with result NOT_SUPPORTED and size 0
06-16 00:04:52.122   534   534 I AmzHdmiServiceCallback: power status is 3
06-16 00:05:42.262   534   534 I chatty  : uid=1000 system_server identical 7 lines
06-16 00:05:49.443   534   534 I AmzHdmiServiceCallback: power status is 3
06-16 00:05:49.667   534   624 W ActivityManager: Background start not allowed: service Intent { act=com.android.providers.tv.intent.CLEAN_UP_EPG_DATA flg=0x4 cmp=com.android.providers.tv/.EpgDataCleanupService (has extras) } to com.android.providers.tv/.EpgDataCleanupService from pid=-1 uid=10055 pkg=com.android.providers.tv startFg?=false
06-16 00:05:51.527   392   463 E storaged: getDiskStats failed with result NOT_SUPPORTED and size 0
06-16 00:05:56.603   534   534 I AmzHdmiServiceCallback: power status is 3
06-16 00:06:39.582   534   534 I chatty  : uid=1000 system_server identical 6 lines
06-16 00:06:46.762   534   534 I AmzHdmiServiceCallback: power status is 3
06-16 00:06:51.527   392   463 E storaged: getDiskStats failed with result NOT_SUPPORTED and size 0
06-16 00:06:53.922   534   534 I AmzHdmiServiceCallback: power status is 3
06-16 00:07:44.072   534   534 I chatty  : uid=1000 system_server identical 7 lines
06-16 00:07:51.233   534   534 I AmzHdmiServiceCallback: power status is 3
06-16 00:07:51.528   392   463 E storaged: getDiskStats failed with result NOT_SUPPORTED and size 0
06-16 00:07:58.413   534   534 I AmzHdmiServiceCallback: power status is 3
06-16 00:08:41.392   534   534 I chatty  : uid=1000 system_server identical 6 lines
06-16 00:08:48.553   534   534 I AmzHdmiServiceCallback: power status is 3
06-16 00:08:51.529   392   463 E storaged: getDiskStats failed with result NOT_SUPPORTED and size 0
06-16 00:08:55.712   534   534 I AmzHdmiServiceCallback: power status is 3
06-16 00:09:38.702   534   534 I chatty  : uid=1000 system_server identical 6 lines
06-16 00:09:45.882   534   534 I AmzHdmiServiceCallback: power status is 3
06-16 00:09:51.530   392   463 E storaged: getDiskStats failed with result NOT_SUPPORTED and size 0
06-16 00:09:53.043   534   534 I AmzHdmiServiceCallback: power status is 3
06-16 00:10:43.184   534   534 I chatty  : uid=1000 system_server identical 7 lines
06-16 00:10:50.362   534   534 I AmzHdmiServiceCallback: power status is 3
06-16 00:10:51.530   392   463 E storaged: getDiskStats failed with result NOT_SUPPORTED and size 0
06-16 00:10:57.523   534   534 I AmzHdmiServiceCallback: power status is 3
06-16 00:11:19.012   534   534 I chatty  : uid=1000 system_server identical 3 lines
06-16 00:11:26.172   534   534 I AmzHdmiServiceCallback: power status is 3
06-16 00:11:32.215   370   370 I perfmonitord:StatUtil: CPUUtilization is at 0%
06-16 00:11:32.216   370   370 I perfmonitord:StatUtil: MemoryUtilization is at 67%
06-16 00:11:33.352   534   534 I AmzHdmiServiceCallback: power status is 3
06-16 00:11:40.513   534   534 I chatty  : uid=1000 system_server identical 1 line
06-16 00:11:47.673   534   534 I AmzHdmiServiceCallback: power status is 3
06-16 00:11:51.531   392   463 E storaged: getDiskStats failed with result NOT_SUPPORTED and size 0
06-16 00:11:54.842   534   534 I AmzHdmiServiceCallback: power status is 3
06-16 00:12:37.822   534   534 I chatty  : uid=1000 system_server identical 6 lines
06-16 00:12:44.982   534   534 I AmzHdmiServiceCallback: power status is 3
06-16 00:12:51.532   392   463 E storaged: getDiskStats failed with result NOT_SUPPORTED and size 0
06-16 00:12:52.162   534   534 I AmzHdmiServiceCallback: power status is 3
06-16 00:13:42.312   534   534 I chatty  : uid=1000 system_server identical 7 lines
06-16 00:13:49.473   534   534 I AmzHdmiServiceCallback: power status is 3
06-16 00:13:51.532   392   463 E storaged: getDiskStats failed with result NOT_SUPPORTED and size 0
06-16 00:13:56.633   534   534 I AmzHdmiServiceCallback: power status is 3
06-16 00:14:10.972   534   534 I chatty  : uid=1000 system_server identical 2 lines
06-16 00:14:18.132   534   534 I AmzHdmiServiceCallback: power status is 3
06-16 00:14:23.034   534   555 E BatteryExternalStatsWorker: no controller energy info supplied for wifi
06-16 00:14:23.039   534   555 E BatteryExternalStatsWorker: no controller energy info supplied for telephony
06-16 00:14:25.293   534   534 I AmzHdmiServiceCallback: power status is 3
06-16 00:14:39.632   534   534 I chatty  : uid=1000 system_server identical 2 lines
06-16 00:14:46.782   534   534 I AmzHdmiServiceCallback: power status is 3
06-16 00:14:51.533   392   463 E storaged: getDiskStats failed with result NOT_SUPPORTED and size 0
06-16 00:14:53.962   534   534 I AmzHdmiServiceCallback: power status is 3
06-16 00:15:44.103   534   534 I chatty  : uid=1000 system_server identical 7 lines
06-16 00:15:51.264   534   534 I AmzHdmiServiceCallback: power status is 3
06-16 00:15:51.663   392   463 E storaged: getDiskStats failed with result NOT_SUPPORTED and size 0
06-16 00:15:58.444   534   534 I AmzHdmiServiceCallback: power status is 3
06-16 00:16:02.433   534   553 I ActivityManager: Start proc 15124:com.android.providers.downloads/u0a32 for service com.android.providers.downloads/.DownloadMonitorService
06-16 00:16:02.572   534  2478 I ActivityManager: Killing 14124:com.amazon.aca/u0a65 (adj 903): empty for 1803s
06-16 00:16:02.602   534  2489 W AmzDisplayModeConverter: Display.Mode cannot be mapped to auto, please use getHighestPriorityMode to get a valid id
06-16 00:16:05.593   534   534 I AmzHdmiServiceCallback: power status is 3
06-16 00:16:41.433   534   534 I chatty  : uid=1000 system_server identical 5 lines
06-16 00:16:48.592   534   534 I AmzHdmiServiceCallback: power status is 3
06-16 00:16:51.664   392   463 E storaged: getDiskStats failed with result NOT_SUPPORTED and size 0
06-16 00:16:55.752   534   534 I AmzHdmiServiceCallback: power status is 3
06-16 00:17:02.912   534   534 I chatty  : uid=1000 system_server identical 1 line
06-16 00:17:10.092   534   534 I AmzHdmiServiceCallback: power status is 3
06-16 00:17:11.935   534   949 I RuntimePersistent: Set process com.amazon.device.software.ota to non persistent, maxAdj=1001
06-16 00:17:11.945   534   553 I ActivityManager: Start proc 15171:com.amazon.device.software.ota/u0a24 for service com.amazon.device.software.ota/.OTAJobService
06-16 00:17:17.253   534   534 I AmzHdmiServiceCallback: power status is 3
06-16 00:17:38.752   534   534 I chatty  : uid=1000 system_server identical 3 lines
06-16 00:17:45.903   534   534 I AmzHdmiServiceCallback: power status is 3
06-16 00:17:51.665   392   463 E storaged: getDiskStats failed with result NOT_SUPPORTED and size 0
06-16 00:17:53.083   534   534 I AmzHdmiServiceCallback: power status is 3
06-16 00:18:43.222   534   534 I chatty  : uid=1000 system_server identical 7 lines
06-16 00:18:50.382   534   534 I AmzHdmiServiceCallback: power status is 3
06-16 00:18:51.665   392   463 E storaged: getDiskStats failed with result NOT_SUPPORTED and size 0
06-16 00:18:57.563   534   534 I AmzHdmiServiceCallback: power status is 3
06-16 00:19:40.542   534   534 I chatty  : uid=1000 system_server identical 6 lines
06-16 00:19:47.703   534   534 I AmzHdmiServiceCallback: power status is 3
06-16 00:19:51.666   392   463 E storaged: getDiskStats failed with result NOT_SUPPORTED and size 0
06-16 00:19:54.882   534   534 I AmzHdmiServiceCallback: power status is 3
06-16 00:20:37.863   534   534 I chatty  : uid=1000 system_server identical 6 lines
06-16 00:20:45.023   534   534 I AmzHdmiServiceCallback: power status is 3
06-16 00:20:51.667   392   463 E storaged: getDiskStats failed with result NOT_SUPPORTED and size 0
06-16 00:20:52.202   534   534 I AmzHdmiServiceCallback: power status is 3
06-16 00:21:20.853   534   534 I chatty  : uid=1000 system_server identical 4 lines
06-16 00:21:28.012   534   534 I AmzHdmiServiceCallback: power status is 3
06-16 00:21:33.591   370   370 I perfmonitord: Current status: 
06-16 00:21:33.591   370   370 I perfmonitord: Benefits string: 
06-16 00:21:33.591   370   370 E perfmonitord:StatUtil: Error of parsing benefits string
06-16 00:21:33.593   370   370 I perfmonitord:ProcessCpuMonitor: 
06-16 00:21:33.593   370   370 I perfmonitord:ProcessCpuMonitor: Process Name         PID   : CPU % 
06-16 00:21:33.593   370   370 I perfmonitord:ProcessCpuMonitor: 
06-16 00:21:33.593   370   370 I perfmonitord:ProcessCpuMonitor: ksmd                 26    : 1.93% 
06-16 00:21:33.593   370   370 I perfmonitord:ProcessCpuMonitor: system_server        534   : 0.54% 
06-16 00:21:33.593   370   370 I perfmonitord:ProcessCpuMonitor: .amazon.vizzini      1937  : 0.27% 
06-16 00:21:33.593   370   370 I perfmonitord:ProcessCpuMonitor: audio@2.0-servi      327   : 0.26% 
06-16 00:21:33.593   370   370 I perfmonitord:ProcessCpuMonitor: disp_osd2_irq_k      146   : 0.17% 
06-16 00:21:33.593   370   370 I perfmonitord:ProcessCpuMonitor: hdmi_timer_kthr      102   : 0.17% 
06-16 00:21:33.593   370   370 I perfmonitord:ProcessCpuMonitor: com.amazon.whad      1978  : 0.15% 
06-16 00:21:33.594   370   370 I perfmonitord:ProcessCpuMonitor: .bueller.photos      3363  : 0.13% 
06-16 00:21:33.594   370   370 I perfmonitord:ProcessCpuMonitor: perfmonitord         370   : 0.13% 
06-16 00:21:33.594   370   370 I perfmonitord:ProcessCpuMonitor: hif_thread           256   : 0.12% 
06-16 00:21:33.594   370   370 I perfmonitord:ProcessCpuMonitor: disp_osd1_irq_k      145   : 0.11% 
06-16 00:21:33.594   370   370 I perfmonitord:StatUtil: CPUUtilization is at 2%
06-16 00:21:33.594   370   370 I perfmonitord:StatUtil: MemoryUtilization is at 67%
06-16 00:21:34.605   370   370 I perfmonitord: Current status: 
06-16 00:21:34.605   370   370 I perfmonitord: Benefits string: 
06-16 00:21:34.605   370   370 E perfmonitord:StatUtil: Error of parsing benefits string
06-16 00:21:34.607   370   370 I perfmonitord:ProcessMemMonitor: mediaserver          389   : 2134 
06-16 00:21:34.607   370   370 I perfmonitord:ProcessMemMonitor: mediametrics         388   : 1592 
06-16 00:21:35.173   534   534 I AmzHdmiServiceCallback: power status is 3
06-16 00:21:35.611   370   370 E perfmonitord:StatUtil: file open error is - Permission denied
06-16 00:21:35.611   370   370 I chatty  : uid=0(root) /system/bin/perfmonitord identical 5 lines
06-16 00:21:35.611   370   370 E perfmonitord:StatUtil: file open error is - Permission denied
06-16 00:21:35.612   370   370 I perfmonitord: Current status: 
06-16 00:21:35.612   370   370 I perfmonitord: Benefits string: 
06-16 00:21:35.612   370   370 E perfmonitord:StatUtil: Error of parsing benefits string
06-16 00:21:35.614   370   370 I perfmonitord:SystemMemMonitor: mem_total = 922272 Kb
06-16 00:21:35.614   370   370 I perfmonitord:SystemMemMonitor: mem_free = 73896 Kb
06-16 00:21:35.614   370   370 I perfmonitord:SystemMemMonitor: mem_available = 306320 Kb
06-16 00:21:35.614   370   370 I perfmonitord:SystemMemMonitor: mem_buffers = 10284 Kb
06-16 00:21:35.614   370   370 I perfmonitord:SystemMemMonitor: mem_cached = 349096 Kb
06-16 00:21:35.614   370   370 I perfmonitord:SystemMemMonitor: mem_active_anon = 87888 Kb
06-16 00:21:35.614   370   370 I perfmonitord:SystemMemMonitor: mem_inactive_anon = 109536 Kb
06-16 00:21:35.614   370   370 I perfmonitord:SystemMemMonitor: mem_active_file = 188372 Kb
06-16 00:21:35.614   370   370 I perfmonitord:SystemMemMonitor: mem_inactive_file = 103676 Kb
06-16 00:21:35.614   370   370 I perfmonitord:SystemMemMonitor: mem_swap_total = 393212 Kb
06-16 00:21:35.614   370   370 I perfmonitord:SystemMemMonitor: mem_swap_free = 215804 Kb
06-16 00:21:35.614   370   370 I perfmonitord:SystemMemMonitor: mem_swap_uncompressed = 177408 Kb
06-16 00:21:35.614   370   370 I perfmonitord:SystemMemMonitor: zram_mem_used_kb = 65900 Kb
