06-15 21:08:51.001   392   463 E storaged: getDiskStats failed with result NOT_SUPPORTED and size 0
06-15 21:08:51.272   534   534 I AmzHdmiServiceCallback: power status is 3
06-15 21:09:41.432   534   534 I chatty  : uid=1000 system_server identical 7 lines
06-15 21:09:48.593   534   534 I AmzHdmiServiceCallback: power status is 3
06-15 21:09:51.001   392   463 E storaged: getDiskStats failed with result NOT_SUPPORTED and size 0
06-15 21:09:55.752   534   534 I AmzHdmiServiceCallback: power status is 3
06-15 21:10:38.742   534   534 I chatty  : uid=1000 system_server identical 6 lines
06-15 21:10:45.903   534   534 I AmzHdmiServiceCallback: power status is 3
06-15 21:10:51.002   392   463 E storaged: getDiskStats failed with result NOT_SUPPORTED and size 0
06-15 21:10:53.062   534   534 I AmzHdmiServiceCallback: power status is 3
06-15 21:11:00.242   534   534 I chatty  : uid=1000 system_server identical 1 line
06-15 21:11:07.403   534   534 I AmzHdmiServiceCallback: power status is 3
06-15 21:11:07.973   370   370 I perfmonitord:StatUtil: CPUUtilization is at 0%
06-15 21:11:07.973   370   370 I perfmonitord:StatUtil: MemoryUtilization is at 67%
06-15 21:11:14.562   534   534 I AmzHdmiServiceCallback: power status is 3
06-15 21:11:43.222   534   534 I chatty  : uid=1000 system_server identical 4 lines
06-15 21:11:50.383   534   534 I AmzHdmiServiceCallback: power status is 3
06-15 21:11:51.003   392   463 E storaged: getDiskStats failed with result NOT_SUPPORTED and size 0
06-15 21:11:57.562   534   534 I AmzHdmiServiceCallback: power status is 3
06-15 21:12:40.542   534   534 I chatty  : uid=1000 system_server identical 6 lines
06-15 21:12:47.703   534   534 I AmzHdmiServiceCallback: power status is 3
06-15 21:12:51.003   392   463 E storaged: getDiskStats failed with result NOT_SUPPORTED and size 0
06-15 21:12:54.862   534   534 I AmzHdmiServiceCallback: power status is 3
06-15 21:13:37.863   534   534 I chatty  : uid=1000 system_server identical 6 lines
06-15 21:13:45.023   534   534 I AmzHdmiServiceCallback: power status is 3
06-15 21:13:51.004   392   463 E storaged: getDiskStats failed with result NOT_SUPPORTED and size 0
06-15 21:13:52.183   534   534 I AmzHdmiServiceCallback: power status is 3
06-15 21:14:13.682   534   534 I chatty  : uid=1000 system_server identical 3 lines
06-15 21:14:20.853   534   534 I AmzHdmiServiceCallback: power status is 3
06-15 21:14:22.974   534   555 E BatteryExternalStatsWorker: no controller energy info supplied for wifi
06-15 21:14:22.982   534   555 E BatteryExternalStatsWorker: no controller energy info supplied for telephony
06-15 21:14:28.013   534   534 I AmzHdmiServiceCallback: power status is 3
06-15 21:14:42.343   534   534 I chatty  : uid=1000 system_server identical 2 lines
06-15 21:14:49.503   534   534 I AmzHdmiServiceCallback: power status is 3
06-15 21:14:51.005   392   463 E storaged: getDiskStats failed with result NOT_SUPPORTED and size 0
06-15 21:14:56.672   534   534 I AmzHdmiServiceCallback: power status is 3
06-15 21:15:39.653   534   534 I chatty  : uid=1000 system_server identical 6 lines
06-15 21:15:46.833   534   534 I AmzHdmiServiceCallback: power status is 3
06-15 21:15:51.143   392   463 E storaged: getDiskStats failed with result NOT_SUPPORTED and size 0
06-15 21:15:52.304   534   553 I ActivityManager: Start proc 9446:com.amazon.device.crashmanager/u0a15 for service com.amazon.device.crashmanager/.CrashJobService
06-15 21:15:52.584   534   949 I RuntimePersistent: Set process com.amazon.device.software.ota to non persistent, maxAdj=1001
06-15 21:15:52.587   534   553 I ActivityManager: Start proc 9481:com.amazon.device.software.ota/u0a24 for service com.amazon.device.software.ota/.OtaService
06-15 21:15:52.911   534  2480 E CrashReporterServiceReader: Read file is empty
06-15 21:15:53.993   534   534 I AmzHdmiServiceCallback: power status is 3
06-15 21:16:36.983   534   534 I chatty  : uid=1000 system_server identical 6 lines
06-15 21:16:44.143   534   534 I AmzHdmiServiceCallback: power status is 3
06-15 21:16:51.144   392   463 E storaged: getDiskStats failed with result NOT_SUPPORTED and size 0
06-15 21:16:51.303   534   534 I AmzHdmiServiceCallback: power status is 3
06-15 21:17:05.642   534   534 I chatty  : uid=1000 system_server identical 2 lines
06-15 21:17:12.802   534   534 I AmzHdmiServiceCallback: power status is 3
06-15 21:17:13.076   534   553 I ActivityManager: Start proc 9559:com.amazon.prism.android.service/u0a119 for service com.amazon.prism.android.service/.configuration.synchronization.SyncRemoteConfigJobService
06-15 21:17:19.963   534   534 I AmzHdmiServiceCallback: power status is 3
06-15 21:17:25.544   534   553 I ActivityManager: Start proc 9595:com.amazon.dpcclient/u0a94 for service com.amazon.dpcclient/.action.ScheduledCookieConsentBroadcastAction
06-15 21:17:25.577   534  2480 I ActivityManager: Killing 8394:com.amazon.tv.livetv/u0a152 (adj 903): empty for 1804s
06-15 21:17:25.578   534  2480 I ActivityManager: Killing 8468:com.amazon.providers.tv/u0a122 (adj 903): empty for 1804s
06-15 21:17:25.578   534  2480 I ActivityManager: Killing 6568:com.amazon.prism.android.service:remote/u0a119 (adj 903): empty for 1804s
06-15 21:17:25.579   534  2480 I ActivityManager: Killing 6555:com.android.providers.tv/u0a55 (adj 903): empty for 1804s
06-15 21:17:25.602   534  2476 W AmzDisplayModeConverter: Display.Mode cannot be mapped to auto, please use getHighestPriorityMode to get a valid id
06-15 21:17:25.617   534  2476 W AmzDisplayModeConverter: Display.Mode cannot be mapped to auto, please use getHighestPriorityMode to get a valid id
06-15 21:17:25.623   534  2480 W AmzDisplayModeConverter: Display.Mode cannot be mapped to auto, please use getHighestPriorityMode to get a valid id
06-15 21:17:25.640   534  2480 W AmzDisplayModeConverter: Display.Mode cannot be mapped to auto, please use getHighestPriorityMode to get a valid id
06-15 21:17:27.143   534   534 I AmzHdmiServiceCallback: power status is 3
06-15 21:17:34.302   534   534 I AmzHdmiServiceCallback: power status is 3
06-15 21:17:36.065   534   534 W Looper  : Slow dispatch took 168ms main h=android.app.ActivityThread$H c=android.app.-$$Lambda$LoadedApk$ReceiverDispatcher$Args$_BumDX2UKsnxLVrE6UJsJZkotuA@8baf11e m=0
06-15 21:17:36.103   534   550 W VoiceInteractionManagerService: no available voice interaction services found for user 0
06-15 21:17:36.115   534   534 W Looper  : Slow delivery took 218ms main h=android.app.ActivityThread$H c=android.app.-$$Lambda$LoadedApk$ReceiverDispatcher$Args$_BumDX2UKsnxLVrE6UJsJZkotuA@e2605f6 m=0
06-15 21:17:36.120   534   534 I AmazonInputSwitchService: Received package installation event for com.amazon.tv.settings.v2
06-15 21:17:36.122   534   935 I AmazonProfileService: Store in mLaunchDataInfoMap activityKey: xxx activityName: xxx
06-15 21:17:36.123   534   935 I AmazonProfileService: Store in mLaunchDataInfoMap activityKey: xxx activityName: xxx
06-15 21:17:36.136   534   553 I ActivityManager: Start proc 9636:com.amazon.adep/u0a67 for broadcast com.amazon.adep/.nimh.device.management.SecurityEventReceiver
06-15 21:17:36.285   534   534 W Looper  : Drained
06-15 21:17:41.463   534   534 I AmzHdmiServiceCallback: power status is 3
06-15 21:17:48.623   534   534 I AmzHdmiServiceCallback: power status is 3
06-15 21:17:51.145   392   463 E storaged: getDiskStats failed with result NOT_SUPPORTED and size 0
06-15 21:17:55.803   534   534 I AmzHdmiServiceCallback: power status is 3
06-15 21:18:38.783   534   534 I chatty  : uid=1000 system_server identical 6 lines
06-15 21:18:45.943   534   534 I AmzHdmiServiceCallback: power status is 3
06-15 21:18:51.146   392   463 E storaged: getDiskStats failed with result NOT_SUPPORTED and size 0
06-15 21:18:53.103   534   534 I AmzHdmiServiceCallback: power status is 3
06-15 21:19:43.273   534   534 I chatty  : uid=1000 system_server identical 7 lines
06-15 21:19:50.433   534   534 I AmzHdmiServiceCallback: power status is 3
06-15 21:19:51.146   392   463 E storaged: getDiskStats failed with result NOT_SUPPORTED and size 0
06-15 21:19:57.592   534   534 I AmzHdmiServiceCallback: power status is 3
06-15 21:20:40.572   534   534 I chatty  : uid=1000 system_server identical 6 lines
06-15 21:20:47.752   534   534 I AmzHdmiServiceCallback: power status is 3
06-15 21:20:51.147   392   463 E storaged: getDiskStats failed with result NOT_SUPPORTED and size 0
06-15 21:20:54.912   534   534 I AmzHdmiServiceCallback: power status is 3
06-15 21:21:02.073   534   534 I chatty  : uid=1000 system_server identical 1 line
06-15 21:21:09.233   534   534 I AmzHdmiServiceCallback: power status is 3
06-15 21:21:09.357   370   370 I perfmonitord: Current status: 
06-15 21:21:09.357   370   370 I perfmonitord: Benefits string: 
06-15 21:21:09.357   370   370 E perfmonitord:StatUtil: Error of parsing benefits string
06-15 21:21:09.360   370   370 I perfmonitord:ProcessCpuMonitor: 
06-15 21:21:09.360   370   370 I perfmonitord:ProcessCpuMonitor: Process Name         PID   : CPU % 
06-15 21:21:09.360   370   370 I perfmonitord:ProcessCpuMonitor: 
06-15 21:21:09.360   370   370 I perfmonitord:ProcessCpuMonitor: ksmd                 26    : 1.85% 
06-15 21:21:09.360   370   370 I perfmonitord:ProcessCpuMonitor: system_server        534   : 0.66% 
06-15 21:21:09.360   370   370 I perfmonitord:ProcessCpuMonitor: .amazon.vizzini      1937  : 0.33% 
06-15 21:21:09.360   370   370 I perfmonitord:ProcessCpuMonitor: audio@2.0-servi      327   : 0.26% 
06-15 21:21:09.360   370   370 I perfmonitord:ProcessCpuMonitor: disp_osd2_irq_k      146   : 0.19% 
06-15 21:21:09.360   370   370 I perfmonitord:ProcessCpuMonitor: hdmi_timer_kthr      102   : 0.17% 
06-15 21:21:09.360   370   370 I perfmonitord:ProcessCpuMonitor: com.amazon.whad      1978  : 0.15% 
06-15 21:21:09.360   370   370 I perfmonitord:ProcessCpuMonitor: hif_thread           256   : 0.14% 
06-15 21:21:09.360   370   370 I perfmonitord:ProcessCpuMonitor: perfmonitord         370   : 0.13% 
06-15 21:21:09.360   370   370 I perfmonitord:ProcessCpuMonitor: disp_osd1_irq_k      145   : 0.11% 
06-15 21:21:09.360   370   370 I perfmonitord:StatUtil: CPUUtilization is at 1%
06-15 21:21:09.361   370   370 I perfmonitord:StatUtil: MemoryUtilization is at 67%
06-15 21:21:10.370   370   370 I perfmonitord: Current status: 
06-15 21:21:10.370   370   370 I perfmonitord: Benefits string: 
06-15 21:21:10.370   370   370 E perfmonitord:StatUtil: Error of parsing benefits string
06-15 21:21:10.372   370   370 I perfmonitord:ProcessMemMonitor: drmserver            379   : 1474 
06-15 21:21:10.372   370   370 I perfmonitord:ProcessMemMonitor: /system/bin/incidentd 382   : 743  
06-15 21:21:11.376   370   370 E perfmonitord:StatUtil: file open error is - Permission denied
06-15 21:21:11.376   370   370 I chatty  : uid=0(root) /system/bin/perfmonitord identical 5 lines
06-15 21:21:11.376   370   370 E perfmonitord:StatUtil: file open error is - Permission denied
06-15 21:21:11.377   370   370 I perfmonitord: Current status: 
06-15 21:21:11.377   370   370 I perfmonitord: Benefits string: 
06-15 21:21:11.377   370   370 E perfmonitord:StatUtil: Error of parsing benefits string
06-15 21:21:11.379   370   370 I perfmonitord:SystemMemMonitor: mem_total = 922272 Kb
06-15 21:21:11.379   370   370 I perfmonitord:SystemMemMonitor: mem_free = 54168 Kb
06-15 21:21:11.379   370   370 I perfmonitord:SystemMemMonitor: mem_available = 304180 Kb
06-15 21:21:11.379   370   370 I perfmonitord:SystemMemMonitor: mem_buffers = 6056 Kb
06-15 21:21:11.379   370   370 I perfmonitord:SystemMemMonitor: mem_cached = 370956 Kb
06-15 21:21:11.379   370   370 I perfmonitord:SystemMemMonitor: mem_active_anon = 98232 Kb
06-15 21:21:11.379   370   370 I perfmonitord:SystemMemMonitor: mem_inactive_anon = 96504 Kb
06-15 21:21:11.379   370   370 I perfmonitord:SystemMemMonitor: mem_active_file = 159924 Kb
06-15 21:21:11.379   370   370 I perfmonitord:SystemMemMonitor: mem_inactive_file = 149784 Kb
06-15 21:21:11.379   370   370 I perfmonitord:SystemMemMonitor: mem_swap_total = 393212 Kb
06-15 21:21:11.379   370   370 I perfmonitord:SystemMemMonitor: mem_swap_free = 210792 Kb
06-15 21:21:11.379   370   370 I perfmonitord:SystemMemMonitor: mem_swap_uncompressed = 182420 Kb
06-15 21:21:11.379   370   370 I perfmonitord:SystemMemMonitor: zram_mem_used_kb = 68008 Kb
06-15 21:21:11.379   370   370 I perfmonitord:SystemMemMonitor: mem_shmem = 340 Kb
06-15 21:21:11.379   370   370 I perfmonitord:SystemMemMonitor: mem_s_unreclaim = 42988 Kb
06-15 21:21:11.379   370   370 I perfmonitord:SystemMemMonitor: mem_kernel_stack = 13480 Kb
06-15 21:21:11.379   370   370 I perfmonitord:SystemMemMonitor: mem_page_tables = 31184 Kb
06-15 21:21:11.379   370   370 I perfmonitord:SystemMemMonitor: mem_other_free = 24540 Kb
06-15 21:21:11.379   370   370 I perfmonitord:SystemMemMonitor: mem_other_file = 309180 Kb
06-15 21:21:11.379   370   370 I perfmonitord:SystemMemMonitor: mem_ksm_pages_sharing = 0 Kb
06-15 21:21:11.379   370   370 I perfmonitord:SystemMemMonitor: mem_ksm_overhead = 0 Kb
06-15 21:21:11.379   370   370 I perfmonitord:SystemMemMonitor: mem_ksm_saving = 0 Kb
06-15 21:21:11.380   370   370 I perfmonitord:SystemMemMonitor: lmk_kills_backup = 0
06-15 21:21:11.380   370   370 I perfmonitord:SystemMemMonitor: lmk_kills_fg = 0
06-15 21:21:11.380   370   370 I perfmonitord:SystemMemMonitor: lmk_kills_other = 0
06-15 21:21:11.380   370   370 I perfmonitord:SystemMemMonitor: lmk_kills_perceptible = 0
06-15 21:21:11.380   370   370 I perfmonitord:SystemMemMonitor: lmk_kills_persistent = 0
06-15 21:21:11.380   370   370 I perfmonitord:SystemMemMonitor: lmk_kills_visible = 0
06-15 21:21:16.413   534   534 I AmzHdmiServiceCallback: power status is 3
06-15 21:21:16.443   370  9769 I perfmonitord:ProcessRssMonitor: 
06-15 21:21:16.443   370  9769 I perfmonitord:ProcessRssMonitor: Process Name         PID   : RSS(kb)    RSWAP(kb)  Total RSS  
06-15 21:21:16.443   370  9769 I perfmonitord:ProcessRssMonitor: 
06-15 21:21:16.444   370  9769 I perfmonitord:ProcessRssMonitor: system_server        534   : 169544     11668      181212    
06-15 21:21:17.444   370  9769 I perfmonitord:ProcessRssMonitor: .amazon.venezia      8807  : 126080     5492       131572    
06-15 21:21:18.444   370  9769 I perfmonitord:ProcessRssMonitor: zon.tv.launcher      2814  : 102100     11956      114056    
06-15 21:21:19.444   370  9769 I perfmonitord:ProcessRssMonitor: .tv.settings.v2      7465  : 104996     5644       110640    
06-15 21:21:20.444   370  9769 I perfmonitord:ProcessRssMonitor: .amazon.vizzini      1937  : 95292      8956       104248    
06-15 21:21:21.444   370  9769 I perfmonitord:ProcessRssMonitor: com.amazon.adep      9636  : 93508      5716       99224     
06-15 21:21:22.445   370  9769 I perfmonitord:ProcessRssMonitor: .bueller.photos      3363  : 88828      9512       98340     
06-15 21:21:23.445   370  9769 I perfmonitord:ProcessRssMonitor: .amazon.ceviche      7762  : 91092      5728       96820     
06-15 21:21:23.574   534   534 I AmzHdmiServiceCallback: power status is 3
06-15 21:21:24.445   370  9769 I perfmonitord:ProcessRssMonitor: storage.manager      8775  : 84264      5784       90048     
06-15 21:21:25.445   370  9769 I perfmonitord:ProcessRssMonitor: ce.crashmanager      9446  : 83668      5756       89424     
06-15 21:21:26.445   370  9769 I perfmonitord:ProcessRssMonitor: android.service      9559  : 83056      5836       88892     
06-15 21:21:27.445   370  9769 I perfmonitord:ProcessRssMonitor: mazon.dpcclient      9595  : 80600      5872       86472     
06-15 21:21:28.446   370  9769 I perfmonitord:ProcessRssMonitor: ce.software.ota      9481  : 80564      5876       86440     
06-15 21:21:29.446   370  9769 I perfmonitord:ProcessRssMonitor: device.services      1081  : 72048      7340       79388     
06-15 21:21:30.446   370  9769 I perfmonitord:ProcessRssMonitor: iders.downloads      8946  : 73416      5968       79384     
06-15 21:21:30.732   534   534 I AmzHdmiServiceCallback: power status is 3
06-15 21:21:31.446   370  9769 I perfmonitord:ProcessRssMonitor: om.amazon.diode      3245  : 71460      7164       78624     
06-15 21:21:32.446   370  9769 I perfmonitord:ProcessRssMonitor: id.proxyhandler      2858  : 64980      6420       71400     
06-15 21:21:33.447   370  9769 I perfmonitord:ProcessRssMonitor: om.amazon.tcomm      1953  : 59556      8260       67816     
06-15 21:21:34.447   370  9769 I perfmonitord:ProcessRssMonitor: nk.core.android      8926  : 50900      7708       58608     
06-15 21:21:35.447   370  9769 I perfmonitord:ProcessRssMonitor: .client.metrics      1520  : 50104      8132       58236     
06-15 21:21:36.447   370  9769 I perfmonitord:ProcessRssMonitor: evice.messaging      1491  : 47920      10056      57976     
06-15 21:21:37.447   370  9769 I perfmonitord:ProcessRssMonitor: com.amazon.imp       1195  : 47020      6852       53872     
06-15 21:21:37.892   534   534 I AmzHdmiServiceCallback: power status is 3
06-15 21:21:38.447   370  9769 I perfmonitord:ProcessRssMonitor: n.middleware.np      6506  : 35812      17088      52900     
06-15 21:21:39.448   370  9769 I perfmonitord:ProcessRssMonitor: m.amazon.tv.ime      1061  : 36356      14740      51096     
06-15 21:21:40.448   370  9769 I perfmonitord:ProcessRssMonitor: s.sdk.ftve.addp      18540 : 39652      8700       48352     
06-15 21:21:41.448   370  9769 I perfmonitord:ProcessRssMonitor: com.amazon.whad      1978  : 38148      8648       46796     
06-15 21:21:42.448   370  9769 I perfmonitord:ProcessRssMonitor: yer.runtime.ftv      4466  : 29480      16388      45868     
06-15 21:21:43.448   370  9769 I perfmonitord:ProcessRssMonitor: ivitycontroller      2453  : 28944      13728      42672     
06-15 21:21:44.448   370  9769 I perfmonitord:ProcessRssMonitor: droid.bluetooth      1045  : 32112      8688       40800     
06-15 21:21:45.053   534   534 I AmzHdmiServiceCallback: power status is 3
06-15 21:21:45.449   370  9769 I perfmonitord:ProcessRssMonitor: .rdmapplication      2559  : 25868      12580      38448     
06-15 21:21:46.449   370  9769 I perfmonitord:ProcessRssMonitor: id.ext.services      1478  : 23384      8836       32220     
06-15 21:21:47.449   370  9769 I perfmonitord:ProcessRssMonitor: main                 290   : 21080      7340       28420     
06-15 21:21:48.449   370  9769 I perfmonitord:ProcessRssMonitor: ryconfigservice      2735  : 18604      8008       26612     
06-15 21:21:49.449   370  9769 I perfmonitord:ProcessRssMonitor: n.systemnotices      5786  : 17512      7600       25112     
06-15 21:21:50.450   370  9769 I perfmonitord:ProcessRssMonitor: webview_zygote       1096  : 12672      10908      23580     
06-15 21:21:51.148   392   463 E storaged: getDiskStats failed with result NOT_SUPPORTED and size 0
06-15 21:21:51.450   370  9769 I perfmonitord:ProcessRssMonitor: audio@2.0-servi      327   : 2448       6496       8944      
06-15 21:21:52.233   534   534 I AmzHdmiServiceCallback: power status is 3
06-15 21:21:52.450   370  9769 I perfmonitord:ProcessRssMonitor: logd                 214   : 7608       1052       8660      
06-15 21:21:53.450   370  9769 I perfmonitord:ProcessRssMonitor: surfaceflinger       341   : 2880       3576       6456      
06-15 21:21:54.450   370  9769 I perfmonitord:ProcessRssMonitor: audioserver          338   : 2832       3244       6076      
06-15 21:21:55.450   370  9769 I perfmonitord:ProcessRssMonitor: wpa_supplicant       1035  : 4372       608        4980      
06-15 21:21:56.451   370  9769 I perfmonitord:ProcessRssMonitor: mediaserver          389   : 2752       2104       4856      
06-15 21:21:57.451   370  9769 I perfmonitord:ProcessRssMonitor: mediaextractor       387   : 2820       1976       4796      
06-15 21:21:58.451   370  9769 I perfmonitord:ProcessRssMonitor: omx@1.0-service      395   : 2440       2344       4784      
06-15 21:21:59.392   534   534 I AmzHdmiServiceCallback: power status is 3
06-15 21:21:59.451   370  9769 I perfmonitord:ProcessRssMonitor: v.devicecontrol      1637  : 4052       712        4764      
06-15 21:22:00.451   370  9769 I perfmonitord:ProcessRssMonitor: storaged             392   : 4264       464        4728      
06-15 21:22:01.452   370  9769 I perfmonitord:ProcessRssMonitor: cameraserver         378   : 2944       1496       4440      
06-15 21:22:02.452   370  9769 I perfmonitord:ProcessRssMonitor: mediametrics         388   : 3000       1384       4384      
06-15 21:22:03.452   370  9769 I perfmonitord:ProcessRssMonitor: keystore             384   : 3772       604        4376      
06-15 21:22:04.452   370  9769 I perfmonitord:ProcessRssMonitor: drmserver            379   : 2832       1420       4252      
06-15 21:22:05.452   370  9769 I perfmonitord:ProcessRssMonitor: /system/bin/installd 383   : 3028       1064       4092      
06-15 21:22:06.453   370  9769 I perfmonitord:ProcessRssMonitor: composer@2.1-se      317   : 2572       1488       4060      
06-15 21:22:06.552   534   534 I AmzHdmiServiceCallback: power status is 3
06-15 21:22:07.453   370  9769 I perfmonitord:ProcessRssMonitor: /system/bin/netd     289   : 3396       652        4048      
06-15 21:22:08.453   370  9769 I perfmonitord:ProcessRssMonitor: drm@1.1-service      314   : 3048       900        3948      
06-15 21:22:09.453   370  9769 I perfmonitord:ProcessRssMonitor: perfmonitord         370   : 3408       448        3856      
06-15 21:22:10.453   370  9769 I perfmonitord:ProcessRssMonitor: /system/bin/vold     220   : 3036       792        3828      
06-15 21:22:11.453   370  9769 I perfmonitord:ProcessRssMonitor: perfstatsd           366   : 2744       1008       3752      
06-15 21:22:12.454   370  9769 I perfmonitord:ProcessRssMonitor: avsyncservice        396   : 2512       1148       3660      
06-15 21:22:13.454   370  9769 I perfmonitord:ProcessRssMonitor: hwservicemanage      217   : 3084       496        3580      
06-15 21:22:13.712   534   534 I AmzHdmiServiceCallback: power status is 3
06-15 21:22:14.454   370  9769 I perfmonitord:ProcessRssMonitor: wificond             393   : 2964       612        3576      
06-15 21:22:15.454   370  9769 I perfmonitord:ProcessRssMonitor: /system/bin/statsd   391   : 2792       724        3516      
06-15 21:22:16.454   370  9769 I perfmonitord:ProcessRssMonitor: allocator@2.0-s      316   : 2432       992        3424      
06-15 21:22:17.455   370  9769 I perfmonitord:ProcessRssMonitor: /system/bin/amazonfiled 371   : 2660       676        3336      
06-15 21:22:18.455   370  9769 I perfmonitord:ProcessRssMonitor: cloud_pairing_s      260   : 2600       708        3308      
06-15 21:22:19.455   370  9769 I perfmonitord:ProcessRssMonitor: thermalserviced      342   : 2656       648        3304      
06-15 21:22:20.455   370  9769 I perfmonitord:ProcessRssMonitor: wifi@1.0-servic      325   : 2836       436        3272      
06-15 21:22:20.892   534   534 I AmzHdmiServiceCallback: power status is 3
06-15 21:22:21.455   370  9769 I perfmonitord:ProcessRssMonitor: /system/bin/incidentd 382   : 2544       684        3228      
06-15 21:22:22.455   370  9769 I perfmonitord:ProcessRssMonitor: provider@2.4-ex      307   : 2240       960        3200      
06-15 21:22:23.456   370  9769 I perfmonitord:ProcessRssMonitor: whad_cc              369   : 2588       612        3200      
06-15 21:22:24.456   370  9769 I perfmonitord:ProcessRssMonitor: amazonthermal@1      326   : 2260       932        3192      
06-15 21:22:25.456   370  9769 I perfmonitord:ProcessRssMonitor: mediadrmserver       386   : 2480       640        3120      
06-15 21:22:26.456   370  9769 I perfmonitord:ProcessRssMonitor: neo-init-runas       294   : 2676       392        3068      
06-15 21:22:27.456   370  9769 I perfmonitord:ProcessRssMonitor: keymaster@3.0-s      219   : 2536       516        3052      
06-15 21:22:28.052   534   534 I AmzHdmiServiceCallback: power status is 3
06-15 21:22:28.456   370  9769 I perfmonitord:ProcessRssMonitor: cec@1.0-service      323   : 2444       588        3032      
06-15 21:22:29.457   370  9769 I perfmonitord:ProcessRssMonitor: gatekeeperd          401   : 2232       784        3016      
06-15 21:22:30.457   370  9769 I perfmonitord:ProcessRssMonitor: inlocservice         262   : 2068       884        2952      
06-15 21:22:31.457   370  9769 I perfmonitord:ProcessRssMonitor: wlan_stats           1564  : 2392       536        2928      
06-15 21:22:32.457   370  9769 I perfmonitord:ProcessRssMonitor: hdcp@1.0-servic      331   : 2156       760        2916      
06-15 21:22:33.457   370  9769 I perfmonitord:ProcessRssMonitor: memtrack@1.0-se      319   : 2520       392        2912      
06-15 21:22:34.458   370  9769 I perfmonitord:ProcessRssMonitor: fireosdha@1.0-s      330   : 2248       664        2912      
06-15 21:22:35.212   534   534 I AmzHdmiServiceCallback: power status is 3
06-15 21:22:35.458   370  9769 I perfmonitord:ProcessRssMonitor: zon.dialservice      1638  : 2120       788        2908      
06-15 21:22:36.458   370  9769 I perfmonitord:ProcessRssMonitor: hdmitxinfo@1.0-      332   : 2436       448        2884      
06-15 21:22:37.458   370  9769 I perfmonitord:ProcessRssMonitor: bluetooth@1.0-s      305   : 2400       460        2860      
06-15 21:22:38.458   370  9769 I perfmonitord:ProcessRssMonitor: health@2.0-serv      318   : 2432       428        2860      
06-15 21:22:39.458   370  9769 I perfmonitord:ProcessRssMonitor: drmprov@1.0-ser      329   : 2260       592        2852      
06-15 21:22:40.459   370  9769 I perfmonitord:ProcessRssMonitor: hdmi@1.1-servic      400   : 2396       440        2836      
06-15 21:22:41.459   370  9769 I perfmonitord:ProcessRssMonitor: usb@1.1-service      324   : 2284       548        2832      
06-15 21:22:42.372   534   534 I AmzHdmiServiceCallback: power status is 3
06-15 21:22:42.459   370  9769 I perfmonitord:ProcessRssMonitor: idme@1.1-servic      333   : 2244       588        2832      
06-15 21:22:43.459   370  9769 I perfmonitord:ProcessRssMonitor: keymanage@1.0-s      335   : 2196       588        2784      
06-15 21:22:44.459   370  9769 I perfmonitord:ProcessRssMonitor: mediametrics@1.      334   : 2244       540        2784      
06-15 21:22:45.459   370  9769 I perfmonitord:ProcessRssMonitor: allocator@1.0-s      304   : 2300       480        2780      
06-15 21:22:46.460   370  9769 I perfmonitord:ProcessRssMonitor: servicemanager       216   : 2376       396        2772      
06-15 21:22:47.460   370  9769 I perfmonitord:ProcessRssMonitor: configstore@1.1      310   : 2252       480        2732      
06-15 21:22:48.460   370  9769 I perfmonitord:ProcessRssMonitor: logcat               7007  : 2404       324        2728      
06-15 21:22:49.460   370  9769 I perfmonitord:ProcessRssMonitor: drm@1.1-service      312   : 2068       648        2716      
06-15 21:22:49.533   534   534 I AmzHdmiServiceCallback: power status is 3
06-15 21:22:50.460   370  9769 I perfmonitord:ProcessRssMonitor: gatekeeper@1.0-      315   : 2136       576        2712      
06-15 21:22:51.148   392   463 E storaged: getDiskStats failed with result NOT_SUPPORTED and size 0
06-15 21:22:51.461   370  9769 I perfmonitord:ProcessRssMonitor: neo-service-coo      295   : 2292       408        2700      
06-15 21:22:52.461   370  9769 I perfmonitord:ProcessRssMonitor: networkpower@1.      328   : 2152       536        2688      
06-15 21:22:53.461   370  9769 I perfmonitord:ProcessRssMonitor: vndservicemanag      218   : 2144       536        2680      
06-15 21:22:54.461   370  9769 I perfmonitord:ProcessRssMonitor: securetime           399   : 2272       388        2660      
06-15 21:22:55.461   370  9769 I perfmonitord:ProcessRssMonitor: kisd                 264   : 2144       460        2604      
06-15 21:22:56.461   370  9769 I perfmonitord:ProcessRssMonitor: drm@1.1-service      313   : 1912       688        2600      
06-15 21:22:56.712   534   534 I AmzHdmiServiceCallback: power status is 3
06-15 21:22:57.462   370  9769 I perfmonitord:ProcessRssMonitor: integrity_logge      407   : 2256       312        2568      
06-15 21:22:58.462   370  9769 I perfmonitord:ProcessRssMonitor: leakrecoveryd        364   : 1948       568        2516      
06-15 21:22:59.462   370  9769 I perfmonitord:ProcessRssMonitor: rpmb_svc             418   : 2048       436        2484      
06-15 21:23:00.462   370  9769 I perfmonitord:ProcessRssMonitor: tombstoned           409   : 2068       376        2444      
06-15 21:23:01.462   370  9769 I perfmonitord:ProcessRssMonitor: iptables-restor      320   : 2128       288        2416      
06-15 21:23:02.463   370  9769 I perfmonitord:ProcessRssMonitor: ip6tables-resto      321   : 2104       288        2392      
06-15 21:23:03.463   370  9769 I perfmonitord:ProcessRssMonitor: lmkd                 215   : 2180       0          2180      
06-15 21:23:03.873   534   534 I AmzHdmiServiceCallback: power status is 3
06-15 21:23:04.463   370  9769 I perfmonitord:ProcessRssMonitor: init                 1     : 1236       900        2136      
06-15 21:23:05.463   370  9769 I perfmonitord:ProcessRssMonitor: drm@1.0-service      311   : 748        884        1632      
06-15 21:23:06.463   370  9769 I perfmonitord:ProcessRssMonitor: ueventd              192   : 776        308        1084      
06-15 21:23:07.463   370  9769 I perfmonitord:ProcessRssMonitor: init                 190   : 92         640        732       
06-15 21:23:08.464   370  9769 I perfmonitord:ProcessRssMonitor: init                 191   : 84         312        396       
06-15 21:23:09.464   370  9769 I perfmonitord:ProcessRssMonitor: watchdogd            336   : 180        128        308       
06-15 21:23:10.464   370  9769 I perfmonitord:ProcessRssMonitor: adbd                 363   : 28         172        200       
06-15 21:23:11.033   534   534 I AmzHdmiServiceCallback: power status is 3
06-15 21:23:39.693   534   534 I chatty  : uid=1000 system_server identical 4 lines
06-15 21:23:46.852   534   534 I AmzHdmiServiceCallback: power status is 3
06-15 21:23:51.149   392   463 E storaged: getDiskStats failed with result NOT_SUPPORTED and size 0
06-15 21:23:54.033   534   534 I AmzHdmiServiceCallback: power status is 3
06-15 21:24:37.012   534   534 I chatty  : uid=1000 system_server identical 6 lines
06-15 21:24:44.172   534   534 I AmzHdmiServiceCallback: power status is 3
06-15 21:24:51.150   392   463 E storaged: getDiskStats failed with result NOT_SUPPORTED and size 0
06-15 21:24:51.343   534   534 I AmzHdmiServiceCallback: power status is 3
06-15 21:25:41.503   534   534 I chatty  : uid=1000 system_server identical 7 lines
06-15 21:25:48.663   534   534 I AmzHdmiServiceCallback: power status is 3
06-15 21:25:51.150   392   463 E storaged: getDiskStats failed with result NOT_SUPPORTED and size 0
06-15 21:25:55.822   534   534 I AmzHdmiServiceCallback: power status is 3
06-15 21:26:38.802   534   534 I chatty  : uid=1000 system_server identical 6 lines
06-15 21:26:45.983   534   534 I AmzHdmiServiceCallback: power status is 3
06-15 21:26:51.151   392   463 E storaged: getDiskStats failed with result NOT_SUPPORTED and size 0
06-15 21:26:53.142   534   534 I AmzHdmiServiceCallback: power status is 3
06-15 21:27:43.303   534   534 I chatty  : uid=1000 system_server identical 7 lines
06-15 21:27:50.462   534   534 I AmzHdmiServiceCallback: power status is 3
06-15 21:27:51.152   392   463 E storaged: getDiskStats failed with result NOT_SUPPORTED and size 0
06-15 21:27:57.623   534   534 I AmzHdmiServiceCallback: power status is 3
06-15 21:28:19.123   534   534 I chatty  : uid=1000 system_server identical 3 lines
06-15 21:28:26.282   534   534 I AmzHdmiServiceCallback: power status is 3
06-15 21:28:31.873   534   550 I UsageStatsService: User[0] Flushing usage stats to disk
06-15 21:28:33.044   534   551 I ActivityManager: Killing 8807:com.amazon.venezia/u0a162 (adj 903): empty for 1837s
06-15 21:28:33.045   534   551 I ActivityManager: Killing 8775:com.amazon.storage.manager/u0a131 (adj 903): empty for 1850s
06-15 21:28:33.077   534  2482 W AmzDisplayModeConverter: Display.Mode cannot be mapped to auto, please use getHighestPriorityMode to get a valid id
06-15 21:28:33.088   534  2480 W AmzDisplayModeConverter: Display.Mode cannot be mapped to auto, please use getHighestPriorityMode to get a valid id
06-15 21:28:33.443   534   534 I AmzHdmiServiceCallback: power status is 3
06-15 21:28:40.602   534   534 I chatty  : uid=1000 system_server identical 1 line
06-15 21:28:47.782   534   534 I AmzHdmiServiceCallback: power status is 3
06-15 21:28:51.153   392   463 E storaged: getDiskStats failed with result NOT_SUPPORTED and size 0
06-15 21:28:54.942   534   534 I AmzHdmiServiceCallback: power status is 3
06-15 21:29:37.922   534   534 I chatty  : uid=1000 system_server identical 6 lines
06-15 21:29:45.103   534   534 I AmzHdmiServiceCallback: power status is 3
06-15 21:29:51.153   392   463 E storaged: getDiskStats failed with result NOT_SUPPORTED and size 0
06-15 21:29:52.262   534   534 I AmzHdmiServiceCallback: power status is 3
06-15 21:30:42.402   534   534 I chatty  : uid=1000 system_server identical 7 lines
06-15 21:30:49.583   534   534 I AmzHdmiServiceCallback: power status is 3
06-15 21:30:51.154   392   463 E storaged: getDiskStats failed with result NOT_SUPPORTED and size 0
06-15 21:30:56.743   534   534 I AmzHdmiServiceCallback: power status is 3
06-15 21:31:03.902   534   534 I AmzHdmiServiceCallback: power status is 3
06-15 21:31:10.755   370   370 I perfmonitord:StatUtil: CPUUtilization is at 1%
06-15 21:31:10.756   370   370 I perfmonitord:StatUtil: MemoryUtilization is at 65%
06-15 21:31:11.063   534   534 I AmzHdmiServiceCallback: power status is 3
06-15 21:31:39.732   534   534 I chatty  : uid=1000 system_server identical 4 lines
06-15 21:31:46.892   534   534 I AmzHdmiServiceCallback: power status is 3
06-15 21:31:51.155   392   463 E storaged: getDiskStats failed with result NOT_SUPPORTED and size 0
06-15 21:31:54.053   534   534 I AmzHdmiServiceCallback: power status is 3
06-15 21:32:37.042   534   534 I chatty  : uid=1000 system_server identical 6 lines
06-15 21:32:44.222   534   534 I AmzHdmiServiceCallback: power status is 3
06-15 21:32:51.155   392   463 E storaged: getDiskStats failed with result NOT_SUPPORTED and size 0
06-15 21:32:51.382   534   534 I AmzHdmiServiceCallback: power status is 3
06-15 21:33:41.522   534   534 I chatty  : uid=1000 system_server identical 7 lines
06-15 21:33:48.703   534   534 I AmzHdmiServiceCallback: power status is 3
06-15 21:33:51.156   392   463 E storaged: getDiskStats failed with result NOT_SUPPORTED and size 0
06-15 21:33:55.862   534   534 I AmzHdmiServiceCallback: power status is 3
06-15 21:34:38.842   534   534 I chatty  : uid=1000 system_server identical 6 lines
06-15 21:34:46.002   534   534 I AmzHdmiServiceCallback: power status is 3
06-15 21:34:51.156   392   463 E storaged: getDiskStats failed with result NOT_SUPPORTED and size 0
06-15 21:34:53.183   534   534 I AmzHdmiServiceCallback: power status is 3
06-15 21:35:43.332   534   534 I chatty  : uid=1000 system_server identical 7 lines
06-15 21:35:50.493   534   534 I AmzHdmiServiceCallback: power status is 3
06-15 21:35:51.157   392   463 E storaged: getDiskStats failed with result NOT_SUPPORTED and size 0
06-15 21:35:57.653   534   534 I AmzHdmiServiceCallback: power status is 3
06-15 21:36:40.652   534   534 I chatty  : uid=1000 system_server identical 6 lines
06-15 21:36:47.813   534   534 I AmzHdmiServiceCallback: power status is 3
06-15 21:36:51.158   392   463 E storaged: getDiskStats failed with result NOT_SUPPORTED and size 0
06-15 21:36:54.972   534   534 I AmzHdmiServiceCallback: power status is 3
06-15 21:37:01.402   534   553 I ActivityManager: Start proc 10175:com.amazon.tv.livetv/u0a152 for service com.amazon.tv.livetv/androidx.work.impl.background.systemjob.SystemJobService
06-15 21:37:02.132   534   534 I AmzHdmiServiceCallback: power status is 3
06-15 21:37:02.286   534  2077 I AmazonProfileService: Registering callback
06-15 21:37:02.293   534   553 I ActivityManager: Start proc 10222:com.android.providers.tv/u0a55 for content provider com.android.providers.tv/.TvProvider
06-15 21:37:02.321   534   553 I ActivityManager: Start proc 10239:com.amazon.prism.android.service:remote/u0a119 for service com.amazon.prism.android.service/.PrismService
06-15 21:37:02.821   534   553 I ActivityManager: Start proc 10307:com.amazon.providers.tv/u0a122 for content provider com.amazon.providers.tv/.FireTvProvider
06-15 21:37:09.313   534   534 I AmzHdmiServiceCallback: power status is 3
06-15 21:37:37.972   534   534 I chatty  : uid=1000 system_server identical 4 lines
06-15 21:37:45.132   534   534 I AmzHdmiServiceCallback: power status is 3
06-15 21:37:51.159   392   463 E storaged: getDiskStats failed with result NOT_SUPPORTED and size 0
06-15 21:37:52.293   534   534 I AmzHdmiServiceCallback: power status is 3
06-15 21:38:42.442   534   534 I chatty  : uid=1000 system_server identical 7 lines
06-15 21:38:49.603   534   534 I AmzHdmiServiceCallback: power status is 3
06-15 21:38:51.160   392   463 E storaged: getDiskStats failed with result NOT_SUPPORTED and size 0
06-15 21:38:56.782   534   534 I AmzHdmiServiceCallback: power status is 3
06-15 21:39:39.763   534   534 I chatty  : uid=1000 system_server identical 6 lines
06-15 21:39:46.923   534   534 I AmzHdmiServiceCallback: power status is 3
06-15 21:39:51.160   392   463 E storaged: getDiskStats failed with result NOT_SUPPORTED and size 0
06-15 21:39:54.103   534   534 I AmzHdmiServiceCallback: power status is 3
06-15 21:40:37.082   534   534 I chatty  : uid=1000 system_server identical 6 lines
06-15 21:40:44.243   534   534 I AmzHdmiServiceCallback: power status is 3
06-15 21:40:44.831   534   624 W ActivityManager: Background start not allowed: service Intent { act=com.android.providers.tv.intent.CLEAN_UP_EPG_DATA flg=0x4 cmp=com.android.providers.tv/.EpgDataCleanupService (has extras) } to com.android.providers.tv/.EpgDataCleanupService from pid=-1 uid=10055 pkg=com.android.providers.tv startFg?=false
06-15 21:40:51.161   392   463 E storaged: getDiskStats failed with result NOT_SUPPORTED and size 0
06-15 21:40:51.402   534   534 I AmzHdmiServiceCallback: power status is 3
06-15 21:40:58.583   534   534 I chatty  : uid=1000 system_server identical 1 line
06-15 21:41:05.743   534   534 I AmzHdmiServiceCallback: power status is 3
06-15 21:41:12.080   370   370 I perfmonitord:StatUtil: CPUUtilization is at 0%
06-15 21:41:12.081   370   370 I perfmonitord:StatUtil: MemoryUtilization is at 67%
06-15 21:41:12.902   534   534 I AmzHdmiServiceCallback: power status is 3
06-15 21:41:41.562   534   534 I chatty  : uid=1000 system_server identical 4 lines
06-15 21:41:48.723   534   534 I AmzHdmiServiceCallback: power status is 3
06-15 21:41:51.162   392   463 E storaged: getDiskStats failed with result NOT_SUPPORTED and size 0
06-15 21:41:55.903   534   534 I AmzHdmiServiceCallback: power status is 3
06-15 21:42:38.892   534   534 I chatty  : uid=1000 system_server identical 6 lines
06-15 21:42:46.052   534   534 I AmzHdmiServiceCallback: power status is 3
06-15 21:42:51.162   392   463 E storaged: getDiskStats failed with result NOT_SUPPORTED and size 0
06-15 21:42:53.212   534   534 I AmzHdmiServiceCallback: power status is 3
06-15 21:43:43.362   534   534 I chatty  : uid=1000 system_server identical 7 lines
06-15 21:43:50.523   534   534 I AmzHdmiServiceCallback: power status is 3
06-15 21:43:51.163   392   463 E storaged: getDiskStats failed with result NOT_SUPPORTED and size 0
06-15 21:43:57.703   534   534 I AmzHdmiServiceCallback: power status is 3
06-15 21:44:12.022   534   534 I chatty  : uid=1000 system_server identical 2 lines
06-15 21:44:19.182   534   534 I AmzHdmiServiceCallback: power status is 3
06-15 21:44:22.979   534   555 E BatteryExternalStatsWorker: no controller energy info supplied for wifi
06-15 21:44:22.982   534   555 E BatteryExternalStatsWorker: no controller energy info supplied for telephony
06-15 21:44:26.363   534   534 I AmzHdmiServiceCallback: power status is 3
06-15 21:44:40.682   534   534 I chatty  : uid=1000 system_server identical 2 lines
06-15 21:44:47.842   534   534 I AmzHdmiServiceCallback: power status is 3
06-15 21:44:51.164   392   463 E storaged: getDiskStats failed with result NOT_SUPPORTED and size 0
06-15 21:44:55.012   534   534 I AmzHdmiServiceCallback: power status is 3
06-15 21:45:38.012   534   534 I chatty  : uid=1000 system_server identical 6 lines
06-15 21:45:45.173   534   534 I AmzHdmiServiceCallback: power status is 3
06-15 21:45:51.164   392   463 E storaged: getDiskStats failed with result NOT_SUPPORTED and size 0
06-15 21:45:52.333   534   534 I AmzHdmiServiceCallback: power status is 3
06-15 21:45:55.716   534   534 I ActivityManager: Killing 9446:com.amazon.device.crashmanager/u0a15 (adj 903): empty for 1802s
06-15 21:45:55.742   534  2484 W AmzDisplayModeConverter: Display.Mode cannot be mapped to auto, please use getHighestPriorityMode to get a valid id
06-15 21:45:59.503   534   534 I AmzHdmiServiceCallback: power status is 3
06-15 21:46:35.323   534   534 I chatty  : uid=1000 system_server identical 5 lines
06-15 21:46:42.482   534   534 I AmzHdmiServiceCallback: power status is 3
06-15 21:46:45.297   534  2077 I ActivityManager: Killing 8946:com.android.providers.downloads/u0a32 (adj 903): empty for 1842s
06-15 21:46:45.322   534  2484 W AmzDisplayModeConverter: Display.Mode cannot be mapped to auto, please use getHighestPriorityMode to get a valid id
06-15 21:46:49.663   534   534 I AmzHdmiServiceCallback: power status is 3
06-15 21:46:51.165   392   463 E storaged: getDiskStats failed with result NOT_SUPPORTED and size 0
06-15 21:46:56.823   534   534 I AmzHdmiServiceCallback: power status is 3
06-15 21:47:39.812   534   534 I chatty  : uid=1000 system_server identical 6 lines
06-15 21:47:46.972   534   534 I AmzHdmiServiceCallback: power status is 3
06-15 21:47:51.166   392   463 E storaged: getDiskStats failed with result NOT_SUPPORTED and size 0
06-15 21:47:54.133   534   534 I AmzHdmiServiceCallback: power status is 3
06-15 21:48:22.802   534   534 I chatty  : uid=1000 system_server identical 4 lines
06-15 21:48:29.963   534   534 I AmzHdmiServiceCallback: power status is 3
06-15 21:48:34.328   534   551 I ActivityManager: Killing 9595:com.amazon.dpcclient/u0a94 (adj 903): empty for 1868s
06-15 21:48:34.329   534   551 I ActivityManager: Killing 9559:com.amazon.prism.android.service/u0a119 (adj 903): empty for 1880s
06-15 21:48:34.360   534  2502 W AmzDisplayModeConverter: Display.Mode cannot be mapped to auto, please use getHighestPriorityMode to get a valid id
06-15 21:48:34.369   534  2489 W AmzDisplayModeConverter: Display.Mode cannot be mapped to auto, please use getHighestPriorityMode to get a valid id
06-15 21:48:34.378   534  2484 I ActivityManager: Killing 7465:com.amazon.tv.settings.v2/u0a161 (adj 903): empty for 1868s
06-15 21:48:34.395   534  2502 E AmazonHdmiService: Settings client binder died.
06-15 21:48:34.398   534  2489 W AmzDisplayModeConverter: Display.Mode cannot be mapped to auto, please use getHighestPriorityMode to get a valid id
06-15 21:48:37.123   534   534 I AmzHdmiServiceCallback: power status is 3
06-15 21:48:44.282   534   534 I AmzHdmiServiceCallback: power status is 3
06-15 21:48:51.166   392   463 E storaged: getDiskStats failed with result NOT_SUPPORTED and size 0
06-15 21:48:51.462   534   534 I AmzHdmiServiceCallback: power status is 3
06-15 21:49:41.603   534   534 I chatty  : uid=1000 system_server identical 7 lines
06-15 21:49:48.762   534   534 I AmzHdmiServiceCallback: power status is 3
06-15 21:49:51.167   392   463 E storaged: getDiskStats failed with result NOT_SUPPORTED and size 0
06-15 21:49:55.942   534   534 I AmzHdmiServiceCallback: power status is 3
06-15 21:50:38.912   534   534 I chatty  : uid=1000 system_server identical 6 lines
06-15 21:50:46.093   534   534 I AmzHdmiServiceCallback: power status is 3
06-15 21:50:51.168   392   463 E storaged: getDiskStats failed with result NOT_SUPPORTED and size 0
06-15 21:50:53.252   534   534 I AmzHdmiServiceCallback: power status is 3
06-15 21:51:00.413   534   534 I chatty  : uid=1000 system_server identical 1 line
06-15 21:51:07.573   534   534 I AmzHdmiServiceCallback: power status is 3
06-15 21:51:13.404   370   370 I perfmonitord:StatUtil: CPUUtilization is at 1%
06-15 21:51:13.404   370   370 I perfmonitord:StatUtil: MemoryUtilization is at 64%
06-15 21:51:14.752   534   534 I AmzHdmiServiceCallback: power status is 3
06-15 21:51:43.412   534   534 I chatty  : uid=1000 system_server identical 4 lines
06-15 21:51:50.573   534   534 I AmzHdmiServiceCallback: power status is 3
06-15 21:51:51.168   392   463 E storaged: getDiskStats failed with result NOT_SUPPORTED and size 0
06-15 21:51:57.732   534   534 I AmzHdmiServiceCallback: power status is 3
06-15 21:52:40.722   534   534 I chatty  : uid=1000 system_server identical 6 lines
06-15 21:52:47.882   534   534 I AmzHdmiServiceCallback: power status is 3
06-15 21:52:51.169   392   463 E storaged: getDiskStats failed with result NOT_SUPPORTED and size 0
06-15 21:52:55.062   534   534 I AmzHdmiServiceCallback: power status is 3
06-15 21:53:38.043   534   534 I chatty  : uid=1000 system_server identical 6 lines
06-15 21:53:45.202   534   534 I AmzHdmiServiceCallback: power status is 3
06-15 21:53:51.170   392   463 E storaged: getDiskStats failed with result NOT_SUPPORTED and size 0
06-15 21:53:52.363   534   534 I AmzHdmiServiceCallback: power status is 3
06-15 21:54:42.523   534   534 I chatty  : uid=1000 system_server identical 7 lines
06-15 21:54:49.682   534   534 I AmzHdmiServiceCallback: power status is 3
06-15 21:54:51.170   392   463 E storaged: getDiskStats failed with result NOT_SUPPORTED and size 0
06-15 21:54:56.862   534   534 I AmzHdmiServiceCallback: power status is 3
06-15 21:55:39.832   534   534 I chatty  : uid=1000 system_server identical 6 lines
06-15 21:55:47.013   534   534 I AmzHdmiServiceCallback: power status is 3
06-15 21:55:51.171   392   463 E storaged: getDiskStats failed with result NOT_SUPPORTED and size 0
06-15 21:55:54.173   534   534 I AmzHdmiServiceCallback: power status is 3
06-15 21:56:37.162   534   534 I chatty  : uid=1000 system_server identical 6 lines
06-15 21:56:44.323   534   534 I AmzHdmiServiceCallback: power status is 3
06-15 21:56:51.172   392   463 E storaged: getDiskStats failed with result NOT_SUPPORTED and size 0
06-15 21:56:51.482   534   534 I AmzHdmiServiceCallback: power status is 3
06-15 21:56:58.642   534   534 I AmzHdmiServiceCallback: power status is 3
06-15 21:57:02.422   534   550 I UsageStatsService: User[0] Flushing usage stats to disk
06-15 21:57:05.822   534   534 I AmzHdmiServiceCallback: power status is 3
06-15 21:57:34.473   534   534 I chatty  : uid=1000 system_server identical 4 lines
06-15 21:57:41.632   534   534 I AmzHdmiServiceCallback: power status is 3
06-15 21:57:46.888   534   553 I ActivityManager: Start proc 10852:com.amazon.venezia/u0a162 for service com.amazon.venezia/com.amazon.sdk.availability.UploadMeasurementsSyncAdapter$SyncAdapterService
06-15 21:57:48.813   534   534 I AmzHdmiServiceCallback: power status is 3
06-15 21:57:50.032   534  2083 I ActivityManager: Killing 9636:com.amazon.adep/u0a67 (adj 903): empty for 2413s
06-15 21:57:50.061   534  2068 W AmzDisplayModeConverter: Display.Mode cannot be mapped to auto, please use getHighestPriorityMode to get a valid id
06-15 21:57:51.172   392   463 E storaged: getDiskStats failed with result NOT_SUPPORTED and size 0
06-15 21:57:55.078   534   553 I ActivityManager: Start proc 10981:com.android.providers.downloads/u0a32 for content provider com.android.providers.downloads/.DownloadProvider
06-15 21:57:55.202   534  2068 I ActivityManager: Killing 9481:com.amazon.device.software.ota/u0a24 (adj 903): empty for 2231s
06-15 21:57:55.226   534  2479 W AmzDisplayModeConverter: Display.Mode cannot be mapped to auto, please use getHighestPriorityMode to get a valid id
06-15 21:57:55.973   534   534 I AmzHdmiServiceCallback: power status is 3
06-15 21:58:38.953   534   534 I chatty  : uid=1000 system_server identical 6 lines
06-15 21:58:46.122   534   534 I AmzHdmiServiceCallback: power status is 3
06-15 21:58:51.173   392   463 E storaged: getDiskStats failed with result NOT_SUPPORTED and size 0
06-15 21:58:53.282   534   534 I AmzHdmiServiceCallback: power status is 3
06-15 21:59:43.443   534   534 I chatty  : uid=1000 system_server identical 7 lines
06-15 21:59:50.603   534   534 I AmzHdmiServiceCallback: power status is 3
06-15 21:59:51.174   392   463 E storaged: getDiskStats failed with result NOT_SUPPORTED and size 0
06-15 21:59:57.762   534   534 I AmzHdmiServiceCallback: power status is 3
06-15 22:00:40.763   534   534 I chatty  : uid=1000 system_server identical 6 lines
06-15 22:00:47.923   534   534 I AmzHdmiServiceCallback: power status is 3
06-15 22:00:51.175   392   463 E storaged: getDiskStats failed with result NOT_SUPPORTED and size 0
06-15 22:00:55.082   534   534 I AmzHdmiServiceCallback: power status is 3
06-15 22:01:02.243   534   534 I chatty  : uid=1000 system_server identical 1 line
06-15 22:01:09.422   534   534 I AmzHdmiServiceCallback: power status is 3
06-15 22:01:14.730   370   370 I perfmonitord:StatUtil: CPUUtilization is at 1%
06-15 22:01:14.731   370   370 I perfmonitord:StatUtil: MemoryUtilization is at 66%
06-15 22:01:16.582   534   534 I AmzHdmiServiceCallback: power status is 3
06-15 22:01:38.082   534   534 I chatty  : uid=1000 system_server identical 3 lines
06-15 22:01:45.243   534   534 I AmzHdmiServiceCallback: power status is 3
